******************************************************************************
                  TI ARM Linker PC v5.1.6                      
******************************************************************************
>> Linked Tue Jul 01 09:55:04 2014

OUTPUT FILE NAME:   <tcpEcho_TivaTM4C1294NCPDT.out>
ENTRY POINT SYMBOL: "_c_int00"  address: 0001a385


MEMORY CONFIGURATION

         name            origin    length      used     unused   attr    fill
----------------------  --------  ---------  --------  --------  ----  --------
  FLASH                 00000000   00100000  00026b1c  000d94e4  R  X
  SRAM                  20000000   00040000  00024370  0001bc90  RW X


SEGMENT ALLOCATION MAP

run origin  load origin   length   init length attrs members
----------  ----------- ---------- ----------- ----- -------
00000000    00000000    00026b20   00026b20    r-x
  00000000    00000000    0000003c   0000003c    r-- .resetVecs
  0000003c    0000003c    0002008c   0002008c    r-x .text
  000200c8    000200c8    00006424   00006424    r-- .const
  000264f0    000264f0    00000630   00000630    r-- .cinit
20000000    20000000    00000360   00000000    rw-
  20000000    20000000    00000360   00000000    rw- .vecs
20000380    20000380    00024010   00000000    rw-
  20000380    20000380    00023308   00000000    rw- .bss
  20023688    20023688    00000908   00000000    rw- .data
  20023f90    20023f90    00000400   00000000    rw- .stack


SECTION ALLOCATION MAP

 output                                  attributes/
section   page    origin      length       input sections
--------  ----  ----------  ----------   ----------------
.bootVecs 
*          0    00000000    00000008     DSECT
                  00000000    00000008     boot.aem4f : boot.oem4f (.bootVecs)

.resetVecs 
*          0    00000000    0000003c     
                  00000000    0000003c     tcpEcho_pem4f.oem4f (.resetVecs)

xdc.meta   0    00000000    000000f3     COPY SECTION
                  00000000    000000f3     tcpEcho_pem4f.oem4f (xdc.meta)

.init_array 
*          0    00000000    00000000     UNINITIALIZED

.text      0    0000003c    0002008c     
                  0000003c    00001388     ti.net.cyassl.aem4f : sha.oem4f (.text:Transform)
                  000013c4    00000bd4     stk.aem4f : tcpin.oem4f (.text:TcpInput)
                  00001f98    000008a8               : tcpout.oem4f (.text:TcpOutput)
                  00002840    0000086c     ti.net.cyassl.aem4f : md5.oem4f (.text:Transform)
                  000030ac    0000051e                         : sha256.oem4f (.text:Transform)
                  000035ca    00000002     hal_userled_stub.aem4f : llled.oem4f (.text:LED_TOGGLE)
                  000035cc    0000050c     ti.net.cyassl.aem4f : ssl.oem4f (.text:ProcessBuffer)
                  00003ad8    00000424     sysbios.aem4f : BIOS.obj (.text:ti_sysbios_family_arm_m3_Hwi_excDumpRegs__I)
                  00003efc    00000420     ti.net.cyassl.aem4f : ssl.oem4f (.text:PemToDer)
                  0000431c    00000400                         : aes.oem4f (.text:AesSetKeyLocal)
                  0000471c    000003fc     stk.aem4f : ipout.oem4f (.text:IPTxPacket)
                  00004b18    000003d4     tcpEcho.obj (.text:tcpHandler)
                  00004eec    000003d0     ti.net.cyassl.aem4f : aes.oem4f (.text:AesDecrypt)
                  000052bc    000003d0                         : aes.oem4f (.text:AesEncrypt)
                  0000568c    000003ca                         : asn.oem4f (.text:GetName)
                  00005a56    00000002     stk.aem4f : nat.oem4f (.text:NatMsg)
                  00005a58    000003bc     ti.net.cyassl.aem4f : internal.oem4f (.text:InitSSL)
                  00005e14    00000390     stk.aem4f : ipin.oem4f (.text:IPRxPacket)
                  000061a4    00000384     ti.net.cyassl.aem4f : tfm.oem4f (.text:fp_div)
                  00006528    0000033c     ti.targets.arm.rtsarm.aem4f : System.oem4f (.text:xdc_runtime_System_doPrint__I)
                  00006864    00000318     ti.net.cyassl.aem4f : internal.oem4f (.text:DoCertificate)
                  00006b7c    00000300     sysbios.aem4f : BIOS.obj (.text:ti_sysbios_knl_Semaphore_pend__E)
                  00006e7c    000002f4     ti.net.cyassl.aem4f : internal.oem4f (.text:ProcessReply)
                  00007170    000002e8                         : tfm.oem4f (.text:fp_invmod_slow)
                  00007458    000002d4     rtsv7M4_T_le_v4SPD16_eabi.lib : trgdrv.obj (.text)
                  0000772c    000002d4     sysbios.aem4f : BIOS.obj (.text:ti_sysbios_knl_Task_Instance_finalize__E)
                  00007a00    000002bc     ti.net.cyassl.aem4f : internal.oem4f (.text:DoClientHello)
                  00007cbc    000002bc                         : internal.oem4f (.text:DoClientKeyExchange)
                  00007f78    0000026f     stk.aem4f : sock.oem4f (.text:SockSet)
                  000081e7    00000001     --HOLE-- [fill = 0]
                  000081e8    00000248               : ipfrag.oem4f (.text:IPReasm)
                  00008430    00000248     sysbios.aem4f : BIOS.obj (.text:ti_sysbios_family_arm_lm4_Timer_start__E)
                  00008678    00000248                   : BIOS.obj (.text:ti_sysbios_heaps_HeapMem_free__E)
                  000088c0    00000234     stk.aem4f : icmpin.oem4f (.text:ICMPInput)
                  00008af4    00000234     sysbios.aem4f : BIOS.obj (.text:ti_sysbios_heaps_HeapMem_alloc__E)
                  00008d28    00000226     ti.net.cyassl.aem4f : internal.oem4f (.text:SendClientKeyExchange)
                  00008f4e    00000002                         : io.oem4f (.text:TranslateReturnCode)
                  00008f50    00000224                         : internal.oem4f (.text:ProcessOldClientHello)
                  00009174    00000224                         : tfm.oem4f (.text:fp_invmod)
                  00009398    0000021c     stk.aem4f : udp.oem4f (.text:UdpInput)
                  000095b4    0000020c     sysbios.aem4f : BIOS.obj (.text:ti_sysbios_family_arm_m3_Hwi_excHandlerMax__I)
                  000097c0    00000204     Boot.aem4f : Boot_sysctl.oem4f (.text:ti_catalog_arm_cortexm4_tiva_ce_Boot_sysCtlClockFreqSetI__I)
                  000099c4    00000202     ti.net.cyassl.aem4f : asn.oem4f (.text:DecodeCertExtensions)
                  00009bc6    00000200     stk.aem4f : sock.oem4f (.text:SockRecv)
                  00009dc6    00000002     os.aem4f : task.oem4f (.text:_TaskInit)
                  00009dc8    000001fc     sysbios.aem4f : BIOS.obj (.text:ti_sysbios_knl_Task_sleep__E)
                  00009fc4    000001f8     ti.net.cyassl.aem4f : keys.oem4f (.text:SetCipherSpecs)
                  0000a1bc    000001f4     rtsv7M4_T_le_v4SPD16_eabi.lib : ull_div_t2.obj (.text)
                  0000a3b0    000001e4     sysbios.aem4f : BIOS.obj (.text:ti_sysbios_knl_Task_Instance_init__E)
                  0000a594    000001b8     emac_tivaware.aem4f : EMACSnow.oem4f (.text:EMACSnow_NIMUInit)
                  0000a74c    000001b4     stk.aem4f : lliout.oem4f (.text:LLITxIpPacket)
                  0000a900    000001ac               : lliin.oem4f (.text:LLIRxPacket)
                  0000aaac    000001a4     ti.net.cyassl.aem4f : keys.oem4f (.text:SetKeys)
                  0000ac50    00000198     os.aem4f : mem.oem4f (.text:mmAlloc)
                  0000ade8    00000194     stk.aem4f : sock.oem4f (.text:SockNew)
                  0000af7c    00000194     sysbios.aem4f : BIOS.obj (.text:ti_sysbios_knl_Task_setPri__E)
                  0000b110    00000190     stk.aem4f : igmp.oem4f (.text:IGMPInput)
                  0000b2a0    0000018c     ti.net.cyassl.aem4f : rsa.oem4f (.text:RsaFunction)
                  0000b42c    00000180                         : internal.oem4f (.text:InitSuites)
                  0000b5ac    0000017a                         : internal.oem4f (.text:SendClientHello)
                  0000b726    00000176                         : internal.oem4f (.text:DoHandShakeMsgType)
                  0000b89c    00000174                         : internal.oem4f (.text:DoServerHello)
                  0000ba10    00000174                         : tfm.oem4f (.text:fp_sqr_comba)
                  0000bb84    00000170     stk.aem4f : rtc.oem4f (.text:RTCReport)
                  0000bcf4    0000016e     ti.net.cyassl.aem4f : ssl.oem4f (.text:CyaSSL_accept)
                  0000be62    0000016c                         : internal.oem4f (.text:CipherRequires)
                  0000bfce    00000002     os.aem4f : task.oem4f (.text:_TaskShutdown)
                  0000bfd0    00000168     ti.net.cyassl.aem4f : internal.oem4f (.text:SendCertificateVerify)
                  0000c138    00000168     sysbios.aem4f : BIOS.obj (.text:ti_sysbios_family_arm_m3_Hwi_excBusFault__I)
                  0000c2a0    00000166     stk.aem4f : sb.oem4f (.text:SBRead)
                  0000c406    00000002     hal_ser_stub.aem4f : llserstb.oem4f (.text:_llSerialServiceCheck)
                  0000c408    00000164     stk.aem4f : sock.oem4f (.text:SockConnect)
                  0000c56c    00000160     ti.net.cyassl.aem4f : asn.oem4f (.text:ParseCertRelative)
                  0000c6cc    0000015c                         : ssl.oem4f (.text:AddSession)
                  0000c828    00000154                         : des3.oem4f (.text:DesRawProcessBlock)
                  0000c97c    0000014c                         : asn.oem4f (.text:ConfirmNameConstraints)
                  0000cac8    0000014c                         : asn.oem4f (.text:gmtime)
                  0000cc14    00000148                         : internal.oem4f (.text:SSL_hmac)
                  0000cd5c    00000148     sysbios.aem4f : BIOS.obj (.text:ti_sysbios_family_arm_m3_Hwi_dispatchC__I)
                  0000cea4    00000148                   : BIOS.obj (.text:ti_sysbios_family_arm_m3_Hwi_excUsageFault__I)
                  0000cfec    00000144     stk.aem4f : bind.oem4f (.text:BindNew)
                  0000d130    00000144     netctrl_min_ipv4.aem4f : netctrl.oem4f (.text:NC_NetStart)
                  0000d274    00000144     sysbios.aem4f : BIOS.obj (.text:ti_sysbios_knl_Semaphore_post__E)
                  0000d3b8    00000140     ti.net.cyassl.aem4f : asn.oem4f (.text:ConfirmSignature)
                  0000d4f8    00000140     stk.aem4f : tcp.oem4f (.text:TcpTimeoutCheck)
                  0000d638    00000140     sysbios.aem4f : BIOS.obj (.text:ti_sysbios_knl_Clock_workFunc__E)
                  0000d778    0000013e     stk.aem4f : sock.oem4f (.text:SockSend)
                  0000d8b6    00000002     hal_ser_stub.aem4f : llserstb.oem4f (.text:_llSerialShutdown)
                  0000d8b8    0000013c     nettool_ipv4.aem4f : config.oem4f (.text:CfgAddEntry)
                  0000d9f4    0000013c     ti.net.cyassl.aem4f : asn.oem4f (.text:SetAlgoID)
                  0000db30    00000138                         : ssl.oem4f (.text:AddCA)
                  0000dc68    00000138     sysbios.aem4f : BIOS.obj (.text:ti_sysbios_heaps_HeapMem_Instance_init__E)
                  0000dda0    00000138                   : BIOS.obj (.text:ti_sysbios_knl_Task_exit__E)
                  0000ded8    00000134                   : BIOS.obj (.text:ti_sysbios_family_arm_m3_Hwi_excMemFault__I)
                  0000e00c    00000130     ti.net.cyassl.aem4f : des3.oem4f (.text:DesSetKey)
                  0000e13c    00000130     driverlib.lib : gpio.obj (.text:GPIOPadConfigSet)
                  0000e26c    0000012e     ti.net.cyassl.aem4f : internal.oem4f (.text:BuildMessage)
                  0000e39a    0000012e                         : ssl.oem4f (.text:CyaSSL_connect)
                  0000e4c8    0000012e                         : asn.oem4f (.text:DecodeAltNames)
                  0000e5f6    00000002     hal_userled_stub.aem4f : llled.oem4f (.text:_llUserLedInit)
                  0000e5f8    0000012c     EK_TM4C1294XL.obj (.text:EK_TM4C1294XL_initEMAC)
                  0000e724    0000012c     stk.aem4f : icmp.oem4f (.text:ICMPGenPacket)
                  0000e850    0000012c     tcpEcho.obj (.text:main)
                  0000e97c    00000128     sysbios.aem4f : BIOS.obj (.text:ti_sysbios_knl_Swi_run__I)
                  0000eaa4    00000124     ti.net.cyassl.aem4f : coding.oem4f (.text:Base64_Decode)
                  0000ebc8    00000124     stk.aem4f : udp.oem4f (.text:UdpOutput)
                  0000ecec    00000124     tcpEcho_pem4f.oem4f (.text:ti_ndk_config_Global_stackThread)
                  0000ee10    00000124     sysbios.aem4f : BIOS.obj (.text:ti_sysbios_knl_Clock_Instance_init__E)
                  0000ef34    00000120     nettool_ipv4.aem4f : dhcpmain.oem4f (.text:DHCPOpen)
                  0000f054    00000120     stk.aem4f : sockpcb.oem4f (.text:SockPcbResolve)
                  0000f174    00000120     ti.net.cyassl.aem4f : tfm.oem4f (.text:fp_mul_comba)
                  0000f294    00000120     tcpEcho.obj (.text:tcpWorker)
                  0000f3b4    00000120     ti.targets.arm.rtsarm.aem4f : Error.oem4f (.text:xdc_runtime_Error_policyDefault__E)
                  0000f4d4    0000011c     stk.aem4f : tcpout.oem4f (.text:TcpGenPacket)
                  0000f5f0    0000011c     ti.net.cyassl.aem4f : tfm.oem4f (.text:fp_montgomery_reduce)
                  0000f70c    0000011a                         : internal.oem4f (.text:VerifyMac)
                  0000f826    00000002     hal_userled_stub.aem4f : llled.oem4f (.text:_llUserLedShutdown)
                  0000f828    00000118     stk.aem4f : sockint.oem4f (.text:SockNotify)
                  0000f940    00000116     ti.net.cyassl.aem4f : internal.oem4f (.text:DoCertificateVerify)
                  0000fa56    00000002     hal_ser_stub.aem4f : llserstb.oem4f (.text:llSerialService)
                  0000fa58    00000114     ti.net.cyassl.aem4f : tfm.oem4f (.text:_fp_exptmod)
                  0000fb6c    00000114     sysbios.aem4f : BIOS.obj (.text:ti_sysbios_knl_Task_schedule__I)
                  0000fc80    00000110     stk.aem4f : node.oem4f (.text:NodeTreeFree)
                  0000fd90    0000010e               : nimu.oem4f (.text:NIMUIoctl)
                  0000fe9e    00000002     tcpEcho_pem4f.oem4f (.text:ti_ndk_config_Global_NetworkClose)
                  0000fea0    0000010c     stk.aem4f : igmp.oem4f (.text:IGMPSendReply)
                  0000ffac    0000010c     ti.net.cyassl.aem4f : keys.oem4f (.text:MakeSslMasterSecret)
                  000100b8    0000010c     stk.aem4f : route.oem4f (.text:RtCreate)
                  000101c4    0000010c               : rtable.oem4f (.text:RtFind)
                  000102d0    0000010a     ti.net.cyassl.aem4f : tls.oem4f (.text:p_hash)
                  000103da    00000002     tcpEcho_pem4f.oem4f (.text:ti_ndk_config_Global_NetworkOpen)
                  000103dc    00000104     stk.aem4f : raw.oem4f (.text:RawInput)
                  000104e0    00000104     ti.targets.arm.rtsarm.aem4f : Core-mem.oem4f (.text:xdc_runtime_Core_createObject__I)
                  000105e4    00000104     tcpEcho_pem4f.oem4f (.text:xdc_runtime_System_printfExtend__I)
                  000106e8    00000102     ti.net.cyassl.aem4f : internal.oem4f (.text:DoCertificateRequest)
                  000107ea    00000002     tcpEcho_pem4f.oem4f (.text:ti_ndk_config_global_taskCreateHook)
                  000107ec    000000fc     netctrl_min_ipv4.aem4f : netctrl.oem4f (.text:NetScheduler)
                  000108e8    000000fc     sysbios.aem4f : BIOS.obj (.text:ti_sysbios_knl_Task_postInit__I)
                  000109e4    000000fc                   : BIOS.obj (.text:ti_sysbios_knl_Task_startCore__E)
                  00010ae0    000000fc     ti.targets.arm.rtsarm.aem4f : Startup.oem4f (.text:xdc_runtime_Startup_startMods__I)
                  00010bdc    000000f8     emac_tivaware.aem4f : EMACSnow.oem4f (.text:EMACSnow_emacStart)
                  00010cd4    000000f8     stk.aem4f : pipe.oem4f (.text:PipeRecv)
                  00010dcc    000000f8     ti.net.cyassl.aem4f : internal.oem4f (.text:TimingPadVerify)
                  00010ec4    000000f4     stk.aem4f : lliout.oem4f (.text:LLIGenArpPacket)
                  00010fb8    000000f4     os.aem4f : task.oem4f (.text:llEnter)
                  000110ac    000000f4     sysbios.aem4f : m3_Hwi_asm.obj (.text:ti_sysbios_family_arm_m3_Hwi_dispatch__I)
                  000111a0    000000ee     stk.aem4f : sock.oem4f (.text:SockClose)
                  0001128e    000000ec     ti.net.cyassl.aem4f : asn.oem4f (.text:DecodeCrlDist)
                  0001137a    000000ec                         : internal.oem4f (.text:SendData)
                  00011466    000000e0     nettool_ipv4.aem4f : dhcpsock.oem4f (.text:dhcpSocketOpen)
                  00011546    00000002     tcpEcho_pem4f.oem4f (.text:ti_ndk_config_global_taskExitHook)
                  00011548    000000dc     ti.net.cyassl.aem4f : ssl.oem4f (.text:GetSession)
                  00011624    000000dc     sysbios.aem4f : BIOS.obj (.text:ti_sysbios_knl_Swi_Instance_init__E)
                  00011700    000000d8     ti.net.cyassl.aem4f : internal.oem4f (.text:InitSSL_Ctx)
                  000117d8    000000d8     stk.aem4f : node.oem4f (.text:NodeAdd)
                  000118b0    000000d8               : sb.oem4f (.text:SBWrite)
                  00011988    000000d8               : sockpcb.oem4f (.text:SockPcbBind)
                  00011a60    000000d8     nettool_ipv4.aem4f : dhcppkt.oem4f (.text:dhcpPacketProcess)
                  00011b38    000000d8                        : dhcpsm.oem4f (.text:dhcpState)
                  00011c10    000000d6     ti.net.cyassl.aem4f : keys.oem4f (.text:DeriveKeys)
                  00011ce6    000000d6                         : internal.oem4f (.text:SendServerHello)
                  00011dbc    000000d5     stk.aem4f : nimu.oem4f (.text:NIMUReceivePacket)
                  00011e91    00000001     --HOLE-- [fill = 0]
                  00011e92    00000002     tcpEcho_pem4f.oem4f (.text:ti_sysbios_BIOS_nullFunc__I)
                  00011e94    000000d4     emac_tivaware.aem4f : EMACSnow.oem4f (.text:EMACSnow_handleRx)
                  00011f68    000000d4     ti.net.cyassl.aem4f : internal.oem4f (.text:SendFinished)
                  0001203c    000000d4     stk.aem4f : tcpprot.oem4f (.text:TcpPrSetOption)
                  00012110    000000d4               : tcptime.oem4f (.text:TcpTimeoutRexmt)
                  000121e4    000000d4     ti.net.cyassl.aem4f : tls.oem4f (.text:doPRF)
                  000122b8    000000d4     sysbios.aem4f : BIOS.obj (.text:ti_sysbios_family_arm_lm4_TimestampProvider_get32__E)
                  0001238c    000000d4                   : BIOS.obj (.text:ti_sysbios_family_arm_m3_Hwi_postInit__I)
                  00012460    000000d2     ti.net.cyassl.aem4f : asn.oem4f (.text:ValidateDate)
                  00012532    000000ce                         : internal.oem4f (.text:SendCertificate)
                  00012600    000000cc     stk.aem4f : rawethsock.oem4f (.text:RawEthSockNew)
                  000126cc    000000cc     nettool_ipv4.aem4f : dhcpbild.oem4f (.text:dhcpBuildHeader)
                  00012798    000000cc                        : dhcpsm.oem4f (.text:dhcpIPAdd)
                  00012864    000000cc     ti.targets.arm.rtsarm.aem4f : Core-smem.oem4f (.text:xdc_runtime_Core_constructObject__I)
                  00012930    000000ca     nettool_ipv4.aem4f : dhcppkt.oem4f (.text:dhcpVerifyMessage)
                  000129fa    000000c8     ti.net.cyassl.aem4f : asn.oem4f (.text:RsaPrivateKeyDecode)
                  00012ac2    00000002     sysbios.aem4f : BIOS.obj (.text:ti_sysbios_gates_GateHwi_Instance_init__E)
                  00012ac4    000000c4     emac_tivaware.aem4f : EMACSnow.oem4f (.text:EMACSnow_InitDMADescriptors)
                  00012b88    000000c4     ti.net.cyassl.aem4f : asn.oem4f (.text:GetDate)
                  00012c4c    000000c4     stk.aem4f : icmp.oem4f (.text:ICMPSendRtAdv)
                  00012d10    000000c4               : igmp.oem4f (.text:IGMPJoinHostGroup)
                  00012dd4    000000c4     netctrl_min_ipv4.aem4f : netsrv.oem4f (.text:SPIpNet)
                  00012e98    000000c4     ti.net.cyassl.aem4f : tfm.oem4f (.text:s_fp_sub)
                  00012f5c    000000c4     sysbios.aem4f : BIOS.obj (.text:ti_sysbios_knl_Task_unblockI__E)
                  00013020    000000c0     nettool_ipv4.aem4f : dhcpsm.oem4f (.text:StateBound)
                  000130e0    000000bc     ti.net.cyassl.aem4f : hmac.oem4f (.text:HmacFinal)
                  0001319c    000000bc     stk.aem4f : sockpcb.oem4f (.text:SockPcbFind)
                  00013258    000000bc     os.aem4f : task.oem4f (.text:TaskGetEnv)
                  00013314    000000ba     ti.net.cyassl.aem4f : internal.oem4f (.text:DoHelloRequest)
                  000133ce    000000ba     stk.aem4f : icmpin.oem4f (.text:ICMPRevSrcRoute)
                  00013488    000000b8     EK_TM4C1294XL.obj (.text:EK_TM4C1294XL_initGeneral)
                  00013540    000000b8     ti.net.cyassl.aem4f : internal.oem4f (.text:SendCertificateRequest)
                  000135f8    000000b8     os.aem4f : task.oem4f (.text:TaskSetEnv)
                  000136b0    000000b8     ti.net.cyassl.aem4f : tfm.oem4f (.text:s_fp_add)
                  00013768    000000b6                         : asn.oem4f (.text:InitDecodedCert)
                  0001381e    000000b6                         : internal.oem4f (.text:VerifyServerSuite)
                  000138d4    000000b4                         : hmac.oem4f (.text:HmacSetKey)
                  00013988    000000b4                         : asn.oem4f (.text:MatchBaseName)
                  00013a3c    000000b4     sysbios.aem4f : BIOS.obj (.text:ti_sysbios_family_arm_lm4_Timer_enableTiva__I)
                  00013af0    000000b4                   : BIOS.obj (.text:ti_sysbios_gates_GateMutex_enter__E)
                  00013ba4    000000b4                   : BIOS.obj (.text:ti_sysbios_knl_Swi_post__E)
                  00013c58    000000b4                   : BIOS.obj (.text:ti_sysbios_knl_Task_checkStacks__E)
                  00013d0c    000000b2     ti.net.cyassl.aem4f : internal.oem4f (.text:SSL_ResourceFree)
                  00013dbe    000000b0                         : asn.oem4f (.text:GetCertHeader)
                  00013e6e    000000b0     stk.aem4f : rawethsock.oem4f (.text:RawEthSockSet)
                  00013f1e    000000b0     ti.net.cyassl.aem4f : sha256.oem4f (.text:Sha256Final)
                  00013fce    00000002     tcpEcho_pem4f.oem4f (.text:xdc_runtime_Startup_reset__I)
                  00013fd0    000000b0     stk.aem4f : sockint.oem4f (.text:SockCreatePacket)
                  00014080    000000b0               : lli.oem4f (.text:_LLITimeoutCheck)
                  00014130    000000b0     sysbios.aem4f : BIOS.obj (.text:ti_sysbios_family_arm_lm4_Timer_Module_startup__E)
                  000141e0    000000b0                   : BIOS.obj (.text:ti_sysbios_family_arm_lm4_Timer_enableTimers__I)
                  00014290    000000b0                   : BIOS.obj (.text:ti_sysbios_family_arm_m3_Hwi_excHardFault__I)
                  00014340    000000ae     ti.net.cyassl.aem4f : tfm.oem4f (.text:fp_div_2d)
                  000143ee    00000002     --HOLE-- [fill = 0]
                  000143f0    000000ac     stk.aem4f : rtable.oem4f (.text:RtTimeoutCheck)
                  0001449c    000000aa     ti.net.cyassl.aem4f : internal.oem4f (.text:SendAlert)
                  00014546    000000aa                         : sha.oem4f (.text:ShaFinal)
                  000145f0    000000a8                         : internal.oem4f (.text:GetInputData)
                  00014698    000000a8     stk.aem4f : tcptime.oem4f (.text:TcpTimeoutKeep)
                  00014740    000000a8     sysbios.aem4f : BIOS.obj (.text:ti_sysbios_knl_Task_blockI__E)
                  000147e8    000000a6     ti.net.cyassl.aem4f : internal.oem4f (.text:BuildCertHashes)
                  0001488e    000000a6                         : internal.oem4f (.text:ReceiveData)
                  00014934    000000a6                         : internal.oem4f (.text:SendServerKeyExchange)
                  000149da    00000002     --HOLE-- [fill = 0]
                  000149dc    000000a4     stk.aem4f : vlan.oem4f (.text:VLANDeinit)
                  00014a80    000000a4     sysbios.aem4f : BIOS.obj (.text:ti_sysbios_family_arm_m3_Hwi_excDebugMon__I)
                  00014b24    000000a2     ti.net.cyassl.aem4f : asn.oem4f (.text:GetAlgoId)
                  00014bc6    00000002     --HOLE-- [fill = 0]
                  00014bc8    000000a0     auto_init.aem4f : auto_init.oem4f (.text)
                  00014c68    000000a0     sysbios.aem4f : BIOS.obj (.text:ti_sysbios_family_arm_m3_Hwi_Instance_init__E)
                  00014d08    0000009e     ti.net.cyassl.aem4f : internal.oem4f (.text:MatchSuite)
                  00014da6    00000002     --HOLE-- [fill = 0]
                  00014da8    0000009c     stk.aem4f : exec.oem4f (.text:ExecOpen)
                  00014e44    0000009c     ti.net.cyassl.aem4f : internal.oem4f (.text:MatchDomainName)
                  00014ee0    0000009c     netctrl_min_ipv4.aem4f : netsrv.oem4f (.text:ServiceScan)
                  00014f7c    0000009c     rtsv7M4_T_le_v4SPD16_eabi.lib : memcpy_t2.obj (.text)
                  00015018    0000009c     sysbios.aem4f : BIOS.obj (.text:ti_sysbios_family_arm_lm4_Timer_setNextTick__E)
                  000150b4    0000009c                   : BIOS.obj (.text:ti_sysbios_knl_Semaphore_Instance_init__E)
                  00015150    0000009a     ti.net.cyassl.aem4f : keys.oem4f (.text:StoreKeys)
                  000151ea    0000009a                         : asn.oem4f (.text:ToTraditional)
                  00015284    0000009a     ti.targets.arm.rtsarm.aem4f : Text.oem4f (.text:xdc_runtime_Text_putSite__E)
                  0001531e    00000002     --HOLE-- [fill = 0]
                  00015320    00000099     stk.aem4f : nimu.oem4f (.text:NIMUAddEthernetHeader)
                  000153b9    00000001     --HOLE-- [fill = 0]
                  000153ba    00000098     ti.net.cyassl.aem4f : asn.oem4f (.text:DecodeAuthInfo)
                  00015452    00000002     --HOLE-- [fill = 0]
                  00015454    00000098     stk.aem4f : ip.oem4f (.text:IPGetRoute)
                  000154ec    00000098     netctrl_min_ipv4.aem4f : netctrl.oem4f (.text:NC_SystemOpen)
                  00015584    00000098     sysbios.aem4f : BIOS.obj (.text:ti_sysbios_knl_Clock_startI__E)
                  0001561c    00000094     nettool_ipv4.aem4f : config.oem4f (.text:CfgExecute)
                  000156b0    00000094                        : config.oem4f (.text:CfgRemoveEntry)
                  00015744    00000094     ti.net.cyassl.aem4f : asn.oem4f (.text:GetKey)
                  000157d8    00000094     Boot.aem4f : Boot.oem4f (.text:ti_catalog_arm_cortexm4_tiva_ce_Boot_sysCtlClockFreqSet__E)
                  0001586c    00000094     ti.targets.arm.rtsarm.aem4f : Text.oem4f (.text:xdc_runtime_Text_putMod__E)
                  00015900    00000092     ti.net.cyassl.aem4f : internal.oem4f (.text:BuildFinished)
                  00015992    00000002     --HOLE-- [fill = 0]
                  00015994    00000090                         : tls.oem4f (.text:BuildTlsFinished)
                  00015a24    00000090     stk.aem4f : igmp.oem4f (.text:IGMPMsg)
                  00015ab4    00000090     nettool_ipv4.aem4f : mytime.oem4f (.text:MYTIME_init)
                  00015b44    00000090     stk.aem4f : sockpcb.oem4f (.text:SockPcbCtlError)
                  00015bd4    00000090     os.aem4f : mem.oem4f (.text:_mmInit)
                  00015c64    00000090     nettool_ipv4.aem4f : dhcpbild.oem4f (.text:dhcpBuildRequest)
                  00015cf4    0000008e     ti.net.cyassl.aem4f : asn.oem4f (.text:DecodeSubtree)
                  00015d82    0000008e                         : tfm.oem4f (.text:fp_mul_2d)
                  00015e10    0000008c                         : des3.oem4f (.text:FPERM)
                  00015e9c    0000008c                         : des3.oem4f (.text:IPERM)
                  00015f28    0000008c                         : md5.oem4f (.text:Md5Final)
                  00015fb4    0000008c                         : internal.oem4f (.text:SendBuffered)
                  00016040    0000008c     os.aem4f : mem.oem4f (.text:mmBulkAlloc)
                  000160cc    0000008c              : mem.oem4f (.text:mmInitPage)
                  00016158    0000008c     sysbios.aem4f : m3_TaskSupport_asm.obj (.text:ti_sysbios_family_arm_m3_TaskSupport_buildTaskStack)
                  000161e4    0000008a     ti.net.cyassl.aem4f : internal.oem4f (.text:GrowInputBuffer)
                  0001626e    0000008a     netctrl_min_ipv4.aem4f : netsrv.oem4f (.text:SPRoute)
                  000162f8    0000008a     ti.net.cyassl.aem4f : tfm.oem4f (.text:fp_div_2)
                  00016382    0000008a                         : tfm.oem4f (.text:fp_mod_2d)
                  0001640c    0000008a                         : tfm.oem4f (.text:fp_mul_d)
                  00016496    00000088                         : asn.oem4f (.text:DecodeAuthKeyId)
                  0001651e    00000088                         : internal.oem4f (.text:DoServerKeyExchange)
                  000165a6    00000088                         : internal.oem4f (.text:GrowOutputBuffer)
                  0001662e    00000088                         : rsa.oem4f (.text:RsaPad)
                  000166b6    00000002     --HOLE-- [fill = 0]
                  000166b8    00000088     sysbios.aem4f : BIOS.obj (.text:ti_sysbios_family_arm_m3_Hwi_initNVIC__E)
                  00016740    00000086     nettool_ipv4.aem4f : dhcpsm.oem4f (.text:StateRequesting)
                  000167c6    00000084     ti.net.cyassl.aem4f : internal.oem4f (.text:DoFinished)
                  0001684a    00000002     --HOLE-- [fill = 0]
                  0001684c    00000084     stk.aem4f : tcpprot.oem4f (.text:TcpPrAttach)
                  000168d0    00000084     os.aem4f : mem.oem4f (.text:mmBulkFree)
                  00016954    00000084     sysbios.aem4f : BIOS.obj (.text:ti_sysbios_knl_Task_Module_startup__E)
                  000169d8    00000082     ti.net.cyassl.aem4f : asn.oem4f (.text:DateGreaterThan)
                  00016a5a    00000082     stk.aem4f : fileuser.oem4f (.text:fdClose)
                  00016adc    00000080     ti.net.cyassl.aem4f : asn.oem4f (.text:DecodeNameConstraints)
                  00016b5c    00000080                         : internal.oem4f (.text:GetRecordHeader)
                  00016bdc    00000080     netctrl_min_ipv4.aem4f : netsrv.oem4f (.text:NS_BootTask)
                  00016c5c    00000080     stk.aem4f : pbm.oem4f (.text:PBM_alloc)
                  00016cdc    00000080               : raw.oem4f (.text:RawOutput)
                  00016d5c    00000080     netctrl_min_ipv4.aem4f : netsrv.oem4f (.text:ServiceSpawn)
                  00016ddc    00000080     nettool_ipv4.aem4f : dhcpsm.oem4f (.text:StateRenewRebind)
                  00016e5c    00000080     os.aem4f : mem.oem4f (.text:mmFree)
                  00016edc    0000007f     ti.net.cyassl.aem4f : keys.oem4f (.text:SetPrefix)
                  00016f5b    00000001     --HOLE-- [fill = 0]
                  00016f5c    0000007f     tcpEcho_pem4f.oem4f (.text:ti_ndk_config_Global_NetworkIPAddr)
                  00016fdb    00000001     --HOLE-- [fill = 0]
                  00016fdc    0000007e     os.aem4f : semaphore.oem4f (.text:SemCreateBinary)
                  0001705a    00000002     --HOLE-- [fill = 0]
                  0001705c    0000007c     nettool_ipv4.aem4f : config.oem4f (.text:CfgGetEntry)
                  000170d8    0000007c                        : config.oem4f (.text:CfgGetNextEntry)
                  00017154    0000007c     emac_tivaware.aem4f : EMACSnow.oem4f (.text:EMACSnow_processPendingTx)
                  000171d0    0000007c                         : EMACSnow.oem4f (.text:EMACSnow_processPhyInterrupt)
                  0001724c    0000007c     stk.aem4f : ip.oem4f (.text:IPMsg)
                  000172c8    0000007c               : pbm.oem4f (.text:PBM_free)
                  00017344    0000007a     ti.net.cyassl.aem4f : asn.oem4f (.text:GetInt)
                  000173be    0000007a     stk.aem4f : socket.oem4f (.text:NDK_send)
                  00017438    00000078     ti.net.cyassl.aem4f : asn.oem4f (.text:DecodeExtKeyUsage)
                  000174b0    00000078     driverlib.lib : emac.obj (.text:EMACInit)
                  00017528    00000078     stk.aem4f : lli.oem4f (.text:LLINew)
                  000175a0    00000078               : socket.oem4f (.text:NDK_sendto)
                  00017618    00000078               : nimu.oem4f (.text:NIMURegister)
                  00017690    00000078               : sock.oem4f (.text:SockAccept)
                  00017708    00000078     rtsv7M4_T_le_v4SPD16_eabi.lib : memset_t2.obj (.text)
                  00017780    00000077     stk.aem4f : fileuser.oem4f (.text:fdOpenSession)
                  000177f7    00000001     --HOLE-- [fill = 0]
                  000177f8    00000076               : igmp.oem4f (.text:IGMPDoMCast)
                  0001786e    00000076               : socket.oem4f (.text:NDK_setsockopt)
                  000178e4    00000076     ti.net.cyassl.aem4f : tls.oem4f (.text:PRF)
                  0001795a    00000002     --HOLE-- [fill = 0]
                  0001795c    00000074                         : internal.oem4f (.text:BuildSHA)
                  000179d0    00000074                         : des3.oem4f (.text:Des3ProcessBlock)
                  00017a44    00000074     stk.aem4f : socket.oem4f (.text:NDK_recv)
                  00017ab8    00000074               : pipe.oem4f (.text:PipeSend)
                  00017b2c    00000074               : raweth.oem4f (.text:RawEthRxPacket)
                  00017ba0    00000074               : sockpcb.oem4f (.text:SockPcbConnect)
                  00017c14    00000074               : tcptime.oem4f (.text:TcpXmitTimer)
                  00017c88    00000074     nettool_ipv4.aem4f : dhcptags.oem4f (.text:dhcpDecodeType)
                  00017cfc    00000072     ti.net.cyassl.aem4f : asn.oem4f (.text:GetSignature)
                  00017d6e    00000072     stk.aem4f : igmp.oem4f (.text:IGMPJoin)
                  00017de0    00000072               : rtable.oem4f (.text:RtWalkNext)
                  00017e52    00000002     --HOLE-- [fill = 0]
                  00017e54    00000070     ti.net.cyassl.aem4f : internal.oem4f (.text:BuildMD5)
                  00017ec4    00000070                         : tls.oem4f (.text:DeriveTlsKeys)
                  00017f34    00000070     emac_tivaware.aem4f : EMACSnow.oem4f (.text:EMACSnow_hwiIntFxn)
                  00017fa4    00000070     stk.aem4f : igmp.oem4f (.text:IGMPLeaveHostGroup)
                  00018014    00000070               : rtable.oem4f (.text:RtFlush)
                  00018084    00000070               : sock.oem4f (.text:SockShutdown)
                  000180f4    00000070     ti.net.cyassl.aem4f : tls.oem4f (.text:TLS_hmac)
                  00018164    00000070                         : tfm.oem4f (.text:fp_exptmod)
                  000181d4    00000070     os.aem4f : task.oem4f (.text:llExit)
                  00018244    00000070     ti.targets.arm.rtsarm.aem4f : Memory.oem4f (.text:xdc_runtime_Memory_alloc__E)
                  000182b4    0000006e     stk.aem4f : socket.oem4f (.text:NDK_socket)
                  00018322    0000006e     ti.net.cyassl.aem4f : sha256.oem4f (.text:Sha256Update)
                  00018390    0000006e                         : tfm.oem4f (.text:fp_rshd)
                  000183fe    00000002     --HOLE-- [fill = 0]
                  00018400    0000006c                         : ssl.oem4f (.text:CyaSSL_Cleanup)
                  0001846c    0000006c     os.aem4f : ossys.oem4f (.text:DbgPrintf)
                  000184d8    0000006c     emac_tivaware.aem4f : EMACSnow.oem4f (.text:EMACSnow_emacStop)
                  00018544    0000006c     stk.aem4f : nimu.oem4f (.text:NIMUShutdown)
                  000185b0    0000006c               : node.oem4f (.text:NodeTreeNew)
                  0001861c    0000006c               : raweth.oem4f (.text:RawEthTxPacket)
                  00018688    0000006c               : sock.oem4f (.text:SockListen)
                  000186f4    0000006c               : rtable.oem4f (.text:_RtNodeInsert)
                  00018760    0000006c     tcpEcho_pem4f.oem4f (.text:ti_ndk_config_ip_init)
                  000187cc    0000006c     tcpEcho_pem4f.oem4f (.text:ti_sysbios_family_arm_m3_Hwi_Object__create__S)
                  00018838    0000006c     sysbios.aem4f : BIOS.obj (.text:ti_sysbios_knl_Clock_start__E)
                  000188a4    0000006c     ti.targets.arm.rtsarm.aem4f : Error.oem4f (.text:xdc_runtime_Error_print__E)
                  00018910    0000006a     ti.net.cyassl.aem4f : asn.oem4f (.text:DecodeSubjKeyId)
                  0001897a    0000006a     stk.aem4f : socket.oem4f (.text:NDK_accept)
                  000189e4    0000006a               : tcpprot.oem4f (.text:TcpPrInherit)
                  00018a4e    0000006a     ti.net.cyassl.aem4f : tfm.oem4f (.text:fp_lshd)
                  00018ab8    0000006a                         : tfm.oem4f (.text:fp_mul_2)
                  00018b22    00000002     --HOLE-- [fill = 0]
                  00018b24    00000069     stk.aem4f : node.oem4f (.text:NodeNew)
                  00018b8d    00000003     --HOLE-- [fill = 0]
                  00018b90    00000068     ti.net.cyassl.aem4f : internal.oem4f (.text:BuildSHA_CertVerify)
                  00018bf8    00000068     nettool_ipv4.aem4f : config.oem4f (.text:CfgFree)
                  00018c60    00000068     ti.net.cyassl.aem4f : io.oem4f (.text:EmbedReceive)
                  00018cc8    00000068                         : tls.oem4f (.text:MakeTlsMasterSecret)
                  00018d30    00000068     stk.aem4f : pbm.oem4f (.text:PBM_open)
                  00018d98    00000068     netctrl_min_ipv4.aem4f : netsrv.oem4f (.text:SPConfig)
                  00018e00    00000068     ti.net.cyassl.aem4f : sha.oem4f (.text:ShaUpdate)
                  00018e68    00000068     stk.aem4f : sockpcb.oem4f (.text:SockPcbFindRaw)
                  00018ed0    00000068               : udp.oem4f (.text:UdpChecksum)
                  00018f38    00000068     ti.net.cyassl.aem4f : tfm.oem4f (.text:fp_montgomery_calc_normalization)
                  00018fa0    00000068     tcpEcho_pem4f.oem4f (.text:ti_sysbios_knl_Task_Object__create__S)
                  00019008    00000066     ti.net.cyassl.aem4f : internal.oem4f (.text:DoApplicationData)
                  0001906e    00000066                         : ssl.oem4f (.text:ProcessChainBuffer)
                  000190d4    00000066     ti.targets.arm.rtsarm.aem4f : Core-mem.oem4f (.text:xdc_runtime_Core_deleteObject__I)
                  0001913a    00000002     --HOLE-- [fill = 0]
                  0001913c    00000065     stk.aem4f : tcptime.oem4f (.text:TcpTimeoutSackRexmt)
                  000191a1    00000003     --HOLE-- [fill = 0]
                  000191a4    00000064     ti.net.cyassl.aem4f : internal.oem4f (.text:BuildMD5_CertVerify)
                  00019208    00000064     stk.aem4f : file.oem4f (.text:FdWaitEvent)
                  0001926c    00000064               : pbm.oem4f (.text:PBMQ_enq)
                  000192d0    00000064     ti.net.cyassl.aem4f : asn.oem4f (.text:ParseCert)
                  00019334    00000064                         : rsa.oem4f (.text:RsaPublicEncrypt)
                  00019398    00000064                         : rsa.oem4f (.text:RsaSSL_Sign)
                  000193fc    00000064     os.aem4f : semaphore.oem4f (.text:SemCreate)
                  00019460    00000064     ti.net.cyassl.aem4f : tfm.oem4f (.text:fp_read_unsigned_bin)
                  000194c4    00000064     hal_timer_bios.aem4f : lltimer.oem4f (.text:llTimerTick)
                  00019528    00000064     sysbios.aem4f : BIOS.obj (.text:ti_sysbios_family_arm_lm4_Timer_isrStub__E)
                  0001958c    00000064     tcpEcho_pem4f.oem4f (.text:ti_sysbios_hal_Hwi_create)
                  000195f0    00000062     stk.aem4f : ipin.oem4f (.text:IPRouteIP)
                  00019652    00000002     --HOLE-- [fill = 0]
                  00019654    00000062               : sb.oem4f (.text:SBNew)
                  000196b6    00000002     --HOLE-- [fill = 0]
                  000196b8    00000060     nettool_ipv4.aem4f : config.oem4f (.text:CfgGetEntryCnt)
                  00019718    00000060     ti.net.cyassl.aem4f : asn.oem4f (.text:DecodeToKey)
                  00019778    00000060                         : internal.oem4f (.text:FreeHandshakeResources)
                  000197d8    00000060     stk.aem4f : nimu.oem4f (.text:NIMUUnregister)
                  00019838    00000060               : node.oem4f (.text:NodeFind)
                  00019898    00000060               : rtc.oem4f (.text:RTCMsg)
                  000198f8    00000060     ti.net.cyassl.aem4f : rsa.oem4f (.text:RsaUnPad)
                  00019958    00000060     nettool_ipv4.aem4f : dhcptags.oem4f (.text:dhcpBuildOptions)
                  000199b8    00000060     rtsv7M4_T_le_v4SPD16_eabi.lib : trgmsg.obj (.text)
                  00019a18    00000060     tcpEcho_pem4f.oem4f (.text:ti_ndk_config_Global_serviceReport)
                  00019a78    00000060     sysbios.aem4f : BIOS.obj (.text:ti_sysbios_knl_Clock_logTick__E)
                  00019ad8    00000060                   : BIOS.obj (.text:ti_sysbios_knl_Swi_schedule__I)
                  00019b38    00000060     ti.targets.arm.rtsarm.aem4f : System.oem4f (.text:xdc_runtime_System_formatNum__I)
                  00019b98    0000005e     ti.net.cyassl.aem4f : asn.oem4f (.text:DecodeKeyUsage)
                  00019bf6    0000005e                         : asn.oem4f (.text:EncodeSignature)
                  00019c54    0000005e                         : asn.oem4f (.text:GetObjectId)
                  00019cb2    0000005e     stk.aem4f : route.oem4f (.text:RtRemove)
                  00019d10    0000005e     nettool_ipv4.aem4f : dhcpsm.oem4f (.text:StateSelecting)
                  00019d6e    0000005e     rtsv7M4_T_le_v4SPD16_eabi.lib : copy_decompress_rle.obj (.text)
                  00019dcc    0000005c     nettool_ipv4.aem4f : config.oem4f (.text:CfgSetExecuteOrder)
                  00019e28    0000005c     stk.aem4f : nimu.oem4f (.text:NIMUIoctlSpecialCmd)
                  00019e84    0000005c     ti.net.cyassl.aem4f : internal.oem4f (.text:Receive)
                  00019ee0    0000005c     stk.aem4f : route.oem4f (.text:RtRedirect)
                  00019f3c    0000005c     ti.net.cyassl.aem4f : internal.oem4f (.text:ShrinkInputBuffer)
                  00019f98    0000005c     stk.aem4f : sockint.oem4f (.text:SockSpawnAbort)
                  00019ff4    0000005c               : tcp.oem4f (.text:TcpChecksum)
                  0001a050    0000005c               : vlan.oem4f (.text:VLANReceivePacket)
                  0001a0ac    0000005c     tcpEcho_pem4f.oem4f (.text:ti_sysbios_knl_Swi_create)
                  0001a108    0000005c     tcpEcho_pem4f.oem4f (.text:ti_sysbios_knl_Task_create)
                  0001a164    0000005c     stk.aem4f : lliin.oem4f (.text:updateRtTable)
                  0001a1c0    0000005b     ti.targets.arm.rtsarm.aem4f : Text.oem4f (.text:xdc_runtime_Text_putLab__E)
                  0001a21b    00000001     --HOLE-- [fill = 0]
                  0001a21c    0000005a     stk.aem4f : tcpprot.oem4f (.text:TcpValidateMetrics)
                  0001a276    0000005a     nettool_ipv4.aem4f : dhcpbild.oem4f (.text:dhcpBuildDecline)
                  0001a2d0    0000005a     tcpEcho_pem4f.oem4f (.text:ti_ndk_config_tcp_init)
                  0001a32a    00000002     --HOLE-- [fill = 0]
                  0001a32c    00000058     stk.aem4f : bind.oem4f (.text:BindFree)
                  0001a384    00000058     boot.aem4f : boot.oem4f (.text)
                  0001a3dc    00000058     ti.net.cyassl.aem4f : ssl.oem4f (.text:CyaSSL_Init)
                  0001a434    00000058                         : asn.oem4f (.text:DecodeBasicCaConstraint)
                  0001a48c    00000058     driverlib.lib : emac.obj (.text:EMACPHYConfigSet)
                  0001a4e4    00000058     stk.aem4f : igmp.oem4f (.text:IGMPTimer)
                  0001a53c    00000058     ti.net.cyassl.aem4f : sha256.oem4f (.text:InitSha256)
                  0001a594    00000058                         : md5.oem4f (.text:Md5Update)
                  0001a5ec    00000058     netctrl_min_ipv4.aem4f : netsrv.oem4f (.text:SPService)
                  0001a644    00000058     ti.net.cyassl.aem4f : asn.oem4f (.text:StoreRsaKey)
                  0001a69c    00000058                         : tfm.oem4f (.text:fp_mod)
                  0001a6f4    00000058     sysbios.aem4f : m3_Hwi_asm_switch.obj (.text:ti_sysbios_family_arm_m3_Hwi_initStacks__E)
                  0001a74c    00000058                   : BIOS.obj (.text:ti_sysbios_knl_Swi_restoreHwi__E)
                  0001a7a4    00000054     ti.net.cyassl.aem4f : arc4.oem4f (.text:Arc4SetKey)
                  0001a7f8    00000054     nettool_ipv4.aem4f : config.oem4f (.text:CfgEntryDeRef)
                  0001a84c    00000054     ti.net.cyassl.aem4f : keys.oem4f (.text:CleanPreMaster)
                  0001a8a0    00000054                         : des3.oem4f (.text:Des3_SetKey)
                  0001a8f4    00000054                         : asn.oem4f (.text:GetValidity)
                  0001a948    00000054     stk.aem4f : igmp.oem4f (.text:IGMPLeave)
                  0001a99c    00000054               : rawethsock_pcb.oem4f (.text:RawEthSockPcbAttach)
                  0001a9f0    00000054     ti.net.cyassl.aem4f : asn.oem4f (.text:RsaPublicKeyDecode)
                  0001aa44    00000054     os.aem4f : mem.oem4f (.text:mmCopy)
                  0001aa98    00000054     sysbios.aem4f : BIOS.obj (.text:ti_sysbios_family_arm_m3_Hwi_Instance_finalize__E)
                  0001aaec    00000054                   : BIOS.obj (.text:ti_sysbios_family_arm_m3_Hwi_Module_startup__E)
                  0001ab40    00000054                   : BIOS.obj (.text:ti_sysbios_knl_Swi_Instance_finalize__E)
                  0001ab94    00000052     ti.net.cyassl.aem4f : internal.oem4f (.text:DoAlert)
                  0001abe6    00000050                         : ssl.oem4f (.text:GetCAByName)
                  0001ac36    00000050     stk.aem4f : socket.oem4f (.text:NDK_bind)
                  0001ac86    00000002     --HOLE-- [fill = 0]
                  0001ac88    00000050               : route.oem4f (.text:RtNew)
                  0001acd8    00000050     driverlib.lib : sysctl.obj (.text:SysCtlPeripheralReset)
                  0001ad28    00000050     stk.aem4f : tcpprot.oem4f (.text:TcpPrDetach)
                  0001ad78    00000050     Boot.aem4f : Boot_sysctl.oem4f (.text:_SysCtlFrequencyGet)
                  0001adc8    00000050     sysbios.aem4f : BIOS.obj (.text:ti_sysbios_knl_Task_deleteTerminatedTasksFunc__I)
                  0001ae18    00000050     ti.targets.arm.rtsarm.aem4f : Startup.oem4f (.text:xdc_runtime_Startup_exec__E)
                  0001ae68    00000050                                 : Text.oem4f (.text:xdc_runtime_Text_visitRope2__I)
                  0001aeb8    0000004e     ti.net.cyassl.aem4f : aes.oem4f (.text:AesCbcDecrypt)
                  0001af06    0000004e                         : des3.oem4f (.text:Des3_CbcDecrypt)
                  0001af54    0000004e     stk.aem4f : node.oem4f (.text:NodeDeRef)
                  0001afa2    0000004c     ti.net.cyassl.aem4f : ssl.oem4f (.text:GetCA)
                  0001afee    0000004c                         : hmac.oem4f (.text:HmacUpdate)
                  0001b03a    00000002     --HOLE-- [fill = 0]
                  0001b03c    0000004c     nettool_ipv4.aem4f : ipaddr.oem4f (.text:NtAddNetwork)
                  0001b088    0000004c     stk.aem4f : sockint.oem4f (.text:SockValidateRoute)
                  0001b0d4    0000004c     rtsv7M4_T_le_v4SPD16_eabi.lib : rand.obj (.text)
                  0001b120    0000004c     sysbios.aem4f : BIOS.obj (.text:ti_sysbios_knl_Swi_runLoop__I)
                  0001b16c    0000004c                   : BIOS.obj (.text:ti_sysbios_knl_Task_allBlockedFunction__I)
                  0001b1b8    0000004a     ti.net.cyassl.aem4f : hmac.oem4f (.text:HmacKeyInnerHash)
                  0001b202    0000004a     stk.aem4f : sock.oem4f (.text:SockDisconnect)
                  0001b24c    0000004a     nettool_ipv4.aem4f : config.oem4f (.text:_CfgEntryScan)
                  0001b296    0000004a     ti.net.cyassl.aem4f : tfm.oem4f (.text:fp_sub)
                  0001b2e0    0000004a                         : tfm.oem4f (.text:fp_to_unsigned_bin)
                  0001b32a    00000048                         : ssl.oem4f (.text:AlreadySigner)
                  0001b372    00000048     nettool_ipv4.aem4f : config.oem4f (.text:CfgNew)
                  0001b3ba    00000002     --HOLE-- [fill = 0]
                  0001b3bc    00000048     emac_tivaware.aem4f : EMACSnow.oem4f (.text:EMACSnow_processTransmitted)
                  0001b404    00000048     driverlib.lib : gpio.obj (.text:GPIOPinConfigure)
                  0001b44c    00000048     ti.net.cyassl.aem4f : hmac.oem4f (.text:InitHmac)
                  0001b494    00000048     stk.aem4f : lli.oem4f (.text:LLIMsg)
                  0001b4dc    00000048               : node.oem4f (.text:NodeWalk)
                  0001b524    00000048               : sockpcb.oem4f (.text:SockPcbResolveChain)
                  0001b56c    00000048               : tcpprot.oem4f (.text:TcpDrop)
                  0001b5b4    00000048               : tcptime.oem4f (.text:TcpTimeoutPersist)
                  0001b5fc    00000048               : lli.oem4f (.text:_LLIExpListInsert)
                  0001b644    00000048               : rtable.oem4f (.text:_RtExpListInsert)
                  0001b68c    00000048               : file.oem4f (.text:fdint_lockfd)
                  0001b6d4    00000048     sysbios.aem4f : BIOS.obj (.text:ti_sysbios_family_arm_m3_Hwi_excReserved__I)
                  0001b71c    00000048                   : BIOS.obj (.text:ti_sysbios_heaps_HeapMem_getStats__E)
                  0001b764    00000048     ti.targets.arm.rtsarm.aem4f : Assert.oem4f (.text:xdc_runtime_Assert_raise__I)
                  0001b7ac    00000046     ti.net.cyassl.aem4f : tls.oem4f (.text:CyaSSL_SetTlsHmacInner)
                  0001b7f2    00000046     nettool_ipv4.aem4f : ipaddr.oem4f (.text:NtIfIdx2Ip)
                  0001b838    00000046     stk.aem4f : rawethsock.oem4f (.text:RawEthSockSend)
                  0001b87e    00000046     ti.net.cyassl.aem4f : internal.oem4f (.text:SendChangeCipher)
                  0001b8c4    00000046                         : internal.oem4f (.text:SendServerHelloDone)
                  0001b90a    00000002     --HOLE-- [fill = 0]
                  0001b90c    00000046     stk.aem4f : timer.oem4f (.text:TimerNew)
                  0001b952    00000046     ti.net.cyassl.aem4f : tfm.oem4f (.text:fp_add)
                  0001b998    00000046     ti.targets.arm.rtsarm.aem4f : Core-params.oem4f (.text:xdc_runtime_Core_assignParams__I)
                  0001b9de    00000002     --HOLE-- [fill = 0]
                  0001b9e0    00000044     ti.net.cyassl.aem4f : ssl.oem4f (.text:CyaSSL_CTX_new)
                  0001ba24    00000044                         : random.oem4f (.text:GenerateSeed)
                  0001ba68    00000044                         : asn.oem4f (.text:GetLength)
                  0001baac    00000044     stk.aem4f : ipfrag.oem4f (.text:IPReasmFree)
                  0001baf0    00000044               : lli.oem4f (.text:LLIGetValidTime)
                  0001bb34    00000044               : rawethsock_pcb.oem4f (.text:RawEthSockPcbDetach)
                  0001bb78    00000044               : rtable.oem4f (.text:RouteMsg)
                  0001bbbc    00000044               : rtable.oem4f (.text:RtWalkEnd)
                  0001bc00    00000044     ti.net.cyassl.aem4f : asn.oem4f (.text:SetLength)
                  0001bc44    00000044     stk.aem4f : timer.oem4f (.text:TimerListInsert)
                  0001bc88    00000044     ti.net.cyassl.aem4f : tfm.oem4f (.text:fp_cmp_mag)
                  0001bccc    00000044     hal_timer_bios.aem4f : lltimer.oem4f (.text:llTimerGetTime)
                  0001bd10    00000044     rtsv7M4_T_le_v4SPD16_eabi.lib : cpy_tbl.obj (.text)
                  0001bd54    00000044                                   : exit.obj (.text)
                  0001bd98    00000044     sysbios.aem4f : BIOS.obj (.text:ti_sysbios_family_arm_m3_Hwi_disableInterrupt__E)
                  0001bddc    00000044                   : BIOS.obj (.text:ti_sysbios_family_arm_m3_Hwi_enableInterrupt__E)
                  0001be20    00000044     ti.targets.arm.rtsarm.aem4f : Error.oem4f (.text:xdc_runtime_Error_setX__E)
                  0001be64    00000044                                 : SysMin.oem4f (.text:xdc_runtime_SysMin_flush__E)
                  0001bea8    00000042     ti.net.cyassl.aem4f : des3.oem4f (.text:Des3_CbcEncrypt)
                  0001beea    00000042                         : io.oem4f (.text:EmbedSend)
                  0001bf2c    00000042                         : asn.oem4f (.text:FreeDecodedCert)
                  0001bf6e    00000042     stk.aem4f : socket.oem4f (.text:NDK_listen)
                  0001bfb0    00000042     ti.net.cyassl.aem4f : internal.oem4f (.text:SanityCheckCipherText)
                  0001bff2    00000042     netctrl_min_ipv4.aem4f : netsrv.oem4f (.text:ServiceKill)
                  0001c034    00000042     os.aem4f : task.oem4f (.text:TaskCreate)
                  0001c076    00000042     stk.aem4f : fileuser.oem4f (.text:fdCloseSession)
                  0001c0b8    00000042     rtsv7M4_T_le_v4SPD16_eabi.lib : u_divt2.obj (.text)
                  0001c0fa    00000040     stk.aem4f : pbm.oem4f (.text:PBM_copy)
                  0001c13a    00000002     --HOLE-- [fill = 0]
                  0001c13c    00000040               : sockpcb.oem4f (.text:SockPcbDetach)
                  0001c17c    00000040               : sockpcb.oem4f (.text:SockPcbRtChange)
                  0001c1bc    00000040               : tcpprot.oem4f (.text:TcpPrDisconnect)
                  0001c1fc    00000040               : tcpprot.oem4f (.text:TcpPrSendOOB)
                  0001c23c    00000040     os.aem4f : mem.oem4f (.text:mmZeroInit)
                  0001c27c    00000040     ti.net.cyassl.aem4f : ssl.oem4f (.text:mystrnstr)
                  0001c2bc    00000040     sysbios.aem4f : BIOS.obj (.text:ti_sysbios_family_arm_lm4_Timer_getCurrentTick__E)
                  0001c2fc    00000040                   : BIOS.obj (.text:ti_sysbios_family_arm_lm4_Timer_startup__E)
                  0001c33c    00000040                   : BIOS.obj (.text:ti_sysbios_knl_Swi_enable__E)
                  0001c37c    00000040                   : BIOS.obj (.text:ti_sysbios_knl_Swi_startup__E)
                  0001c3bc    00000040                   : BIOS.obj (.text:ti_sysbios_knl_Task_processVitalTaskFlag__I)
                  0001c3fc    0000003e     ti.net.cyassl.aem4f : aes.oem4f (.text:AesCbcEncrypt)
                  0001c43a    0000003e     nettool_ipv4.aem4f : dhcpmain.oem4f (.text:DHCPClose)
                  0001c478    0000003e     stk.aem4f : nimu.oem4f (.text:NIMUAllocateName)
                  0001c4b6    0000003e     ti.net.cyassl.aem4f : internal.oem4f (.text:PickHashSigAlgo)
                  0001c4f4    0000003e     stk.aem4f : tcpprot.oem4f (.text:TcpPrCtlError)
                  0001c532    0000003e               : file.oem4f (.text:fdint_unlockfd)
                  0001c570    0000003c     ti.net.cyassl.aem4f : arc4.oem4f (.text:Arc4Process)
                  0001c5ac    0000003c     nettool_ipv4.aem4f : config.oem4f (.text:CfgEntryGetData)
                  0001c5e8    0000003c     ti.net.cyassl.aem4f : internal.oem4f (.text:DoHelloVerifyRequest)
                  0001c624    0000003c     driverlib.lib : emac.obj (.text:EMACIntDisable)
                  0001c660    0000003c     ti.net.cyassl.aem4f : internal.oem4f (.text:FreeSSL_Ctx)
                  0001c69c    0000003c                         : internal.oem4f (.text:GetRounds)
                  0001c6d8    0000003c                         : internal.oem4f (.text:HashInput)
                  0001c714    0000003c                         : internal.oem4f (.text:HashOutput)
                  0001c750    0000003c     stk.aem4f : lliin.oem4f (.text:LLIValidateRoute)
                  0001c78c    0000003c               : node.oem4f (.text:NodeUpdatePL)
                  0001c7c8    0000003c               : rtable.oem4f (.text:RtWalkBegin)
                  0001c804    0000003c     ti.net.cyassl.aem4f : internal.oem4f (.text:SSL_CtxResourceFree)
                  0001c840    0000003c     stk.aem4f : rtc.oem4f (.text:_RTCSendRtAdv)
                  0001c87c    0000003c     ti.net.cyassl.aem4f : tfm.oem4f (.text:fp_rshb)
                  0001c8b8    0000003c     sysbios.aem4f : BIOS.obj (.text:ti_sysbios_family_arm_m3_Hwi_excSvCall__I)
                  0001c8f4    0000003c                   : BIOS.obj (.text:ti_sysbios_family_arm_m3_TaskSupport_start__E)
                  0001c930    0000003c                   : BIOS.obj (.text:ti_sysbios_heaps_HeapMem_init__I)
                  0001c96c    0000003c     tcpEcho_pem4f.oem4f (.text:ti_sysbios_knl_Clock_Object__create__S)
                  0001c9a8    0000003c     tcpEcho_pem4f.oem4f (.text:ti_sysbios_knl_Clock_create)
                  0001c9e4    0000003c     ti.targets.arm.rtsarm.aem4f : Text.oem4f (.text:xdc_runtime_Text_xprintf__I)
                  0001ca20    0000003a     ti.net.cyassl.aem4f : internal.oem4f (.text:DoHandShakeMsg)
                  0001ca5a    0000003a     driverlib.lib : emac.obj (.text:EMACIntEnable)
                  0001ca94    0000003a     stk.aem4f : icmp.oem4f (.text:ICMPChecksum)
                  0001cace    0000003a               : rtable.oem4f (.text:_RtNodeRemove)
                  0001cb08    00000038     ti.net.cyassl.aem4f : internal.oem4f (.text:Decrypt)
                  0001cb40    00000038     driverlib.lib : emac.obj (.text:EMACConfigGet)
                  0001cb78    00000038     stk.aem4f : ipfrag.oem4f (.text:IPReasmTimeout)
                  0001cbb0    00000038     ti.net.cyassl.aem4f : sha.oem4f (.text:InitSha)
                  0001cbe8    00000038     stk.aem4f : node.oem4f (.text:NodeGetRt)
                  0001cc20    00000038     driverlib.lib : sysctl.obj (.text:SysCtlPeripheralReady)
                  0001cc58    00000038     stk.aem4f : tcpprot.oem4f (.text:TcpClose)
                  0001cc90    00000038               : tcpprot.oem4f (.text:TcpPrConnect)
                  0001ccc8    00000038               : tcptime.oem4f (.text:TcpSetPersist)
                  0001cd00    00000038     hal_timer_bios.aem4f : lltimer.oem4f (.text:_llTimerInit)
                  0001cd38    00000038     nettool_ipv4.aem4f : dhcpbild.oem4f (.text:dhcpBuildDiscover)
                  0001cd70    00000038                        : dhcptags.oem4f (.text:dhcpOptionsClear)
                  0001cda8    00000038     stk.aem4f : file.oem4f (.text:fdint_waitevent)
                  0001cde0    00000038     ti.net.cyassl.aem4f : tfm.oem4f (.text:fp_mulmod)
                  0001ce18    00000038     sysbios.aem4f : BIOS.obj (.text:ti_sysbios_family_arm_m3_Hwi_excNoIsr__I)
                  0001ce50    00000038                   : BIOS.obj (.text:ti_sysbios_family_arm_m3_Hwi_getStackInfo__E)
                  0001ce88    00000038                   : BIOS.obj (.text:ti_sysbios_knl_Clock_getTicks__E)
                  0001cec0    00000038     tcpEcho_pem4f.oem4f (.text:ti_sysbios_knl_Semaphore_Object__create__S)
                  0001cef8    00000038     sysbios.aem4f : BIOS.obj (.text:ti_sysbios_knl_Semaphore_pendTimeout__I)
                  0001cf30    00000038     ti.targets.arm.rtsarm.aem4f : SysMin.oem4f (.text:xdc_runtime_SysMin_putch__E)
                  0001cf68    00000038                                 : System.oem4f (.text:xdc_runtime_System_atexit__E)
                  0001cfa0    00000036     ti.net.cyassl.aem4f : internal.oem4f (.text:Encrypt)
                  0001cfd6    00000036                         : internal.oem4f (.text:FreeCiphers)
                  0001d00c    00000036                         : asn.oem4f (.text:GetSequence)
                  0001d042    00000036                         : asn.oem4f (.text:GetSet)
                  0001d078    00000036                         : tfm.oem4f (.text:fp_cmp)
                  0001d0ae    00000002     --HOLE-- [fill = 0]
                  0001d0b0    00000034     nettool_ipv4.aem4f : config.oem4f (.text:CfgSetService)
                  0001d0e4    00000034     driverlib.lib : emac.obj (.text:EMACConfigSet)
                  0001d118    00000034                   : emac.obj (.text:EMACIntClear)
                  0001d14c    00000034     emac_tivaware.aem4f : EMAC.oem4f (.text:EMAC_init)
                  0001d180    00000034     stk.aem4f : nimu.oem4f (.text:NIMUFindByName)
                  0001d1b4    00000034               : nimu.oem4f (.text:NIMUInit)
                  0001d1e8    00000034               : sock.oem4f (.text:SockGetName)
                  0001d21c    00000034     driverlib.lib : sysctl.obj (.text:SysCtlPeripheralEnable)
                  0001d250    00000034     stk.aem4f : tcpprot.oem4f (.text:TcpPrSend)
                  0001d284    00000034               : timer.oem4f (.text:TimerHSTick)
                  0001d2b8    00000034     ti.net.cyassl.aem4f : tfm.oem4f (.text:fp_2expt)
                  0001d2ec    00000034                         : tfm.oem4f (.text:fp_montgomery_setup)
                  0001d320    00000034     sysbios.aem4f : BIOS.obj (.text:ti_sysbios_family_arm_m3_Hwi_excNmi__I)
                  0001d354    00000034                   : BIOS.obj (.text:ti_sysbios_hal_Hwi_checkStack)
                  0001d388    00000034     tcpEcho_pem4f.oem4f (.text:ti_sysbios_knl_Semaphore_create)
                  0001d3bc    00000034     sysbios.aem4f : BIOS.obj (.text:ti_sysbios_knl_Task_restore__E)
                  0001d3f0    00000034     ti.targets.arm.rtsarm.aem4f : Core-label.oem4f (.text:xdc_runtime_Core_assignLabel__I)
                  0001d424    00000033                                 : Text.oem4f (.text:xdc_runtime_Text_printVisFxn__I)
                  0001d457    00000001     --HOLE-- [fill = 0]
                  0001d458    00000032     nettool_ipv4.aem4f : config.oem4f (.text:CfgGetImmediate)
                  0001d48a    00000032     ti.net.cyassl.aem4f : ssl.oem4f (.text:CyaSSL_read_internal)
                  0001d4bc    00000032     stk.aem4f : route.oem4f (.text:RtDeRef)
                  0001d4ee    00000032               : sb.oem4f (.text:SBSetMax)
                  0001d520    00000032               : sock.oem4f (.text:SockIntAbort)
                  0001d552    00000032     nettool_ipv4.aem4f : config.oem4f (.text:_CfgAcquire)
                  0001d584    00000030     driverlib.lib : emac.obj (.text:EMACAddrSet)
                  0001d5b4    00000030     emac_tivaware.aem4f : EMACSnow.oem4f (.text:EMACSnow_handlePackets)
                  0001d5e4    00000030     stk.aem4f : ip.oem4f (.text:IPChecksum)
                  0001d614    00000030     netctrl_min_ipv4.aem4f : netsrv.oem4f (.text:NS_PreBoot)
                  0001d644    00000030     stk.aem4f : sb.oem4f (.text:SBFlush)
                  0001d674    00000030               : sock.oem4f (.text:SockBind)
                  0001d6a4    00000030               : sockpcb.oem4f (.text:SockCleanPcb)
                  0001d6d4    00000030               : sockprot.oem4f (.text:SockPrCtlError)
                  0001d704    00000030     nettool_ipv4.aem4f : dhcpsm.oem4f (.text:dhcpIPRemove)
                  0001d734    00000030                        : dhcpsock.oem4f (.text:dhcpPacketSend)
                  0001d764    00000030     ti.net.cyassl.aem4f : tfm.oem4f (.text:fp_cmp_d)
                  0001d794    00000030     stk.aem4f : listlib.oem4f (.text:list_remove_node)
                  0001d7c4    00000030     os.aem4f : mem.oem4f (.text:mmUnInitPage)
                  0001d7f4    00000030     rtsv7M4_T_le_v4SPD16_eabi.lib : strncpy.obj (.text)
                  0001d824    00000030     tcpEcho_pem4f.oem4f (.text:ti_sysbios_BIOS_atExitFunc__I)
                  0001d854    00000030     tcpEcho_pem4f.oem4f (.text:ti_sysbios_gates_GateHwi_Object__create__S)
                  0001d884    00000030     tcpEcho_pem4f.oem4f (.text:ti_sysbios_gates_GateMutex_Object__create__S)
                  0001d8b4    00000030     tcpEcho_pem4f.oem4f (.text:ti_sysbios_heaps_HeapMem_Object__create__S)
                  0001d8e4    00000030     tcpEcho_pem4f.oem4f (.text:ti_sysbios_knl_Semaphore_construct)
                  0001d914    00000030     ti.targets.arm.rtsarm.aem4f : SysMin.oem4f (.text:xdc_runtime_SysMin_abort__E)
                  0001d944    00000030                                 : System.oem4f (.text:xdc_runtime_System_processAtExit__E)
                  0001d974    0000002e     ti.net.cyassl.aem4f : internal.oem4f (.text:CheckAltNames)
                  0001d9a2    0000002e                         : tls.oem4f (.text:CyaSSL_GetHmacType)
                  0001d9d0    0000002e                         : ssl.oem4f (.text:CyaSSL_new)
                  0001d9fe    0000002e                         : internal.oem4f (.text:FreeArrays)
                  0001da2c    0000002e                         : asn.oem4f (.text:FreeSigner)
                  0001da5a    0000002e                         : asn.oem4f (.text:GetTime)
                  0001da88    0000002e                         : arc4.oem4f (.text:MakeByte)
                  0001dab6    0000002e     stk.aem4f : rawethsock.oem4f (.text:RawEthSockNotify)
                  0001dae4    0000002e               : route.oem4f (.text:RtSetFailure)
                  0001db12    0000002e               : sb.oem4f (.text:SBFree)
                  0001db40    0000002e     ti.net.cyassl.aem4f : internal.oem4f (.text:ShrinkOutputBuffer)
                  0001db6e    0000002e     tcpEcho_pem4f.oem4f (.text:malloc)
                  0001db9c    0000002c     ti.net.cyassl.aem4f : ssl.oem4f (.text:CyaSSL_CertManagerNew)
                  0001dbc8    0000002c     EK_TM4C1294XL.obj (.text:EK_TM4C1294XL_initGPIO)
                  0001dbf4    0000002c     driverlib.lib : emac.obj (.text:EMACIntStatus)
                  0001dc20    0000002c     stk.aem4f : file.oem4f (.text:FdSignalEvent)
                  0001dc4c    0000002c     ti.net.cyassl.aem4f : asn.oem4f (.text:GetMyVersion)
                  0001dc78    0000002c                         : ssl.oem4f (.text:HashSession)
                  0001dca4    0000002c                         : md5.oem4f (.text:InitMd5)
                  0001dcd0    0000002c                         : wc_port.oem4f (.text:InitMutex)
                  0001dcfc    0000002c                         : random.oem4f (.text:InitRng)
                  0001dd28    0000002c     os.aem4f : task.oem4f (.text:NDK_hookCreate)
                  0001dd54    0000002c     stk.aem4f : nimu.oem4f (.text:NIMUAllocateIndex)
                  0001dd80    0000002c               : pipe.oem4f (.text:PipeClose)
                  0001ddac    0000002c     ti.net.cyassl.aem4f : rsa.oem4f (.text:RsaSSL_VerifyInline)
                  0001ddd8    0000002c     stk.aem4f : sockpcb.oem4f (.text:SockPcbAttach)
                  0001de04    0000002c     Boot.aem4f : Boot_sysctl.oem4f (.text:_SysCtlMemTimingGet)
                  0001de30    0000002c     sysbios.aem4f : BIOS.obj (.text:ti_sysbios_hal_Hwi_initStack)
                  0001de5c    0000002c                   : BIOS.obj (.text:ti_sysbios_knl_Clock_Module_startup__E)
                  0001de88    0000002c     tcpEcho_pem4f.oem4f (.text:ti_sysbios_knl_Clock_doTick__I)
                  0001deb4    0000002c     tcpEcho_pem4f.oem4f (.text:ti_sysbios_knl_Queue_construct)
                  0001dee0    0000002c     ti.targets.arm.rtsarm.aem4f : Text.oem4f (.text:xdc_runtime_Text_cordText__E)
                  0001df0c    0000002c     ti.net.cyassl.aem4f : aes.oem4f (.text:xorbuf)
                  0001df38    0000002c                         : des3.oem4f (.text:xorbuf)
                  0001df64    0000002a                         : internal.oem4f (.text:ConstantCompare)
                  0001df8e    0000002a                         : ssl.oem4f (.text:CyaSSL_CTX_load_verify_buffer)
                  0001dfb8    0000002a                         : internal.oem4f (.text:DoRounds)
                  0001dfe2    0000002a     driverlib.lib : gpio.obj (.text:GPIODirModeSet)
                  0001e00c    0000002a     stk.aem4f : pbm.oem4f (.text:PBMQ_deq)
                  0001e036    0000002a     ti.net.cyassl.aem4f : rsa.oem4f (.text:RsaPrivateDecryptInline)
                  0001e060    0000002a     nettool_ipv4.aem4f : config.oem4f (.text:_CfgRelease)
                  0001e08a    0000002a     ti.targets.arm.rtsarm.aem4f : System.oem4f (.text:xdc_runtime_System_putchar__I)
                  0001e0b4    00000028     stk.aem4f : bind.oem4f (.text:BindFindByNet)
                  0001e0dc    00000028     emac_tivaware.aem4f : EMACSnow.oem4f (.text:EMACSnow_isLinkUp)
                  0001e104    00000028                         : EMACSnow.oem4f (.text:EMACSnow_pkt_service)
                  0001e12c    00000028     stk.aem4f : igmp.oem4f (.text:IGMPTestGroup)
                  0001e154    00000028     ti.net.cyassl.aem4f : internal.oem4f (.text:Md5Rounds)
                  0001e17c    00000028     netctrl_min_ipv4.aem4f : netctrl.oem4f (.text:NC_SystemClose)
                  0001e1a4    00000028     stk.aem4f : nimu.oem4f (.text:NIMUCreatePacket)
                  0001e1cc    00000028               : nimu.oem4f (.text:NIMUPacketServiceCheck)
                  0001e1f4    00000028     ti.net.cyassl.aem4f : internal.oem4f (.text:Sha256Rounds)
                  0001e21c    00000028                         : internal.oem4f (.text:ShaRounds)
                  0001e244    00000028     stk.aem4f : tcpin.oem4f (.text:TcpEnterTimeWait)
                  0001e26c    00000028               : vlan.oem4f (.text:VLANFindSourceInterface)
                  0001e294    00000028               : vlan.oem4f (.text:VLANInit)
                  0001e2bc    00000028               : lli.oem4f (.text:_LLIExpListRemove)
                  0001e2e4    00000028               : lli.oem4f (.text:_LLITimeoutFlush)
                  0001e30c    00000028               : rtable.oem4f (.text:_RtExpListRemove)
                  0001e334    00000028     nettool_ipv4.aem4f : dhcpsock.oem4f (.text:dhcpPacketReceive)
                  0001e35c    00000028     sysbios.aem4f : BIOS.obj (.text:ti_sysbios_hal_Hwi_Instance_init__E)
                  0001e384    00000026     ti.net.cyassl.aem4f : aes.oem4f (.text:AesSetIV)
                  0001e3aa    00000026                         : tls.oem4f (.text:CyaTLSv1_server_method)
                  0001e3d0    00000026     driverlib.lib : emac.obj (.text:EMACPHYRead)
                  0001e3f6    00000026                   : emac.obj (.text:EMACPHYWrite)
                  0001e41c    00000026     ti.net.cyassl.aem4f : asn.oem4f (.text:FreeSignerTable)
                  0001e442    00000026                         : internal.oem4f (.text:PadCheck)
                  0001e468    00000026     stk.aem4f : rawethsock.oem4f (.text:RawEthSockClose)
                  0001e48e    00000026               : route.oem4f (.text:RtSetTimeout)
                  0001e4b4    00000026     netctrl_min_ipv4.aem4f : netsrv.oem4f (.text:ServiceCallback)
                  0001e4da    00000026     ti.net.cyassl.aem4f : tfm.oem4f (.text:fp_count_bits)
                  0001e500    00000026                         : tfm.oem4f (.text:fp_reverse)
                  0001e526    00000026     rtsv7M4_T_le_v4SPD16_eabi.lib : strncmp.obj (.text)
                  0001e54c    00000026     tcpEcho_pem4f.oem4f (.text:ti_ndk_config_udp_init)
                  0001e572    00000026     sysbios.aem4f : m3_Hwi_asm.obj (.text:ti_sysbios_family_arm_m3_Hwi_pendSV__I)
                  0001e598    00000026     ti.targets.arm.rtsarm.aem4f : System.oem4f (.text:xdc_runtime_System_avprintf__E)
                  0001e5be    00000024     stk.aem4f : bind.oem4f (.text:BindGetIFByDBCast)
                  0001e5e2    00000024     ti.net.cyassl.aem4f : ssl.oem4f (.text:CyaSSL_negotiate)
                  0001e606    00000024                         : des3.oem4f (.text:Des3_SetIV)
                  0001e62a    00000002     --HOLE-- [fill = 0]
                  0001e62c    00000024     emac_tivaware.aem4f : EMACSnow.oem4f (.text:EMACSnow_emacPoll)
                  0001e650    00000024                         : EMACSnow.oem4f (.text:EMACSnow_primeRx)
                  0001e674    00000024     stk.aem4f : exec.oem4f (.text:ExecTimer)
                  0001e698    00000024     gpio_tivaware.aem4f : GPIO.oem4f (.text:GPIO_init)
                  0001e6bc    00000024     stk.aem4f : nimu.oem4f (.text:NIMUFindByIndex)
                  0001e6e0    00000024               : nimu.oem4f (.text:NIMUPacketService)
                  0001e704    00000024               : rawethsock_pcb.oem4f (.text:RawEthSockPcbFind)
                  0001e728    00000024               : route.oem4f (.text:RtFree)
                  0001e74c    00000024               : sockpcb.oem4f (.text:SockPcbCleanup)
                  0001e770    00000024               : tcpprot.oem4f (.text:TcpPrListen)
                  0001e794    00000024               : tcptime.oem4f (.text:TcpTimeoutWait2)
                  0001e7b8    00000024               : timer.oem4f (.text:TimerListRemove)
                  0001e7dc    00000024     nettool_ipv4.aem4f : config.oem4f (.text:_CfgEntryProcess)
                  0001e800    00000024     rtsv7M4_T_le_v4SPD16_eabi.lib : memmov.obj (.text)
                  0001e824    00000024     tcpEcho_pem4f.oem4f (.text:ti_sysbios_BIOS_errorRaiseHook__I)
                  0001e848    00000024     tcpEcho_pem4f.oem4f (.text:ti_sysbios_BIOS_registerRTSLock__I)
                  0001e86c    00000024     tcpEcho_pem4f.oem4f (.text:ti_sysbios_BIOS_removeRTSLock__I)
                  0001e890    00000024     tcpEcho_pem4f.oem4f (.text:ti_sysbios_BIOS_startFunc__I)
                  0001e8b4    00000024     sysbios.aem4f : BIOS.obj (.text:ti_sysbios_family_arm_m3_Hwi_doTaskRestore__I)
                  0001e8d8    00000024     tcpEcho_pem4f.oem4f (.text:ti_sysbios_gates_GateMutex_Object__delete__S)
                  0001e8fc    00000024     tcpEcho_pem4f.oem4f (.text:ti_sysbios_knl_Semaphore_Object__delete__S)
                  0001e920    00000024     sysbios.aem4f : BIOS.obj (.text:ti_sysbios_knl_Swi_Module_startup__E)
                  0001e944    00000024     ti.targets.arm.rtsarm.aem4f : System.oem4f (.text:xdc_runtime_System_vprintf__E)
                  0001e968    00000022     ti.net.cyassl.aem4f : internal.oem4f (.text:AddHeaders)
                  0001e98a    00000022     nettool_ipv4.aem4f : config.oem4f (.text:CfgEntryInfo)
                  0001e9ac    00000022                        : config.oem4f (.text:CfgEntryRef)
                  0001e9ce    00000022     ti.net.cyassl.aem4f : internal.oem4f (.text:CheckAvailableSize)
                  0001e9f0    00000022                         : random.oem4f (.text:RNG_GenerateBlock)
                  0001ea12    00000022     stk.aem4f : vlan.oem4f (.text:VLANFindNode)
                  0001ea34    00000022     ti.net.cyassl.aem4f : internal.oem4f (.text:VerifyClientSuite)
                  0001ea56    00000022     rtsv7M4_T_le_v4SPD16_eabi.lib : memcmp.obj (.text)
                  0001ea78    00000022     tcpEcho.obj (.text:setsockopt)
                  0001ea9a    00000022     tcpEcho_pem4f.oem4f (.text:xdc_runtime_SysMin_output__I)
                  0001eabc    00000020     stk.aem4f : bind.oem4f (.text:BindFindByHost)
                  0001eadc    00000020     ti.net.cyassl.aem4f : ssl.oem4f (.text:CyaSSL_GetMacSecret)
                  0001eafc    00000020                         : asn.oem4f (.text:FreeAltNames)
                  0001eb1c    00000020                         : asn.oem4f (.text:FreeNameSubtrees)
                  0001eb3c    00000020     netctrl_min_ipv4.aem4f : netctrl.oem4f (.text:NC_BootComplete)
                  0001eb5c    00000020     stk.aem4f : nimu.oem4f (.text:NIMUGetNumOfObject)
                  0001eb7c    00000020               : rtc.oem4f (.text:RTCAddHook)
                  0001eb9c    00000020               : rtc.oem4f (.text:RTCRemoveHook)
                  0001ebbc    00000020     ti.net.cyassl.aem4f : tfm.oem4f (.text:fp_set)
                  0001ebdc    00000020     tcpEcho_pem4f.oem4f (.text:ti_sysbios_family_arm_m3_Hwi_Object__delete__S)
                  0001ebfc    00000020     sysbios.aem4f : m3_Hwi_asm.obj (.text:ti_sysbios_family_arm_m3_Hwi_excHandlerAsm__I)
                  0001ec1c    00000020                   : BIOS.obj (.text:ti_sysbios_family_arm_m3_Hwi_excHandler__I)
                  0001ec3c    00000020     tcpEcho_pem4f.oem4f (.text:ti_sysbios_gates_GateHwi_Object__delete__S)
                  0001ec5c    00000020     tcpEcho_pem4f.oem4f (.text:ti_sysbios_hal_Hwi_Object__delete__S)
                  0001ec7c    00000020     tcpEcho_pem4f.oem4f (.text:ti_sysbios_heaps_HeapMem_Object__delete__S)
                  0001ec9c    00000020     sysbios.aem4f : BIOS.obj (.text:ti_sysbios_knl_Idle_run__E)
                  0001ecbc    00000020     tcpEcho_pem4f.oem4f (.text:ti_sysbios_knl_Semaphore_Object__destruct__S)
                  0001ecdc    00000020     tcpEcho_pem4f.oem4f (.text:ti_sysbios_knl_Swi_Object__delete__S)
                  0001ecfc    00000020     tcpEcho_pem4f.oem4f (.text:ti_sysbios_knl_Task_Object__delete__S)
                  0001ed1c    00000020     sysbios.aem4f : BIOS.obj (.text:ti_sysbios_knl_Task_enter__I)
                  0001ed3c    00000020                   : BIOS.obj (.text:ti_sysbios_knl_Task_sleepTimeout__I)
                  0001ed5c    00000020     ti.targets.arm.rtsarm.aem4f : Registry.oem4f (.text:xdc_runtime_Registry_findById__E)
                  0001ed7c    00000020                                 : SysMin.oem4f (.text:xdc_runtime_SysMin_Module_startup__E)
                  0001ed9c    0000001e     ti.net.cyassl.aem4f : aes.oem4f (.text:AesSetKey)
                  0001edba    0000001e                         : ssl.oem4f (.text:CyaSSL_CertManagerFree)
                  0001edd8    0000001e                         : ssl.oem4f (.text:CyaSSL_set_fd)
[...]
0001fe4b   FreeMutex
0001fe5f   fdint_signalevent
0001fe69   fdint_signaltimeout
0001fe73   mp_add
0001fe7d   mp_clear
0001fe87   mp_mul
0001fe91   mp_read_unsigned_bin
0001fe9b   mp_sub
0001fea5   mp_to_unsigned_bin
0001feaf   ti_sysbios_hal_Hwi_Instance_finalize__E
0001fecd   CyaSSL_CTX_free
0001fed5   CyaSSL_free
0001fedd   EMACTxDMAPollDemand
0001feed   TaskBlock
0001ff5d   ti_sysbios_family_arm_lm4_Timer_masterDisable__I
0001ff65   ti_sysbios_family_arm_m3_Hwi_doSwiRestore__I
0001ff6d   ti_sysbios_family_arm_m3_Hwi_startup__E
0001ff6d   ti_sysbios_hal_Hwi_HwiProxy_startup__E
0001ff6d   ti_sysbios_hal_Hwi_startup__E
0001ff75   ti_sysbios_knl_Idle_loop__E
0001ff7d   ti_sysbios_knl_Task_getHookContext__E
0001ff85   ti_sysbios_knl_Task_setHookContext__E
0001ff8d   CyaSSL_dtls
0001ff93   CyaSSL_get_fd
0001ff99   CyaSSL_get_using_nonblock
0001ff9f   CyaSSL_read
0001ffa5   EMACRxDMADescriptorListSet
0001ffab   EMACTxDMADescriptorListSet
0001ffb1   SysCtlDelay
0001ffb7   TcpPrRecv
0001ffbd   __xdc__init
0001ffc3   __TI_decompress_rle24
0001ffc9   ti_sysbios_family_arm_lm4_TimestampProvider_Module_startup__E
0001ffcf   OEMSysCritOff
0001ffcf   ti_sysbios_family_arm_m3_Hwi_restoreFxn__E
0001ffcf   ti_sysbios_hal_Hwi_HwiProxy_restore__E
0001ffcf   ti_sysbios_hal_Hwi_restore__E
0001ffd5   ti_sysbios_gates_GateHwi_leave__E
0001ffdb   ti_sysbios_heaps_HeapMem_isBlocking__E
0001ffe1   ti_sysbios_knl_Queue_Instance_init__E
0001ffe7   xdc_runtime_System_Module_startup__E
0001ffed   BindGetIF
0001fff1   BindGetNext
0001fff5   FreeRsaKey
0001fffd   NDK_vsprintf
00020001   NodeSetRt
00020005   RawEthSockPrAttach
00020009   RawEthSockPrDetach
0002000d   RsaEncryptSize
00020011   SemPend
00020015   SemPost
00020019   SemReset
0002001d   TaskSelf
00020021   TaskSetPri
00020025   _llSerialInit
0002002d   fp_mul
00020031   fp_sqr
00020035   list_get_head
00020039   list_get_next
00020045   ti_sysbios_BIOS_RtsGateProxy_enter__E
00020049   ti_sysbios_BIOS_RtsGateProxy_leave__E
0002004d   ti_sysbios_family_arm_lm4_Timer_getPeriod__E
00020051   ti_sysbios_family_arm_lm4_Timer_masterEnable__I
00020055   ti_sysbios_family_arm_m3_TaskSupport_Module__startupDone__S
00020059   ti_sysbios_gates_GateHwi_query__E
00020059   xdc_runtime_Main_Module_GateProxy_query__E
00020059   xdc_runtime_System_Module_GateProxy_query__E
0002005d   ti_sysbios_BIOS_RtsGateProxy_query__E
0002005d   ti_sysbios_gates_GateMutex_query__E
0002005d   ti_sysbios_heaps_HeapMem_Module_GateProxy_query__E
00020061   ti_sysbios_hal_Hwi_HwiProxy_Module__startupDone__S
00020065   ti_sysbios_hal_Hwi_HwiProxy_Object__delete__S
00020069   ti_sysbios_hal_Hwi_HwiProxy_delete
0002006d   ti_sysbios_hal_Hwi_delete
00020071   ti_sysbios_heaps_HeapMem_Module_GateProxy_enter__E
00020075   ti_sysbios_heaps_HeapMem_Module_GateProxy_leave__E
00020079   ti_sysbios_knl_Clock_TimerProxy_Module__startupDone__S
0002007d   ti_sysbios_knl_Clock_TimerProxy_getCurrentTick__E
00020081   ti_sysbios_knl_Clock_TimerProxy_getMaxTicks__E
00020085   ti_sysbios_knl_Clock_TimerProxy_getPeriod__E
00020089   ti_sysbios_knl_Clock_TimerProxy_setNextTick__E
0002008d   ti_sysbios_knl_Queue_destruct
00020091   ti_sysbios_knl_Semaphore_delete
00020095   ti_sysbios_knl_Semaphore_destruct
00020099   ti_sysbios_knl_Swi_delete
0002009d   ti_sysbios_knl_Task_SupportProxy_Module__startupDone__S
000200a1   ti_sysbios_knl_Task_delete
000200a5   ti_sysbios_knl_Task_startup__E
000200a9   xdc_runtime_Error_getMsg__E
000200ad   xdc_runtime_Error_getSite__E
000200b1   xdc_runtime_Memory_HeapProxy_alloc__E
000200b5   xdc_runtime_Memory_HeapProxy_free__E
000200b9   xdc_runtime_System_Module_GateProxy_enter__E
000200bd   xdc_runtime_System_Module_GateProxy_leave__E
000200c1   xdc_runtime_System_aprintf_va__F
000200c5   xdc_runtime_System_printf_va__F
000200c8   xdc_runtime_Text_charTab__A
0002180d   ti_sysbios_knl_Clock_tickMode__C
0002180e   ti_catalog_arm_cortexm4_tiva_ce_Boot_Module__id__C
00024810   server_key_der_2048
00024cb9   ca_cert_der_2048
0002515b   server_cert_der_2048
000254ef   ti_sysbios_knl_Clock_tickSource__C
00025710   xdc_runtime_Text_nodeTab__A
0002595a   ti_sysbios_family_arm_lm4_TimestampProvider_useClockTimer__C
00025a77   xdc_runtime_Error_policy__C
00025b44   Code2Err
00025c66   ti_sysbios_family_arm_m3_Hwi_Module__id__C
00025c68   ti_sysbios_knl_Task_Object__PARAMS__C
00025cdc   emacHWAttrs
00025ce8   EMAC_config
00025d00   GPIO_config
00025dd4   gpioHWAttrs
00025e04   ti_sysbios_family_arm_m3_Hwi_Object__PARAMS__C
00025e34   ti_sysbios_hal_Hwi_Object__PARAMS__C
00025eb0   ti_sysbios_heaps_HeapMem_Module__FXNS__C
00025ed8   ti_sysbios_knl_Swi_Object__PARAMS__C
00025f00   ti_sysbios_gates_GateHwi_Module__FXNS__C
00025f24   ti_sysbios_gates_GateMutex_Module__FXNS__C
00025f48   ti_sysbios_heaps_HeapMem_Object__PARAMS__C
00025f6c   ti_sysbios_knl_Clock_Object__PARAMS__C
00025f90   ti_sysbios_knl_Semaphore_Object__PARAMS__C
00025fb4   xdc_runtime_Startup_sfxnTab__A
00025ff8   ti_sysbios_family_arm_m3_Hwi_Object__DESC__C
00026018   ti_sysbios_gates_GateHwi_Object__DESC__C
00026038   ti_sysbios_gates_GateMutex_Object__DESC__C
00026058   ti_sysbios_hal_Hwi_Object__DESC__C
00026078   ti_sysbios_heaps_HeapMem_Object__DESC__C
00026098   ti_sysbios_knl_Clock_Object__DESC__C
000260b8   ti_sysbios_knl_Queue_Object__DESC__C
000260d8   ti_sysbios_knl_Semaphore_Object__DESC__C
000260f8   ti_sysbios_knl_Swi_Object__DESC__C
00026118   ti_sysbios_knl_Task_Object__DESC__C
00026150   ti_ndk_config_Global_rawPageSize
00026154   ti_ndk_config_Global_rawPageCount
00026158   ti_ndk_config_Global_smallest
0002615c   ti_ndk_config_Global_largest
00026160   ti_ndk_config_Global_numFrameBuf
00026164   ti_ndk_config_Global_sizeFrameBuf
00026168   ti_sysbios_gates_GateHwi_Object__PARAMS__C
00026180   ti_sysbios_gates_GateMutex_Object__PARAMS__C
00026198   ti_sysbios_knl_Queue_Object__PARAMS__C
000261b0   ti_sysbios_knl_Task_hooks__A
000261c8   xdc_runtime_Startup_firstFxns__A
000261dc   xdc_runtime_Startup_sfxnRts__A
00026218   EMACSnow_fxnTable
00026220   ti_sysbios_family_arm_m3_Hwi_excHookFuncs__A
00026228   ti_sysbios_knl_Idle_funcList__A
00026230   ti_sysbios_knl_Idle_funcList__C
00026238   ti_sysbios_knl_Task_hooks__C
00026240   xdc_runtime_Startup_firstFxns__C
00026248   xdc_runtime_Startup_lastFxns__C
00026250   ti_catalog_arm_cortexm4_tiva_ce_Boot_A_mustNotUseEnhancedClockMode__C
00026254   ti_catalog_arm_cortexm4_tiva_ce_Boot_Module__diagsEnabled__C
00026258   ti_catalog_arm_cortexm4_tiva_ce_Boot_Module__diagsIncluded__C
0002625c   ti_catalog_arm_cortexm4_tiva_ce_Boot_Module__diagsMask__C
00026260   ti_sysbios_family_arm_lm4_Timer_enableFunc__C
00026264   ti_sysbios_family_arm_lm4_Timer_numTimerDevices__C
00026268   ti_sysbios_family_arm_lm4_Timer_startupNeeded__C
0002626c   ti_sysbios_family_arm_m3_Hwi_E_NMI__C
00026270   ti_sysbios_family_arm_m3_Hwi_E_alreadyDefined__C
00026274   ti_sysbios_family_arm_m3_Hwi_E_busFault__C
00026278   ti_sysbios_family_arm_m3_Hwi_E_debugMon__C
0002627c   ti_sysbios_family_arm_m3_Hwi_E_hardFault__C
00026280   ti_sysbios_family_arm_m3_Hwi_E_hwiLimitExceeded__C
00026284   ti_sysbios_family_arm_m3_Hwi_E_memFault__C
00026288   ti_sysbios_family_arm_m3_Hwi_E_noIsr__C
0002628c   ti_sysbios_family_arm_m3_Hwi_E_reserved__C
00026290   ti_sysbios_family_arm_m3_Hwi_E_svCall__C
00026294   ti_sysbios_family_arm_m3_Hwi_E_usageFault__C
00026298   ti_sysbios_family_arm_m3_Hwi_LD_end__C
0002629c   ti_sysbios_family_arm_m3_Hwi_LM_begin__C
000262a0   ti_sysbios_family_arm_m3_Hwi_Module__diagsEnabled__C
000262a4   ti_sysbios_family_arm_m3_Hwi_Module__diagsIncluded__C
000262a8   ti_sysbios_family_arm_m3_Hwi_Module__diagsMask__C
000262ac   ti_sysbios_family_arm_m3_Hwi_Module__loggerFxn1__C
000262b0   ti_sysbios_family_arm_m3_Hwi_Module__loggerFxn8__C
000262b4   ti_sysbios_family_arm_m3_Hwi_Module__loggerObj__C
000262b8   ti_sysbios_family_arm_m3_Hwi_NUM_INTERRUPTS__C
000262bc   ti_sysbios_family_arm_m3_Hwi_Object__count__C
000262c0   ti_sysbios_family_arm_m3_Hwi_ccr__C
000262c4   ti_sysbios_family_arm_m3_Hwi_disablePriority__C
000262c8   ti_sysbios_family_arm_m3_Hwi_excHandlerFunc__C
000262cc   ti_sysbios_family_arm_m3_Hwi_excHookFuncs__C
000262d0   ti_sysbios_family_arm_m3_Hwi_nullIsrFunc__C
000262d4   ti_sysbios_family_arm_m3_Hwi_numSparseInterrupts__C
000262d8   ti_sysbios_family_arm_m3_Hwi_priGroup__C
000262dc   ti_sysbios_family_arm_m3_TaskSupport_stackAlignment__C
000262e0   ti_sysbios_gates_GateMutex_A_badContext__C
000262e4   ti_sysbios_gates_GateMutex_Instance_State_sem__O
000262e8   ti_sysbios_gates_GateMutex_Module__diagsEnabled__C
000262ec   ti_sysbios_gates_GateMutex_Module__diagsIncluded__C
000262f0   ti_sysbios_gates_GateMutex_Module__diagsMask__C
000262f4   ti_sysbios_hal_Hwi_E_stackOverflow__C
000262f8   ti_sysbios_heaps_HeapMem_A_align__C
000262fc   ti_sysbios_heaps_HeapMem_A_heapSize__C
00026300   ti_sysbios_heaps_HeapMem_A_invalidFree__C
00026304   ti_sysbios_heaps_HeapMem_A_zeroBlock__C
00026308   ti_sysbios_heaps_HeapMem_E_memory__C
0002630c   ti_sysbios_heaps_HeapMem_Module__diagsEnabled__C
00026310   ti_sysbios_heaps_HeapMem_Module__diagsIncluded__C
00026314   ti_sysbios_heaps_HeapMem_Module__diagsMask__C
00026318   ti_sysbios_heaps_HeapMem_Module__gateObj__C
0002631c   ti_sysbios_heaps_HeapMem_Object__count__C
00026320   ti_sysbios_heaps_HeapMem_reqAlign__C
00026324   ti_sysbios_knl_Clock_A_badThreadType__C
00026328   ti_sysbios_knl_Clock_LM_begin__C
0002632c   ti_sysbios_knl_Clock_LM_tick__C
00026330   ti_sysbios_knl_Clock_LW_delayed__C
00026334   ti_sysbios_knl_Clock_Module_State_clockQ__O
00026338   ti_sysbios_knl_Clock_Module__diagsEnabled__C
0002633c   ti_sysbios_knl_Clock_Module__diagsIncluded__C
00026340   ti_sysbios_knl_Clock_Module__diagsMask__C
00026344   ti_sysbios_knl_Clock_Module__loggerFxn1__C
00026348   ti_sysbios_knl_Clock_Module__loggerFxn2__C
0002634c   ti_sysbios_knl_Clock_Module__loggerObj__C
00026350   ti_sysbios_knl_Semaphore_A_badContext__C
00026354   ti_sysbios_knl_Semaphore_A_noEvents__C
00026358   ti_sysbios_knl_Semaphore_A_overflow__C
0002635c   ti_sysbios_knl_Semaphore_A_pendTaskDisabled__C
00026360   ti_sysbios_knl_Semaphore_Instance_State_pendQ__O
00026364   ti_sysbios_knl_Semaphore_LM_pend__C
00026368   ti_sysbios_knl_Semaphore_LM_post__C
0002636c   ti_sysbios_knl_Semaphore_Module__diagsEnabled__C
00026370   ti_sysbios_knl_Semaphore_Module__diagsIncluded__C
00026374   ti_sysbios_knl_Semaphore_Module__diagsMask__C
00026378   ti_sysbios_knl_Semaphore_Module__loggerFxn2__C
0002637c   ti_sysbios_knl_Semaphore_Module__loggerFxn4__C
00026380   ti_sysbios_knl_Semaphore_Module__loggerObj__C
00026384   ti_sysbios_knl_Swi_A_badPriority__C
00026388   ti_sysbios_knl_Swi_LD_end__C
0002638c   ti_sysbios_knl_Swi_LM_begin__C
00026390   ti_sysbios_knl_Swi_LM_post__C
00026394   ti_sysbios_knl_Swi_Module__diagsEnabled__C
00026398   ti_sysbios_knl_Swi_Module__diagsIncluded__C
0002639c   ti_sysbios_knl_Swi_Module__diagsMask__C
000263a0   ti_sysbios_knl_Swi_Module__loggerFxn1__C
000263a4   ti_sysbios_knl_Swi_Module__loggerFxn4__C
000263a8   ti_sysbios_knl_Swi_Module__loggerObj__C
000263ac   ti_sysbios_knl_Swi_Object__count__C
000263b0   ti_sysbios_knl_Swi_numPriorities__C
000263b4   ti_sysbios_knl_Task_A_badPriority__C
000263b8   ti_sysbios_knl_Task_A_badTaskState__C
000263bc   ti_sysbios_knl_Task_A_badThreadType__C
000263c0   ti_sysbios_knl_Task_A_badTimeout__C
000263c4   ti_sysbios_knl_Task_A_noPendElem__C
000263c8   ti_sysbios_knl_Task_A_sleepTaskDisabled__C
000263cc   ti_sysbios_knl_Task_E_deleteNotAllowed__C
000263d0   ti_sysbios_knl_Task_E_spOutOfBounds__C
000263d4   ti_sysbios_knl_Task_E_stackOverflow__C
000263d8   ti_sysbios_knl_Task_LD_block__C
000263dc   ti_sysbios_knl_Task_LD_exit__C
000263e0   ti_sysbios_knl_Task_LD_ready__C
000263e4   ti_sysbios_knl_Task_LM_setPri__C
000263e8   ti_sysbios_knl_Task_LM_sleep__C
000263ec   ti_sysbios_knl_Task_LM_switch__C
000263f0   ti_sysbios_knl_Task_Module_State_inactiveQ__O
000263f4   ti_sysbios_knl_Task_Module_State_terminatedQ__O
000263f8   ti_sysbios_knl_Task_Module__diagsEnabled__C
000263fc   ti_sysbios_knl_Task_Module__diagsIncluded__C
00026400   ti_sysbios_knl_Task_Module__diagsMask__C
00026404   ti_sysbios_knl_Task_Module__loggerFxn2__C
00026408   ti_sysbios_knl_Task_Module__loggerFxn4__C
0002640c   ti_sysbios_knl_Task_Module__loggerObj__C
00026410   ti_sysbios_knl_Task_Object__count__C
00026414   ti_sysbios_knl_Task_Object__heap__C
00026418   ti_sysbios_knl_Task_allBlockedFunc__C
0002641c   ti_sysbios_knl_Task_defaultStackHeap__C
00026420   ti_sysbios_knl_Task_defaultStackSize__C
00026424   ti_sysbios_knl_Task_numConstructedTasks__C
00026428   ti_sysbios_knl_Task_numPriorities__C
0002642c   xdc_runtime_Assert_E_assertFailed__C
00026430   xdc_runtime_Core_A_initializedParams__C
00026434   xdc_runtime_Core_Module__diagsEnabled__C
00026438   xdc_runtime_Core_Module__diagsIncluded__C
0002643c   xdc_runtime_Core_Module__diagsMask__C
00026440   xdc_runtime_Error_E_memory__C
00026444   xdc_runtime_Error_Module__diagsEnabled__C
00026448   xdc_runtime_Error_Module__diagsIncluded__C
0002644c   xdc_runtime_Error_Module__diagsMask__C
00026450   xdc_runtime_Error_Module__loggerFxn8__C
00026454   xdc_runtime_Error_Module__loggerObj__C
00026458   xdc_runtime_Error_policyFxn__C
0002645c   xdc_runtime_Error_raiseHook__C
00026460   xdc_runtime_IGateProvider_Interface__BASE__C
00026464   xdc_runtime_IHeap_Interface__BASE__C
00026468   xdc_runtime_IModule_Interface__BASE__C
0002646c   xdc_runtime_Log_L_error__C
00026470   xdc_runtime_Memory_defaultHeapInstance__C
00026474   xdc_runtime_Startup_execImpl__C
00026478   xdc_runtime_Startup_lastFxns__A
0002647c   xdc_runtime_Startup_maxPasses__C
00026480   xdc_runtime_Startup_sfxnRts__C
00026484   xdc_runtime_Startup_sfxnTab__C
00026488   xdc_runtime_SysMin_bufSize__C
0002648c   xdc_runtime_SysMin_outputFunc__C
00026490   xdc_runtime_System_Module__gateObj__C
00026494   xdc_runtime_System_abortFxn__C
00026498   xdc_runtime_System_exitFxn__C
0002649c   xdc_runtime_System_extendFxn__C
000264a0   xdc_runtime_System_maxAtexitHandlers__C
000264a4   xdc_runtime_Text_charTab__C
000264a8   xdc_runtime_Text_nameEmpty__C
000264ac   xdc_runtime_Text_nameStatic__C
000264b0   xdc_runtime_Text_nameUnknown__C
000264b4   xdc_runtime_Text_nodeTab__C
000264b8   xdc_runtime_Text_visitRopeFxn__C
000264bc   ti_sysbios_family_arm_m3_Hwi_Module__loggerDefined__C
000264be   ti_sysbios_gates_GateMutex_Module__id__C
000264c0   ti_sysbios_hal_Hwi_Module__id__C
000264c2   ti_sysbios_heaps_HeapMem_Module__id__C
000264c4   ti_sysbios_knl_Clock_Module__id__C
000264c6   ti_sysbios_knl_Clock_Module__loggerDefined__C
000264c8   ti_sysbios_knl_Semaphore_Module__id__C
000264ca   ti_sysbios_knl_Semaphore_Module__loggerDefined__C
000264cc   ti_sysbios_knl_Swi_Module__id__C
000264ce   ti_sysbios_knl_Swi_Module__loggerDefined__C
000264d0   ti_sysbios_knl_Task_Module__id__C
000264d2   ti_sysbios_knl_Task_Module__loggerDefined__C
000264d4   ti_sysbios_knl_Task_checkStackFlag__C
000264d6   ti_sysbios_knl_Task_deleteTerminatedTasks__C
000264d8   ti_sysbios_knl_Task_initStackFlag__C
000264da   xdc_runtime_Core_Module__id__C
000264dc   xdc_runtime_Error_Module__loggerDefined__C
000264de   xdc_runtime_Error_maxDepth__C
000264e0   xdc_runtime_Memory_Module__id__C
000264e2   xdc_runtime_SysMin_flushAtExit__C
000264e4   xdc_runtime_Text_charCnt__C
000264e6   xdc_runtime_Text_isLoaded__C
000264e8   xdc_runtime_Text_registryModsLastId__C
000264ea   xdc_runtime_Text_unnamedModsLastId__C
00026aec   __TI_Handler_Table_Base
00026af8   __TI_Handler_Table_Limit
00026b08   __TI_CINIT_Base
00026b20   __TI_CINIT_Limit
20000000   ti_sysbios_family_arm_m3_Hwi_ramVectors
20000380   ti_sysbios_heaps_HeapMem_Instance_State_0_buf__A
20018a20   ti_ndk_config_Global_pit
20018ac8   ti_ndk_config_Global_pitBuffer
2001d2f4   PBMQ_free
2001d300   ti_ndk_config_Global_pBufMem
20020f00   ti_ndk_config_Global_pHdrMem
200220c0   ti_sysbios_knl_Task_Instance_State_0_stack__A
200226c0   ti_sysbios_knl_Task_Instance_State_1_stack__A
200229c0   ti_sysbios_family_arm_m3_Hwi_dispatchTable
20022d20   __CIOBUF_
2002301c   tcps
200232a8   xdc_runtime_SysMin_Module_State_0_outbuf__A
20023328   BlockMax
20023344   BlockCount
20023360   PageMax
2002337c   PageCount
20023398   ips
20023400   nimu_mcb
20023460   _ICMPIn
200234ac   _ICMPOut
20023538   vlan_mcb
20023594   _IGMPInDiscard
20023598   _IGMPInQuery
2002359c   _IGMPInQueryGroup
200235a0   _IGMPInResponse
200235a4   _IGMPOutResponse
200235a8   udps
200235cc   stkEvent
20023618   raws
20023628   raweths
20023638   tpseudo
20023644   upseudo
20023658   emacObjects
2002366c   raweth_pcb
20023678   g_ulStatus
20023680   ti_sysbios_knl_Task_Instance_State_0_hookEnv__A
20023684   ti_sysbios_knl_Task_Instance_State_1_hookEnv__A
20023688   ti_ndk_config_Global_Id2Size
200236a4   ti_ndk_config_Global_HostName
200236e8   ti_sysbios_family_arm_lm4_Timer_Module__root__V
200236f0   ti_sysbios_family_arm_lm4_Timer_Module_State_0_handles__A
20023710   ti_sysbios_family_arm_lm4_Timer_Module__state__V
2002371c   ti_sysbios_family_arm_lm4_TimestampProvider_Module__state__V
20023724   ti_sysbios_family_arm_m3_Hwi_Module__root__V
2002372c   ti_sysbios_family_arm_m3_Hwi_Module_State_0_excActive__A
20023730   ti_sysbios_family_arm_m3_Hwi_Module_State_0_excContext__A
20023734   ti_sysbios_family_arm_m3_Hwi_Module_State_0_excStack__A
20023738   ti_sysbios_gates_GateHwi_Module__root__V
20023740   ti_sysbios_gates_GateHwi_Object__table__V
20023744   ti_sysbios_gates_GateMutex_Module__root__V
2002374c   ti_sysbios_hal_Hwi_Module__root__V
20023754   ti_sysbios_heaps_HeapMem_Module__root__V
2002375c   ti_sysbios_heaps_HeapMem_Object__table__V
20023774   ti_sysbios_knl_Clock_Module__root__V
2002377c   ti_sysbios_knl_Queue_Module__root__V
20023784   ti_sysbios_knl_Semaphore_Module__root__V
2002378c   ti_sysbios_knl_Swi_Module__root__V
20023794   ti_sysbios_knl_Swi_Module__state__V
200237b0   ti_sysbios_knl_Task_Module__root__V
200237b8   ti_sysbios_knl_Task_Module_State_0_idleTask__A
200237bc   xdc_runtime_Error_Module__state__V
200237c0   xdc_runtime_Memory_Module__state__V
200237c4   xdc_runtime_Registry_Module__state__V
200237cc   xdc_runtime_Startup_Module__state__V
200237d4   xdc_runtime_SysMin_Module__state__V
200237e0   xdc_runtime_System_Module_State_0_atexitHandlers__A
20023800   xdc_runtime_System_Module__state__V
20023808   xdc_runtime_Text_Module__state__V
20023810   __xdc__init__addr
20023814   _ipcfg
200238c8   ti_sysbios_knl_Task_Object__table__V
20023914   TSK_idle
20023960   ti_sysbios_family_arm_lm4_Timer_Object__table__V
200239e0   ti_sysbios_knl_Swi_Module_State_0_readyQ__A
20023a60   ti_sysbios_knl_Task_Module_State_0_readyQ__A
20023b30   ti_sysbios_knl_Task_Module__state__V
20023bf4   ti_sysbios_family_arm_lm4_Timer_Module_State_0_device__A
20023c34   ti_sysbios_gates_GateMutex_Object__table__V
20023ca0   ti_sysbios_family_arm_m3_Hwi_Module__state__V
20023cd4   enablePrefetch
20023cd8   phyCounter
20023d38   ti_sysbios_family_arm_m3_Hwi_Object__table__V
20023d68   ti_sysbios_knl_Swi_Object__table__V
20023d98   ti_sysbios_knl_Clock_Module__state__V
20023dc4   pstrMsgName
20023dec   _oscfg
20023e10   PITCount
20023e14   PITUsed
20023e18   PITHigh
20023e34   ti_sysbios_BIOS_Module__state__V
20023ebc   NIMUDeviceTable
20023ec4   macAddress
20023ed4   _IGMPForceVersion1
20023f10   _lock
20023f14   _unlock
20023f18   __TI_cleanup_ptr
20023f1c   __TI_dtors_ptr
20023f28   _ICMPInErrors
20023f2c   _ICMPOutErrors
20023f30   _IPExecuting
20023f48   tcp_iss
20023f4c   ptTimeFirst
20023f78   main_func_sp
20023f80   _IPReasmPtr
20023f90   __stack
20024190   __STACK_TOP
20024390   __STACK_END
40000400   ti_sysbios_family_arm_ducati_CTM_ctm
e000e000   ti_sysbios_family_arm_m3_Hwi_nvic
ffffffff   __binit__
ffffffff   __c_args__
ffffffff   binit
UNDEFED    SHT$$INIT_ARRAY$$Base
UNDEFED    SHT$$INIT_ARRAY$$Limit

[1293 symbols]
