******************************************************************************
                  TI ARM Linker PC v5.1.6                      
******************************************************************************
>> Linked Thu Jul 24 14:08:22 2014

OUTPUT FILE NAME:   <tcpEcho_TivaTM4C1294NCPDT.out>
ENTRY POINT SYMBOL: "_c_int00"  address: 0001d38d


MEMORY CONFIGURATION

         name            origin    length      used     unused   attr    fill
----------------------  --------  ---------  --------  --------  ----  --------
  FLASH                 00000000   00100000  000298a0  000d6760  R  X
  SRAM                  20000000   00040000  00024370  0001bc90  RW X


SEGMENT ALLOCATION MAP

run origin  load origin   length   init length attrs members
----------  ----------- ---------- ----------- ----- -------
00000000    00000000    000298a8   000298a8    r-x
  00000000    00000000    0000003c   0000003c    r-- .resetVecs
  0000003c    0000003c    00022ca6   00022ca6    r-x .text
  00022ce4    00022ce4    0000658e   0000658e    r-- .const
  00029278    00029278    00000630   00000630    r-- .cinit
20000000    20000000    00000360   00000000    rw-
  20000000    20000000    00000360   00000000    rw- .vecs
20000380    20000380    00024010   00000000    rw-
  20000380    20000380    00023308   00000000    rw- .bss
  20023688    20023688    00000908   00000000    rw- .data
  20023f90    20023f90    00000400   00000000    rw- .stack


SECTION ALLOCATION MAP

 output                                  attributes/
section   page    origin      length       input sections
--------  ----  ----------  ----------   ----------------
.bootVecs 
*          0    00000000    00000008     DSECT
                  00000000    00000008     boot.aem4f : boot.oem4f (.bootVecs)

.resetVecs 
*          0    00000000    0000003c     
                  00000000    0000003c     tcpEcho_pem4f.oem4f (.resetVecs)

xdc.meta   0    00000000    000000f3     COPY SECTION
                  00000000    000000f3     tcpEcho_pem4f.oem4f (xdc.meta)

.init_array 
*          0    00000000    00000000     UNINITIALIZED

.text      0    0000003c    00022ca6     
                  0000003c    00001634     ti.net.wolfssl.aem4f : sha.oem4f (.text:Transform)
                  00001670    00000bd4     stk.aem4f : tcpin.oem4f (.text:TcpInput)
                  00002244    0000095c     ti.net.wolfssl.aem4f : md5.oem4f (.text:Transform)
                  00002ba0    000008a8     stk.aem4f : tcpout.oem4f (.text:TcpOutput)
                  00003448    0000089a     ti.net.wolfssl.aem4f : ssl.oem4f (.text:PemToDer)
                  00003ce2    0000066a                         : sha256.oem4f (.text:Transform)
                  0000434c    000005c4                         : ssl.oem4f (.text:ProcessBuffer)
                  00004910    000004b6                         : asn.oem4f (.text:GetName)
                  00004dc6    0000046a                         : aes.oem4f (.text:AesDecrypt)
                  00005230    0000046a                         : aes.oem4f (.text:AesEncrypt)
                  0000569a    00000462                         : aes.oem4f (.text:AesSetKeyLocal)
                  00005afc    00000432                         : internal.oem4f (.text:DoCertificate)
                  00005f2e    0000042c                         : internal.oem4f (.text:InitSSL)
                  0000635a    00000426                         : tfm.oem4f (.text:fp_div)
                  00006780    00000424     sysbios.aem4f : BIOS.obj (.text:ti_sysbios_family_arm_m3_Hwi_excDumpRegs__I)
                  00006ba4    000003fc     stk.aem4f : ipout.oem4f (.text:IPTxPacket)
                  00006fa0    000003d4     tcpEcho.obj (.text:tcpHandler)
                  00007374    000003ac     ti.net.wolfssl.aem4f : des3.oem4f (.text:DesSetKey)
                  00007720    00000390     stk.aem4f : ipin.oem4f (.text:IPRxPacket)
                  00007ab0    0000033c     ti.targets.arm.rtsarm.aem4f : System.oem4f (.text:xdc_runtime_System_doPrint__I)
                  00007dec    0000031c     ti.net.wolfssl.aem4f : internal.oem4f (.text:DoClientHello)
                  00008108    00000316                         : tfm.oem4f (.text:fp_invmod_slow)
                  0000841e    00000314                         : keys.oem4f (.text:SetCipherSpecs)
                  00008732    0000030a                         : internal.oem4f (.text:ProcessReply)
                  00008a3c    00000300                         : internal.oem4f (.text:DoClientKeyExchange)
                  00008d3c    00000300     sysbios.aem4f : BIOS.obj (.text:ti_sysbios_knl_Semaphore_pend__E)
                  0000903c    000002d4     rtsv7M4_T_le_v4SPD16_eabi.lib : trgdrv.obj (.text)
                  00009310    000002d4     sysbios.aem4f : BIOS.obj (.text:ti_sysbios_knl_Task_Instance_finalize__E)
                  000095e4    000002d0     ti.net.wolfssl.aem4f : tfm.oem4f (.text:fp_sqr_comba)
                  000098b4    0000026f     stk.aem4f : sock.oem4f (.text:SockSet)
                  00009b23    00000001     --HOLE-- [fill = 0]
                  00009b24    00000262     ti.net.wolfssl.aem4f : asn.oem4f (.text:ConfirmNameConstraints)
                  00009d86    0000024a                         : internal.oem4f (.text:SendClientKeyExchange)
                  00009fd0    00000248     stk.aem4f : ipfrag.oem4f (.text:IPReasm)
                  0000a218    00000248     sysbios.aem4f : BIOS.obj (.text:ti_sysbios_family_arm_lm4_Timer_start__E)
                  0000a460    00000248                   : BIOS.obj (.text:ti_sysbios_heaps_HeapMem_free__E)
                  0000a6a8    00000236     ti.net.wolfssl.aem4f : tfm.oem4f (.text:fp_invmod)
                  0000a8de    00000002     hal_userled_stub.aem4f : llled.oem4f (.text:LED_TOGGLE)
                  0000a8e0    00000234     stk.aem4f : icmpin.oem4f (.text:ICMPInput)
                  0000ab14    00000234     ti.net.wolfssl.aem4f : tfm.oem4f (.text:fp_montgomery_reduce)
                  0000ad48    00000234     sysbios.aem4f : BIOS.obj (.text:ti_sysbios_heaps_HeapMem_alloc__E)
                  0000af7c    0000022e     ti.net.wolfssl.aem4f : internal.oem4f (.text:ProcessOldClientHello)
                  0000b1aa    00000002     stk.aem4f : nat.oem4f (.text:NatMsg)
                  0000b1ac    0000021c               : udp.oem4f (.text:UdpInput)
                  0000b3c8    0000021c     ti.net.wolfssl.aem4f : asn.oem4f (.text:gmtime)
                  0000b5e4    0000021a                         : asn.oem4f (.text:DecodeCertExtensions)
                  0000b7fe    00000002                         : io.oem4f (.text:TranslateReturnCode)
                  0000b800    0000020c     sysbios.aem4f : BIOS.obj (.text:ti_sysbios_family_arm_m3_Hwi_excHandlerMax__I)
                  0000ba0c    0000020a     ti.net.wolfssl.aem4f : rsa.oem4f (.text:RsaFunction)
                  0000bc16    00000002     os.aem4f : task.oem4f (.text:_TaskInit)
                  0000bc18    00000204     Boot.aem4f : Boot_sysctl.oem4f (.text:ti_catalog_arm_cortexm4_tiva_ce_Boot_sysCtlClockFreqSetI__I)
                  0000be1c    00000200     stk.aem4f : sock.oem4f (.text:SockRecv)
                  0000c01c    000001fe     ti.net.wolfssl.aem4f : tfm.oem4f (.text:fp_mul_comba)
                  0000c21a    00000002     os.aem4f : task.oem4f (.text:_TaskShutdown)
                  0000c21c    000001fc     sysbios.aem4f : BIOS.obj (.text:ti_sysbios_knl_Task_sleep__E)
                  0000c418    000001f4     rtsv7M4_T_le_v4SPD16_eabi.lib : ull_div_t2.obj (.text)
                  0000c60c    000001e4     sysbios.aem4f : BIOS.obj (.text:ti_sysbios_knl_Task_Instance_init__E)
                  0000c7f0    000001ce     ti.net.wolfssl.aem4f : tfm.oem4f (.text:s_fp_sub)
                  0000c9be    000001c8                         : ssl.oem4f (.text:wolfSSL_connect)
                  0000cb86    000001c8                         : tfm.oem4f (.text:s_fp_add)
                  0000cd4e    00000002     hal_ser_stub.aem4f : llserstb.oem4f (.text:_llSerialServiceCheck)
                  0000cd50    000001b8     emac_tivaware.aem4f : EMACSnow.oem4f (.text:EMACSnow_NIMUInit)
                  0000cf08    000001b8     ti.net.wolfssl.aem4f : internal.oem4f (.text:InitSuites)
                  0000d0c0    000001b4     stk.aem4f : lliout.oem4f (.text:LLITxIpPacket)
                  0000d274    000001b2     ti.net.wolfssl.aem4f : keys.oem4f (.text:SetKeys)
                  0000d426    00000002     hal_ser_stub.aem4f : llserstb.oem4f (.text:_llSerialShutdown)
                  0000d428    000001ac     stk.aem4f : lliin.oem4f (.text:LLIRxPacket)
                  0000d5d4    0000019c     ti.net.wolfssl.aem4f : internal.oem4f (.text:DoServerHello)
                  0000d770    00000198     os.aem4f : mem.oem4f (.text:mmAlloc)
                  0000d908    00000194     stk.aem4f : sock.oem4f (.text:SockNew)
                  0000da9c    00000194     sysbios.aem4f : BIOS.obj (.text:ti_sysbios_knl_Task_setPri__E)
                  0000dc30    00000192     ti.net.wolfssl.aem4f : internal.oem4f (.text:SendClientHello)
                  0000ddc2    00000002     hal_userled_stub.aem4f : llled.oem4f (.text:_llUserLedInit)
                  0000ddc4    00000190     stk.aem4f : igmp.oem4f (.text:IGMPInput)
                  0000df54    0000018e     ti.net.wolfssl.aem4f : internal.oem4f (.text:DoCertificateVerify)
                  0000e0e2    0000018c                         : ssl.oem4f (.text:AddCA)
                  0000e26e    00000188                         : asn.oem4f (.text:ConfirmSignature)
                  0000e3f6    00000186                         : ssl.oem4f (.text:wolfSSL_accept)
                  0000e57c    0000017c                         : asn.oem4f (.text:ParseCertRelative)
                  0000e6f8    00000174                         : ssl.oem4f (.text:AddSession)
                  0000e86c    00000174                         : internal.oem4f (.text:SendCertificateVerify)
                  0000e9e0    00000170     stk.aem4f : rtc.oem4f (.text:RTCReport)
                  0000eb50    0000016e     ti.net.wolfssl.aem4f : asn.oem4f (.text:DecodeAltNames)
                  0000ecbe    0000016a                         : internal.oem4f (.text:CipherRequires)
                  0000ee28    0000016a                         : des3.oem4f (.text:DesRawProcessBlock)
                  0000ef92    00000002     hal_userled_stub.aem4f : llled.oem4f (.text:_llUserLedShutdown)
                  0000ef94    00000168     sysbios.aem4f : BIOS.obj (.text:ti_sysbios_family_arm_m3_Hwi_excBusFault__I)
                  0000f0fc    00000166     stk.aem4f : sb.oem4f (.text:SBRead)
                  0000f262    00000002     hal_ser_stub.aem4f : llserstb.oem4f (.text:llSerialService)
                  0000f264    00000164     stk.aem4f : sock.oem4f (.text:SockConnect)
                  0000f3c8    00000162     ti.net.wolfssl.aem4f : internal.oem4f (.text:BuildMessage)
                  0000f52a    00000162                         : internal.oem4f (.text:DoHandShakeMsgType)
                  0000f68c    0000015a                         : asn.oem4f (.text:SetAlgoID)
                  0000f7e6    0000014c                         : ssl.oem4f (.text:GetCAByName)
                  0000f932    0000014c                         : internal.oem4f (.text:SSL_hmac)
                  0000fa7e    00000002     tcpEcho_pem4f.oem4f (.text:ti_ndk_config_Global_NetworkClose)
                  0000fa80    00000148     sysbios.aem4f : BIOS.obj (.text:ti_sysbios_family_arm_m3_Hwi_dispatchC__I)
                  0000fbc8    00000148                   : BIOS.obj (.text:ti_sysbios_family_arm_m3_Hwi_excUsageFault__I)
                  0000fd10    00000144     stk.aem4f : bind.oem4f (.text:BindNew)
                  0000fe54    00000144     netctrl_min_ipv4.aem4f : netctrl.oem4f (.text:NC_NetStart)
                  0000ff98    00000144     sysbios.aem4f : BIOS.obj (.text:ti_sysbios_knl_Semaphore_post__E)
                  000100dc    00000140     stk.aem4f : tcp.oem4f (.text:TcpTimeoutCheck)
                  0001021c    00000140     sysbios.aem4f : BIOS.obj (.text:ti_sysbios_knl_Clock_workFunc__E)
                  0001035c    0000013e     stk.aem4f : sock.oem4f (.text:SockSend)
                  0001049a    00000002     tcpEcho_pem4f.oem4f (.text:ti_ndk_config_Global_NetworkOpen)
                  0001049c    0000013c     nettool_ipv4.aem4f : config.oem4f (.text:CfgAddEntry)
                  000105d8    00000138     ti.net.wolfssl.aem4f : ssl.oem4f (.text:GetSession)
                  00010710    00000138     sysbios.aem4f : BIOS.obj (.text:ti_sysbios_heaps_HeapMem_Instance_init__E)
                  00010848    00000138                   : BIOS.obj (.text:ti_sysbios_knl_Task_exit__E)
                  00010980    00000136     ti.net.wolfssl.aem4f : ssl.oem4f (.text:AlreadySigner)
                  00010ab6    00000134                         : ssl.oem4f (.text:GetCA)
                  00010bea    00000002     tcpEcho_pem4f.oem4f (.text:ti_ndk_config_global_taskCreateHook)
                  00010bec    00000134     tcpEcho.obj (.text:tcpWorker)
                  00010d20    00000134     sysbios.aem4f : BIOS.obj (.text:ti_sysbios_family_arm_m3_Hwi_excMemFault__I)
                  00010e54    00000130     ti.net.wolfssl.aem4f : coding.oem4f (.text:Base64_Decode)
                  00010f84    00000130     driverlib.lib : gpio.obj (.text:GPIOPadConfigSet)
                  000110b4    0000012c     EK_TM4C1294XL.obj (.text:EK_TM4C1294XL_initEMAC)
                  000111e0    0000012c     stk.aem4f : icmp.oem4f (.text:ICMPGenPacket)
                  0001130c    0000012c     tcpEcho.obj (.text:main)
                  00011438    00000128     sysbios.aem4f : BIOS.obj (.text:ti_sysbios_knl_Swi_run__I)
                  00011560    00000124     stk.aem4f : udp.oem4f (.text:UdpOutput)
                  00011684    00000124     tcpEcho_pem4f.oem4f (.text:ti_ndk_config_Global_stackThread)
                  000117a8    00000124     sysbios.aem4f : BIOS.obj (.text:ti_sysbios_knl_Clock_Instance_init__E)
                  000118cc    00000120     nettool_ipv4.aem4f : dhcpmain.oem4f (.text:DHCPOpen)
                  000119ec    00000120     stk.aem4f : sockpcb.oem4f (.text:SockPcbResolve)
                  00011b0c    00000120     ti.targets.arm.rtsarm.aem4f : Error.oem4f (.text:xdc_runtime_Error_policyDefault__E)
                  00011c2c    0000011c     stk.aem4f : tcpout.oem4f (.text:TcpGenPacket)
                  00011d48    0000011c     ti.net.wolfssl.aem4f : internal.oem4f (.text:VerifyMac)
                  00011e64    00000118                         : asn.oem4f (.text:MatchBaseName)
                  00011f7c    00000118     stk.aem4f : sockint.oem4f (.text:SockNotify)
                  00012094    00000116     ti.net.wolfssl.aem4f : tfm.oem4f (.text:_fp_exptmod)
                  000121aa    00000002     tcpEcho_pem4f.oem4f (.text:ti_ndk_config_global_taskExitHook)
                  000121ac    00000114     sysbios.aem4f : BIOS.obj (.text:ti_sysbios_knl_Task_schedule__I)
                  000122c0    00000110     stk.aem4f : node.oem4f (.text:NodeTreeFree)
                  000123d0    00000110     ti.net.wolfssl.aem4f : tfm.oem4f (.text:fp_div_2)
                  000124e0    0000010e                         : keys.oem4f (.text:MakeSslMasterSecret)
                  000125ee    0000010e     stk.aem4f : nimu.oem4f (.text:NIMUIoctl)
                  000126fc    0000010c     ti.net.wolfssl.aem4f : internal.oem4f (.text:DoCertificateRequest)
                  00012808    0000010c     stk.aem4f : igmp.oem4f (.text:IGMPSendReply)
                  00012914    0000010c               : route.oem4f (.text:RtCreate)
                  00012a20    0000010c               : rtable.oem4f (.text:RtFind)
                  00012b2c    0000010c     ti.net.wolfssl.aem4f : tls.oem4f (.text:p_hash)
                  00012c38    00000108                         : internal.oem4f (.text:TimingPadVerify)
                  00012d40    00000104                         : asn.oem4f (.text:DecodeCrlDist)
                  00012e44    00000104     stk.aem4f : raw.oem4f (.text:RawInput)
                  00012f48    00000104     ti.targets.arm.rtsarm.aem4f : Core-mem.oem4f (.text:xdc_runtime_Core_createObject__I)
                  0001304c    00000104     tcpEcho_pem4f.oem4f (.text:xdc_runtime_System_printfExtend__I)
                  00013150    000000fe     ti.net.wolfssl.aem4f : internal.oem4f (.text:DoHelloRequest)
                  0001324e    00000002     tcpEcho_pem4f.oem4f (.text:ti_sysbios_BIOS_nullFunc__I)
                  00013250    000000fc     netctrl_min_ipv4.aem4f : netctrl.oem4f (.text:NetScheduler)
                  0001334c    000000fc     sysbios.aem4f : BIOS.obj (.text:ti_sysbios_knl_Task_postInit__I)
                  00013448    000000fc                   : BIOS.obj (.text:ti_sysbios_knl_Task_startCore__E)
                  00013544    000000fc     ti.targets.arm.rtsarm.aem4f : Startup.oem4f (.text:xdc_runtime_Startup_startMods__I)
                  00013640    000000f8     emac_tivaware.aem4f : EMACSnow.oem4f (.text:EMACSnow_emacStart)
                  00013738    000000f8     stk.aem4f : pipe.oem4f (.text:PipeRecv)
                  00013830    000000f4               : lliout.oem4f (.text:LLIGenArpPacket)
                  00013924    000000f4     os.aem4f : task.oem4f (.text:llEnter)
                  00013a18    000000f4     sysbios.aem4f : m3_Hwi_asm.obj (.text:ti_sysbios_family_arm_m3_Hwi_dispatch__I)
                  00013b0c    000000f2     ti.net.wolfssl.aem4f : tfm.oem4f (.text:fp_lshd)
                  00013bfe    000000f0                         : tfm.oem4f (.text:fp_mul_d)
                  00013cee    000000ee                         : internal.oem4f (.text:SendData)
                  00013ddc    000000ee     stk.aem4f : sock.oem4f (.text:SockClose)
                  00013eca    000000e8     ti.net.wolfssl.aem4f : hmac.oem4f (.text:HmacSetKey)
                  00013fb2    000000e4                         : tls.oem4f (.text:doPRF)
                  00014096    000000e4                         : tfm.oem4f (.text:fp_div_2d)
                  0001417a    000000e2                         : arc4.oem4f (.text:Arc4SetKey)
                  0001425c    000000e0                         : internal.oem4f (.text:InitSSL_Ctx)
                  0001433c    000000e0     nettool_ipv4.aem4f : dhcpsock.oem4f (.text:dhcpSocketOpen)
                  0001441c    000000dc     sysbios.aem4f : BIOS.obj (.text:ti_sysbios_knl_Swi_Instance_init__E)
                  000144f8    000000da     ti.net.wolfssl.aem4f : internal.oem4f (.text:SendFinished)
                  000145d2    000000da                         : internal.oem4f (.text:SendServerHello)
                  000146ac    000000da                         : asn.oem4f (.text:ValidateDate)
                  00014786    00000002     sysbios.aem4f : BIOS.obj (.text:ti_sysbios_gates_GateHwi_Instance_init__E)
                  00014788    000000d8     stk.aem4f : node.oem4f (.text:NodeAdd)
                  00014860    000000d8               : sb.oem4f (.text:SBWrite)
                  00014938    000000d8               : sockpcb.oem4f (.text:SockPcbBind)
                  00014a10    000000d8     nettool_ipv4.aem4f : dhcppkt.oem4f (.text:dhcpPacketProcess)
                  00014ae8    000000d8                        : dhcpsm.oem4f (.text:dhcpState)
                  00014bc0    000000d6     ti.net.wolfssl.aem4f : keys.oem4f (.text:DeriveKeys)
                  00014c96    00000002     tcpEcho_pem4f.oem4f (.text:xdc_runtime_Startup_reset__I)
                  00014c98    000000d5     stk.aem4f : nimu.oem4f (.text:NIMUReceivePacket)
                  00014d6d    00000003     --HOLE-- [fill = 0]
                  00014d70    000000d4     emac_tivaware.aem4f : EMACSnow.oem4f (.text:EMACSnow_handleRx)
                  00014e44    000000d4     ti.net.wolfssl.aem4f : internal.oem4f (.text:SendCertificate)
                  00014f18    000000d4     stk.aem4f : tcpprot.oem4f (.text:TcpPrSetOption)
                  00014fec    000000d4               : tcptime.oem4f (.text:TcpTimeoutRexmt)
                  000150c0    000000d4     sysbios.aem4f : BIOS.obj (.text:ti_sysbios_family_arm_lm4_TimestampProvider_get32__E)
                  00015194    000000d4                   : BIOS.obj (.text:ti_sysbios_family_arm_m3_Hwi_postInit__I)
                  00015268    000000ce     ti.net.wolfssl.aem4f : asn.oem4f (.text:RsaPrivateKeyDecode)
                  00015336    00000002     --HOLE-- [fill = 0]
                  00015338    000000cc     stk.aem4f : rawethsock.oem4f (.text:RawEthSockNew)
                  00015404    000000cc     nettool_ipv4.aem4f : dhcpbild.oem4f (.text:dhcpBuildHeader)
                  000154d0    000000cc                        : dhcpsm.oem4f (.text:dhcpIPAdd)
                  0001559c    000000cc     ti.net.wolfssl.aem4f : tfm.oem4f (.text:fp_mod_2d)
                  00015668    000000cc     ti.targets.arm.rtsarm.aem4f : Core-smem.oem4f (.text:xdc_runtime_Core_constructObject__I)
                  00015734    000000ca     nettool_ipv4.aem4f : dhcppkt.oem4f (.text:dhcpVerifyMessage)
                  000157fe    000000c8     ti.net.wolfssl.aem4f : tfm.oem4f (.text:fp_mul_2d)
                  000158c6    00000002     --HOLE-- [fill = 0]
                  000158c8    000000c4     emac_tivaware.aem4f : EMACSnow.oem4f (.text:EMACSnow_InitDMADescriptors)
                  0001598c    000000c4     ti.net.wolfssl.aem4f : asn.oem4f (.text:GetDate)
                  00015a50    000000c4     stk.aem4f : icmp.oem4f (.text:ICMPSendRtAdv)
                  00015b14    000000c4               : igmp.oem4f (.text:IGMPJoinHostGroup)
                  00015bd8    000000c4     netctrl_min_ipv4.aem4f : netsrv.oem4f (.text:SPIpNet)
                  00015c9c    000000c4     sysbios.aem4f : BIOS.obj (.text:ti_sysbios_knl_Task_unblockI__E)
                  00015d60    000000c0     nettool_ipv4.aem4f : dhcpsm.oem4f (.text:StateBound)
                  00015e20    000000be     ti.net.wolfssl.aem4f : internal.oem4f (.text:DoFinished)
                  00015ede    000000be                         : internal.oem4f (.text:VerifyServerSuite)
                  00015f9c    000000bc                         : tls.oem4f (.text:BuildTlsFinished)
                  00016058    000000bc                         : hmac.oem4f (.text:HmacFinal)
                  00016114    000000bc     stk.aem4f : sockpcb.oem4f (.text:SockPcbFind)
                  000161d0    000000bc     os.aem4f : task.oem4f (.text:TaskGetEnv)
                  0001628c    000000bc     ti.net.wolfssl.aem4f : tfm.oem4f (.text:fp_read_unsigned_bin)
                  00016348    000000ba     stk.aem4f : icmpin.oem4f (.text:ICMPRevSrcRoute)
                  00016402    000000ba     ti.net.wolfssl.aem4f : internal.oem4f (.text:SendCertificateRequest)
                  000164bc    000000b8     EK_TM4C1294XL.obj (.text:EK_TM4C1294XL_initGeneral)
                  00016574    000000b8     os.aem4f : task.oem4f (.text:TaskSetEnv)
                  0001662c    000000b6     ti.net.wolfssl.aem4f : asn.oem4f (.text:InitDecodedCert)
                  000166e2    000000b6                         : internal.oem4f (.text:SendAlert)
                  00016798    000000b6                         : sha256.oem4f (.text:Sha256Final)
                  0001684e    00000002     --HOLE-- [fill = 0]
                  00016850    000000b4     sysbios.aem4f : BIOS.obj (.text:ti_sysbios_family_arm_lm4_Timer_enableTiva__I)
                  00016904    000000b4                   : BIOS.obj (.text:ti_sysbios_gates_GateMutex_enter__E)
                  000169b8    000000b4                   : BIOS.obj (.text:ti_sysbios_knl_Swi_post__E)
                  00016a6c    000000b4                   : BIOS.obj (.text:ti_sysbios_knl_Task_checkStacks__E)
                  00016b20    000000b2     ti.net.wolfssl.aem4f : internal.oem4f (.text:SSL_ResourceFree)
                  00016bd2    000000b2                         : tfm.oem4f (.text:fp_rshd)
                  00016c84    000000b0                         : asn.oem4f (.text:GetCertHeader)
                  00016d34    000000b0     stk.aem4f : rawethsock.oem4f (.text:RawEthSockSet)
                  00016de4    000000b0     ti.net.wolfssl.aem4f : internal.oem4f (.text:SendServerKeyExchange)
                  00016e94    000000b0                         : sha.oem4f (.text:ShaFinal)
                  00016f44    000000b0     stk.aem4f : sockint.oem4f (.text:SockCreatePacket)
                  00016ff4    000000b0               : lli.oem4f (.text:_LLITimeoutCheck)
                  000170a4    000000b0     sysbios.aem4f : BIOS.obj (.text:ti_sysbios_family_arm_lm4_Timer_Module_startup__E)
                  00017154    000000b0                   : BIOS.obj (.text:ti_sysbios_family_arm_lm4_Timer_enableTimers__I)
                  00017204    000000b0                   : BIOS.obj (.text:ti_sysbios_family_arm_m3_Hwi_excHardFault__I)
                  000172b4    000000ac     ti.net.wolfssl.aem4f : internal.oem4f (.text:ReceiveData)
                  00017360    000000ac     stk.aem4f : rtable.oem4f (.text:RtTimeoutCheck)
                  0001740c    000000a8     ti.net.wolfssl.aem4f : internal.oem4f (.text:GetInputData)
                  000174b4    000000a8     stk.aem4f : tcptime.oem4f (.text:TcpTimeoutKeep)
                  0001755c    000000a8     sysbios.aem4f : BIOS.obj (.text:ti_sysbios_knl_Task_blockI__E)
                  00017604    000000a6     ti.net.wolfssl.aem4f : internal.oem4f (.text:BuildCertHashes)
                  000176aa    000000a6                         : rsa.oem4f (.text:RsaPad)
                  00017750    000000a4                         : keys.oem4f (.text:SetPrefix)
                  000177f4    000000a4     stk.aem4f : vlan.oem4f (.text:VLANDeinit)
                  00017898    000000a4     sysbios.aem4f : BIOS.obj (.text:ti_sysbios_family_arm_m3_Hwi_excDebugMon__I)
                  0001793c    000000a2     ti.net.wolfssl.aem4f : asn.oem4f (.text:DecodeSubtree)
                  000179de    000000a0                         : asn.oem4f (.text:DecodeAuthInfo)
                  00017a7e    000000a0                         : internal.oem4f (.text:MatchDomainName)
                  00017b1e    000000a0                         : keys.oem4f (.text:StoreKeys)
                  00017bbe    00000002     --HOLE-- [fill = 0]
                  00017bc0    000000a0     auto_init.aem4f : auto_init.oem4f (.text)
                  00017c60    000000a0     sysbios.aem4f : BIOS.obj (.text:ti_sysbios_family_arm_m3_Hwi_Instance_init__E)
                  00017d00    0000009e     ti.net.wolfssl.aem4f : asn.oem4f (.text:GetAlgoId)
                  00017d9e    00000002     --HOLE-- [fill = 0]
                  00017da0    0000009c     stk.aem4f : exec.oem4f (.text:ExecOpen)
                  00017e3c    0000009c     ti.net.wolfssl.aem4f : internal.oem4f (.text:MatchSuite)
                  00017ed8    0000009c     netctrl_min_ipv4.aem4f : netsrv.oem4f (.text:ServiceScan)
                  00017f74    0000009c     rtsv7M4_T_le_v4SPD16_eabi.lib : memcpy_t2.obj (.text)
                  00018010    0000009c     sysbios.aem4f : BIOS.obj (.text:ti_sysbios_family_arm_lm4_Timer_setNextTick__E)
                  000180ac    0000009c                   : BIOS.obj (.text:ti_sysbios_knl_Semaphore_Instance_init__E)
                  00018148    0000009a     ti.net.wolfssl.aem4f : keys.oem4f (.text:CleanPreMaster)
                  000181e2    0000009a                         : asn.oem4f (.text:ToTraditional)
                  0001827c    0000009a     ti.targets.arm.rtsarm.aem4f : Text.oem4f (.text:xdc_runtime_Text_putSite__E)
                  00018316    00000002     --HOLE-- [fill = 0]
                  00018318    00000099     stk.aem4f : nimu.oem4f (.text:NIMUAddEthernetHeader)
                  000183b1    00000003     --HOLE-- [fill = 0]
                  000183b4    00000098               : ip.oem4f (.text:IPGetRoute)
                  0001844c    00000098     netctrl_min_ipv4.aem4f : netctrl.oem4f (.text:NC_SystemOpen)
                  000184e4    00000098     sysbios.aem4f : BIOS.obj (.text:ti_sysbios_knl_Clock_startI__E)
                  0001857c    00000094     nettool_ipv4.aem4f : config.oem4f (.text:CfgExecute)
                  00018610    00000094                        : config.oem4f (.text:CfgRemoveEntry)
                  000186a4    00000094     ti.net.wolfssl.aem4f : asn.oem4f (.text:GetKey)
                  00018738    00000094                         : internal.oem4f (.text:GrowInputBuffer)
                  000187cc    00000094                         : internal.oem4f (.text:SendBuffered)
                  00018860    00000094     Boot.aem4f : Boot.oem4f (.text:ti_catalog_arm_cortexm4_tiva_ce_Boot_sysCtlClockFreqSet__E)
                  000188f4    00000094     ti.targets.arm.rtsarm.aem4f : Text.oem4f (.text:xdc_runtime_Text_putMod__E)
                  00018988    00000092     ti.net.wolfssl.aem4f : internal.oem4f (.text:BuildFinished)
                  00018a1a    00000092                         : md5.oem4f (.text:Md5Final)
                  00018aac    00000090                         : internal.oem4f (.text:GrowOutputBuffer)
                  00018b3c    00000090     stk.aem4f : igmp.oem4f (.text:IGMPMsg)
                  00018bcc    00000090     nettool_ipv4.aem4f : mytime.oem4f (.text:MYTIME_init)
                  00018c5c    00000090     stk.aem4f : sockpcb.oem4f (.text:SockPcbCtlError)
                  00018cec    00000090     os.aem4f : mem.oem4f (.text:_mmInit)
                  00018d7c    00000090     nettool_ipv4.aem4f : dhcpbild.oem4f (.text:dhcpBuildRequest)
                  00018e0c    0000008e     ti.net.wolfssl.aem4f : asn.oem4f (.text:DecodeExtKeyUsage)
                  00018e9a    0000008c                         : internal.oem4f (.text:DoServerKeyExchange)
                  00018f26    0000008c                         : des3.oem4f (.text:FPERM)
                  00018fb2    0000008c                         : des3.oem4f (.text:IPERM)
                  0001903e    0000008c                         : tfm.oem4f (.text:fp_mul_2)
                  000190ca    00000002     --HOLE-- [fill = 0]
                  000190cc    0000008c     os.aem4f : mem.oem4f (.text:mmBulkAlloc)
                  00019158    0000008c              : mem.oem4f (.text:mmInitPage)
                  000191e4    0000008c     sysbios.aem4f : m3_TaskSupport_asm.obj (.text:ti_sysbios_family_arm_m3_TaskSupport_buildTaskStack)
                  00019270    0000008a     netctrl_min_ipv4.aem4f : netsrv.oem4f (.text:SPRoute)
                  000192fa    00000088     ti.net.wolfssl.aem4f : asn.oem4f (.text:DecodeAuthKeyId)
                  00019382    00000088                         : tls.oem4f (.text:PRF)
                  0001940a    00000002     --HOLE-- [fill = 0]
                  0001940c    00000088     sysbios.aem4f : BIOS.obj (.text:ti_sysbios_family_arm_m3_Hwi_initNVIC__E)
                  00019494    00000086     nettool_ipv4.aem4f : dhcpsm.oem4f (.text:StateRequesting)
                  0001951a    00000084     ti.net.wolfssl.aem4f : asn.oem4f (.text:GetLength)
                  0001959e    00000002     --HOLE-- [fill = 0]
                  000195a0    00000084     stk.aem4f : tcpprot.oem4f (.text:TcpPrAttach)
                  00019624    00000084     os.aem4f : mem.oem4f (.text:mmBulkFree)
                  000196a8    00000084     sysbios.aem4f : BIOS.obj (.text:ti_sysbios_knl_Task_Module_startup__E)
                  0001972c    00000082     ti.net.wolfssl.aem4f : asn.oem4f (.text:DateGreaterThan)
                  000197ae    00000082                         : asn.oem4f (.text:DecodeNameConstraints)
                  00019830    00000082     stk.aem4f : fileuser.oem4f (.text:fdClose)
                  000198b2    00000080     ti.net.wolfssl.aem4f : asn.oem4f (.text:GetInt)
                  00019932    00000080                         : internal.oem4f (.text:GetRecordHeader)
                  000199b2    00000002     --HOLE-- [fill = 0]
                  000199b4    00000080     netctrl_min_ipv4.aem4f : netsrv.oem4f (.text:NS_BootTask)
                  00019a34    00000080     stk.aem4f : pbm.oem4f (.text:PBM_alloc)
                  00019ab4    00000080               : raw.oem4f (.text:RawOutput)
                  00019b34    00000080     netctrl_min_ipv4.aem4f : netsrv.oem4f (.text:ServiceSpawn)
                  00019bb4    00000080     nettool_ipv4.aem4f : dhcpsm.oem4f (.text:StateRenewRebind)
                  00019c34    00000080     os.aem4f : mem.oem4f (.text:mmFree)
                  00019cb4    00000080     ti.net.wolfssl.aem4f : ssl.oem4f (.text:mystrnstr)
                  00019d34    0000007f     tcpEcho_pem4f.oem4f (.text:ti_ndk_config_Global_NetworkIPAddr)
                  00019db3    00000001     --HOLE-- [fill = 0]
                  00019db4    0000007e     os.aem4f : semaphore.oem4f (.text:SemCreateBinary)
                  00019e32    00000002     --HOLE-- [fill = 0]
                  00019e34    0000007c     nettool_ipv4.aem4f : config.oem4f (.text:CfgGetEntry)
                  00019eb0    0000007c                        : config.oem4f (.text:CfgGetNextEntry)
                  00019f2c    0000007c     ti.net.wolfssl.aem4f : internal.oem4f (.text:ConstantCompare)
                  00019fa8    0000007c                         : ssl.oem4f (.text:wolfSSL_Cleanup)
                  0001a024    0000007c     emac_tivaware.aem4f : EMACSnow.oem4f (.text:EMACSnow_processPendingTx)
                  0001a0a0    0000007c                         : EMACSnow.oem4f (.text:EMACSnow_processPhyInterrupt)
                  0001a11c    0000007c     stk.aem4f : ip.oem4f (.text:IPMsg)
                  0001a198    0000007c               : pbm.oem4f (.text:PBM_free)
                  0001a214    0000007c     ti.net.wolfssl.aem4f : tfm.oem4f (.text:fp_rshb)
                  0001a290    0000007a                         : des3.oem4f (.text:Des3ProcessBlock)
                  0001a30a    0000007a     stk.aem4f : socket.oem4f (.text:NDK_send)
                  0001a384    0000007a     ti.net.wolfssl.aem4f : asn.oem4f (.text:SetLength)
                  0001a3fe    00000078                         : internal.oem4f (.text:BuildSHA)
                  0001a476    00000002     --HOLE-- [fill = 0]
                  0001a478    00000078     driverlib.lib : emac.obj (.text:EMACInit)
                  0001a4f0    00000078     ti.net.wolfssl.aem4f : asn.oem4f (.text:GetSignature)
                  0001a568    00000078     stk.aem4f : lli.oem4f (.text:LLINew)
                  0001a5e0    00000078               : socket.oem4f (.text:NDK_sendto)
                  0001a658    00000078               : nimu.oem4f (.text:NIMURegister)
                  0001a6d0    00000078     ti.net.wolfssl.aem4f : internal.oem4f (.text:PickHashSigAlgo)
                  0001a748    00000078     stk.aem4f : sock.oem4f (.text:SockAccept)
                  0001a7c0    00000078     rtsv7M4_T_le_v4SPD16_eabi.lib : memset_t2.obj (.text)
                  0001a838    00000077     stk.aem4f : fileuser.oem4f (.text:fdOpenSession)
                  0001a8af    00000001     --HOLE-- [fill = 0]
                  0001a8b0    00000076     ti.net.wolfssl.aem4f : internal.oem4f (.text:BuildMD5)
                  0001a926    00000076     stk.aem4f : igmp.oem4f (.text:IGMPDoMCast)
                  0001a99c    00000076               : socket.oem4f (.text:NDK_setsockopt)
                  0001aa12    00000074               : socket.oem4f (.text:NDK_recv)
                  0001aa86    00000074               : pipe.oem4f (.text:PipeSend)
                  0001aafa    00000002     --HOLE-- [fill = 0]
                  0001aafc    00000074               : raweth.oem4f (.text:RawEthRxPacket)
                  0001ab70    00000074               : sockpcb.oem4f (.text:SockPcbConnect)
                  0001abe4    00000074               : tcptime.oem4f (.text:TcpXmitTimer)
                  0001ac58    00000074     nettool_ipv4.aem4f : dhcptags.oem4f (.text:dhcpDecodeType)
                  0001accc    00000072     ti.net.wolfssl.aem4f : tls.oem4f (.text:DeriveTlsKeys)
                  0001ad3e    00000072     stk.aem4f : igmp.oem4f (.text:IGMPJoin)
                  0001adb0    00000072               : rtable.oem4f (.text:RtWalkNext)
                  0001ae22    00000072     ti.net.wolfssl.aem4f : tls.oem4f (.text:TLS_hmac)
                  0001ae94    00000070     emac_tivaware.aem4f : EMACSnow.oem4f (.text:EMACSnow_hwiIntFxn)
                  0001af04    00000070     stk.aem4f : igmp.oem4f (.text:IGMPLeaveHostGroup)
                  0001af74    00000070               : rtable.oem4f (.text:RtFlush)
                  0001afe4    00000070               : sock.oem4f (.text:SockShutdown)
                  0001b054    00000070     ti.net.wolfssl.aem4f : tfm.oem4f (.text:fp_exptmod)
                  0001b0c4    00000070     os.aem4f : task.oem4f (.text:llExit)
                  0001b134    00000070     ti.targets.arm.rtsarm.aem4f : Memory.oem4f (.text:xdc_runtime_Memory_alloc__E)
                  0001b1a4    0000006e     stk.aem4f : socket.oem4f (.text:NDK_socket)
                  0001b212    0000006c     ti.net.wolfssl.aem4f : internal.oem4f (.text:BuildMD5_CertVerify)
                  0001b27e    0000006c                         : internal.oem4f (.text:BuildSHA_CertVerify)
                  0001b2ea    00000002     --HOLE-- [fill = 0]
                  0001b2ec    0000006c     os.aem4f : ossys.oem4f (.text:DbgPrintf)
                  0001b358    0000006c     ti.net.wolfssl.aem4f : asn.oem4f (.text:DecodeSubjKeyId)
                  0001b3c4    0000006c     emac_tivaware.aem4f : EMACSnow.oem4f (.text:EMACSnow_emacStop)
                  0001b430    0000006c     stk.aem4f : nimu.oem4f (.text:NIMUShutdown)
                  0001b49c    0000006c               : node.oem4f (.text:NodeTreeNew)
                  0001b508    0000006c               : raweth.oem4f (.text:RawEthTxPacket)
                  0001b574    0000006c               : sock.oem4f (.text:SockListen)
                  0001b5e0    0000006c               : rtable.oem4f (.text:_RtNodeInsert)
                  0001b64c    0000006c     tcpEcho_pem4f.oem4f (.text:ti_ndk_config_ip_init)
                  0001b6b8    0000006c     tcpEcho_pem4f.oem4f (.text:ti_sysbios_family_arm_m3_Hwi_Object__create__S)
                  0001b724    0000006c     sysbios.aem4f : BIOS.obj (.text:ti_sysbios_knl_Clock_start__E)
                  0001b790    0000006c     ti.targets.arm.rtsarm.aem4f : Error.oem4f (.text:xdc_runtime_Error_print__E)
                  0001b7fc    0000006a     ti.net.wolfssl.aem4f : asn.oem4f (.text:DecodeKeyUsage)
                  0001b866    0000006a     stk.aem4f : socket.oem4f (.text:NDK_accept)
                  0001b8d0    0000006a     ti.net.wolfssl.aem4f : sha256.oem4f (.text:Sha256Update)
                  0001b93a    0000006a                         : asn.oem4f (.text:StoreRsaKey)
                  0001b9a4    0000006a     stk.aem4f : tcpprot.oem4f (.text:TcpPrInherit)
                  0001ba0e    0000006a     ti.net.wolfssl.aem4f : tfm.oem4f (.text:fp_montgomery_calc_normalization)
                  0001ba78    00000069     stk.aem4f : node.oem4f (.text:NodeNew)
                  0001bae1    00000003     --HOLE-- [fill = 0]
                  0001bae4    00000068     nettool_ipv4.aem4f : config.oem4f (.text:CfgFree)
                  0001bb4c    00000068     ti.net.wolfssl.aem4f : internal.oem4f (.text:DoApplicationData)
                  0001bbb4    00000068                         : tls.oem4f (.text:MakeTlsMasterSecret)
                  0001bc1c    00000068     stk.aem4f : pbm.oem4f (.text:PBM_open)
                  0001bc84    00000068     ti.net.wolfssl.aem4f : asn.oem4f (.text:ParseCert)
                  0001bcec    00000068                         : rsa.oem4f (.text:RsaPublicEncrypt)
                  0001bd54    00000068                         : rsa.oem4f (.text:RsaSSL_Sign)
                  0001bdbc    00000068     netctrl_min_ipv4.aem4f : netsrv.oem4f (.text:SPConfig)
                  0001be24    00000068     ti.net.wolfssl.aem4f : sha.oem4f (.text:ShaUpdate)
                  0001be8c    00000068     stk.aem4f : sockpcb.oem4f (.text:SockPcbFindRaw)
                  0001bef4    00000068               : udp.oem4f (.text:UdpChecksum)
                  0001bf5c    00000068     tcpEcho_pem4f.oem4f (.text:ti_sysbios_knl_Task_Object__create__S)
                  0001bfc4    00000066     ti.net.wolfssl.aem4f : ssl.oem4f (.text:wolfSSL_Init)
                  0001c02a    00000066                         : io.oem4f (.text:EmbedReceive)
                  0001c090    00000066     ti.targets.arm.rtsarm.aem4f : Core-mem.oem4f (.text:xdc_runtime_Core_deleteObject__I)
                  0001c0f6    00000002     --HOLE-- [fill = 0]
                  0001c0f8    00000065     stk.aem4f : tcptime.oem4f (.text:TcpTimeoutSackRexmt)
                  0001c15d    00000001     --HOLE-- [fill = 0]
                  0001c15e    00000064               : file.oem4f (.text:FdWaitEvent)
                  0001c1c2    00000064     ti.net.wolfssl.aem4f : asn.oem4f (.text:GetObjectId)
                  0001c226    00000002     --HOLE-- [fill = 0]
                  0001c228    00000064     stk.aem4f : pbm.oem4f (.text:PBMQ_enq)
                  0001c28c    00000064     ti.net.wolfssl.aem4f : ssl.oem4f (.text:ProcessChainBuffer)
                  0001c2f0    00000064                         : internal.oem4f (.text:Receive)
                  0001c354    00000064     os.aem4f : semaphore.oem4f (.text:SemCreate)
                  0001c3b8    00000064     hal_timer_bios.aem4f : lltimer.oem4f (.text:llTimerTick)
                  0001c41c    00000064     sysbios.aem4f : BIOS.obj (.text:ti_sysbios_family_arm_lm4_Timer_isrStub__E)
                  0001c480    00000064     tcpEcho_pem4f.oem4f (.text:ti_sysbios_hal_Hwi_create)
                  0001c4e4    00000062     stk.aem4f : ipin.oem4f (.text:IPRouteIP)
                  0001c546    00000062     ti.net.wolfssl.aem4f : internal.oem4f (.text:PadCheck)
                  0001c5a8    00000062     stk.aem4f : sb.oem4f (.text:SBNew)
                  0001c60a    00000002     --HOLE-- [fill = 0]
                  0001c60c    00000060     nettool_ipv4.aem4f : config.oem4f (.text:CfgGetEntryCnt)
                  0001c66c    00000060     ti.net.wolfssl.aem4f : asn.oem4f (.text:DecodeBasicCaConstraint)
                  0001c6cc    00000060                         : asn.oem4f (.text:DecodeToKey)
                  0001c72c    00000060                         : internal.oem4f (.text:FreeHandshakeResources)
                  0001c78c    00000060     stk.aem4f : nimu.oem4f (.text:NIMUUnregister)
                  0001c7ec    00000060               : node.oem4f (.text:NodeFind)
                  0001c84c    00000060               : rtc.oem4f (.text:RTCMsg)
                  0001c8ac    00000060     nettool_ipv4.aem4f : dhcptags.oem4f (.text:dhcpBuildOptions)
                  0001c90c    00000060     rtsv7M4_T_le_v4SPD16_eabi.lib : trgmsg.obj (.text)
                  0001c96c    00000060     tcpEcho_pem4f.oem4f (.text:ti_ndk_config_Global_serviceReport)
                  0001c9cc    00000060     sysbios.aem4f : BIOS.obj (.text:ti_sysbios_knl_Clock_logTick__E)
                  0001ca2c    00000060                   : BIOS.obj (.text:ti_sysbios_knl_Swi_schedule__I)
                  0001ca8c    00000060     ti.targets.arm.rtsarm.aem4f : System.oem4f (.text:xdc_runtime_System_formatNum__I)
                  0001caec    0000005e     ti.net.wolfssl.aem4f : asn.oem4f (.text:EncodeSignature)
                  0001cb4a    0000005e                         : asn.oem4f (.text:GetValidity)
                  0001cba8    0000005e     stk.aem4f : route.oem4f (.text:RtRemove)
                  0001cc06    0000005e     nettool_ipv4.aem4f : dhcpsm.oem4f (.text:StateSelecting)
                  0001cc64    0000005e     rtsv7M4_T_le_v4SPD16_eabi.lib : copy_decompress_rle.obj (.text)
                  0001ccc2    00000002     --HOLE-- [fill = 0]
                  0001ccc4    0000005c     nettool_ipv4.aem4f : config.oem4f (.text:CfgSetExecuteOrder)
                  0001cd20    0000005c     ti.net.wolfssl.aem4f : sha256.oem4f (.text:InitSha256)
                  0001cd7c    0000005c     stk.aem4f : nimu.oem4f (.text:NIMUIoctlSpecialCmd)
                  0001cdd8    0000005c     ti.net.wolfssl.aem4f : asn.oem4f (.text:RsaPublicKeyDecode)
                  0001ce34    0000005c                         : rsa.oem4f (.text:RsaUnPad)
                  0001ce90    0000005c     stk.aem4f : route.oem4f (.text:RtRedirect)
                  0001ceec    0000005c     ti.net.wolfssl.aem4f : internal.oem4f (.text:ShrinkInputBuffer)
                  0001cf48    0000005c     stk.aem4f : sockint.oem4f (.text:SockSpawnAbort)
                  0001cfa4    0000005c               : tcp.oem4f (.text:TcpChecksum)
                  0001d000    0000005c               : vlan.oem4f (.text:VLANReceivePacket)
                  0001d05c    0000005c     tcpEcho_pem4f.oem4f (.text:ti_sysbios_knl_Swi_create)
                  0001d0b8    0000005c     tcpEcho_pem4f.oem4f (.text:ti_sysbios_knl_Task_create)
                  0001d114    0000005c     stk.aem4f : lliin.oem4f (.text:updateRtTable)
                  0001d170    0000005b     ti.targets.arm.rtsarm.aem4f : Text.oem4f (.text:xdc_runtime_Text_putLab__E)
                  0001d1cb    00000001     --HOLE-- [fill = 0]
                  0001d1cc    0000005a     stk.aem4f : tcpprot.oem4f (.text:TcpValidateMetrics)
                  0001d226    0000005a     nettool_ipv4.aem4f : dhcpbild.oem4f (.text:dhcpBuildDecline)
                  0001d280    0000005a     ti.net.wolfssl.aem4f : tfm.oem4f (.text:fp_mod)
                  0001d2da    0000005a     tcpEcho_pem4f.oem4f (.text:ti_ndk_config_tcp_init)
                  0001d334    00000058     stk.aem4f : bind.oem4f (.text:BindFree)
                  0001d38c    00000058     boot.aem4f : boot.oem4f (.text)
                  0001d3e4    00000058     driverlib.lib : emac.obj (.text:EMACPHYConfigSet)
                  0001d43c    00000058     stk.aem4f : igmp.oem4f (.text:IGMPTimer)
                  0001d494    00000058     ti.net.wolfssl.aem4f : md5.oem4f (.text:Md5Update)
                  0001d4ec    00000058     netctrl_min_ipv4.aem4f : netsrv.oem4f (.text:SPService)
                  0001d544    00000058     sysbios.aem4f : m3_Hwi_asm_switch.obj (.text:ti_sysbios_family_arm_m3_Hwi_initStacks__E)
                  0001d59c    00000058                   : BIOS.obj (.text:ti_sysbios_knl_Swi_restoreHwi__E)
                  0001d5f4    00000058     ti.net.wolfssl.aem4f : aes.oem4f (.text:xorbuf)
                  0001d64c    00000058                         : des3.oem4f (.text:xorbuf)
                  0001d6a4    00000054     nettool_ipv4.aem4f : config.oem4f (.text:CfgEntryDeRef)
                  0001d6f8    00000054     ti.net.wolfssl.aem4f : des3.oem4f (.text:Des3_SetKey)
                  0001d74c    00000054                         : internal.oem4f (.text:DoAlert)
                  0001d7a0    00000054     stk.aem4f : igmp.oem4f (.text:IGMPLeave)
                  0001d7f4    00000054               : rawethsock_pcb.oem4f (.text:RawEthSockPcbAttach)
                  0001d848    00000054     ti.net.wolfssl.aem4f : tfm.oem4f (.text:fp_sub)
                  0001d89c    00000054     os.aem4f : mem.oem4f (.text:mmCopy)
                  0001d8f0    00000054     sysbios.aem4f : BIOS.obj (.text:ti_sysbios_family_arm_m3_Hwi_Instance_finalize__E)
                  0001d944    00000054                   : BIOS.obj (.text:ti_sysbios_family_arm_m3_Hwi_Module_startup__E)
                  0001d998    00000054                   : BIOS.obj (.text:ti_sysbios_knl_Swi_Instance_finalize__E)
                  0001d9ec    00000052     ti.net.wolfssl.aem4f : tfm.oem4f (.text:fp_reverse)
                  0001da3e    00000052                         : tls.oem4f (.text:get_xor)
                  0001da90    00000050                         : hmac.oem4f (.text:HmacUpdate)
                  0001dae0    00000050     stk.aem4f : socket.oem4f (.text:NDK_bind)
                  0001db30    00000050               : route.oem4f (.text:RtNew)
                  0001db80    00000050     driverlib.lib : sysctl.obj (.text:SysCtlPeripheralReset)
                  0001dbd0    00000050     stk.aem4f : tcpprot.oem4f (.text:TcpPrDetach)
                  0001dc20    00000050     Boot.aem4f : Boot_sysctl.oem4f (.text:_SysCtlFrequencyGet)
                  0001dc70    00000050     ti.net.wolfssl.aem4f : tfm.oem4f (.text:fp_add)
                  0001dcc0    00000050                         : tfm.oem4f (.text:fp_to_unsigned_bin)
                  0001dd10    00000050     sysbios.aem4f : BIOS.obj (.text:ti_sysbios_knl_Task_deleteTerminatedTasksFunc__I)
                  0001dd60    00000050     ti.targets.arm.rtsarm.aem4f : Startup.oem4f (.text:xdc_runtime_Startup_exec__E)
                  0001ddb0    00000050                                 : Text.oem4f (.text:xdc_runtime_Text_visitRope2__I)
                  0001de00    0000004e     ti.net.wolfssl.aem4f : aes.oem4f (.text:AesCbcDecrypt)
                  0001de4e    0000004e                         : des3.oem4f (.text:Des3_CbcDecrypt)
                  0001de9c    0000004e     stk.aem4f : node.oem4f (.text:NodeDeRef)
                  0001deea    00000002     --HOLE-- [fill = 0]
                  0001deec    0000004c     nettool_ipv4.aem4f : ipaddr.oem4f (.text:NtAddNetwork)
                  0001df38    0000004c     stk.aem4f : sockint.oem4f (.text:SockValidateRoute)
                  0001df84    0000004c     rtsv7M4_T_le_v4SPD16_eabi.lib : rand.obj (.text)
                  0001dfd0    0000004c     sysbios.aem4f : BIOS.obj (.text:ti_sysbios_knl_Swi_runLoop__I)
                  0001e01c    0000004c                   : BIOS.obj (.text:ti_sysbios_knl_Task_allBlockedFunction__I)
                  0001e068    0000004a     ti.net.wolfssl.aem4f : hmac.oem4f (.text:HmacKeyInnerHash)
                  0001e0b2    0000004a     stk.aem4f : sock.oem4f (.text:SockDisconnect)
                  0001e0fc    0000004a     ti.net.wolfssl.aem4f : aes.oem4f (.text:XorWords)
                  0001e146    0000004a                         : des3.oem4f (.text:XorWords)
                  0001e190    0000004a     nettool_ipv4.aem4f : config.oem4f (.text:_CfgEntryScan)
                  0001e1da    00000048                        : config.oem4f (.text:CfgNew)
                  0001e222    00000048     ti.net.wolfssl.aem4f : ssl.oem4f (.text:wolfSSL_CTX_new)
                  0001e26a    00000002     --HOLE-- [fill = 0]
                  0001e26c    00000048     emac_tivaware.aem4f : EMACSnow.oem4f (.text:EMACSnow_processTransmitted)
                  0001e2b4    00000048     driverlib.lib : gpio.obj (.text:GPIOPinConfigure)
                  0001e2fc    00000048     ti.net.wolfssl.aem4f : hmac.oem4f (.text:InitHmac)
                  0001e344    00000048     stk.aem4f : lli.oem4f (.text:LLIMsg)
                  0001e38c    00000048               : node.oem4f (.text:NodeWalk)
                  0001e3d4    00000048     ti.net.wolfssl.aem4f : internal.oem4f (.text:SanityCheckCipherText)
                  0001e41c    00000048     stk.aem4f : sockpcb.oem4f (.text:SockPcbResolveChain)
                  0001e464    00000048               : tcpprot.oem4f (.text:TcpDrop)
                  0001e4ac    00000048               : tcptime.oem4f (.text:TcpTimeoutPersist)
                  0001e4f4    00000048               : lli.oem4f (.text:_LLIExpListInsert)
                  0001e53c    00000048               : rtable.oem4f (.text:_RtExpListInsert)
                  0001e584    00000048               : file.oem4f (.text:fdint_lockfd)
                  0001e5cc    00000048     sysbios.aem4f : BIOS.obj (.text:ti_sysbios_family_arm_m3_Hwi_excReserved__I)
                  0001e614    00000048                   : BIOS.obj (.text:ti_sysbios_heaps_HeapMem_getStats__E)
                  0001e65c    00000048     ti.targets.arm.rtsarm.aem4f : Assert.oem4f (.text:xdc_runtime_Assert_raise__I)
                  0001e6a4    00000046     ti.net.wolfssl.aem4f : tls.oem4f (.text:wolfSSL_SetTlsHmacInner)
                  0001e6ea    00000046                         : random.oem4f (.text:GenerateSeed)
                  0001e730    00000046     nettool_ipv4.aem4f : ipaddr.oem4f (.text:NtIfIdx2Ip)
                  0001e776    00000046     stk.aem4f : rawethsock.oem4f (.text:RawEthSockSend)
                  0001e7bc    00000046     ti.net.wolfssl.aem4f : internal.oem4f (.text:SendChangeCipher)
                  0001e802    00000046                         : internal.oem4f (.text:SendServerHelloDone)
                  0001e848    00000046     stk.aem4f : timer.oem4f (.text:TimerNew)
                  0001e88e    00000046     ti.net.wolfssl.aem4f : tfm.oem4f (.text:fp_cmp_mag)
                  0001e8d4    00000046     ti.targets.arm.rtsarm.aem4f : Core-params.oem4f (.text:xdc_runtime_Core_assignParams__I)
                  0001e91a    00000002     --HOLE-- [fill = 0]
                  0001e91c    00000044     stk.aem4f : ipfrag.oem4f (.text:IPReasmFree)
                  0001e960    00000044               : lli.oem4f (.text:LLIGetValidTime)
                  0001e9a4    00000044               : rawethsock_pcb.oem4f (.text:RawEthSockPcbDetach)
                  0001e9e8    00000044               : rtable.oem4f (.text:RouteMsg)
                  0001ea2c    00000044               : rtable.oem4f (.text:RtWalkEnd)
                  0001ea70    00000044               : timer.oem4f (.text:TimerListInsert)
                  0001eab4    00000044     hal_timer_bios.aem4f : lltimer.oem4f (.text:llTimerGetTime)
                  0001eaf8    00000044     rtsv7M4_T_le_v4SPD16_eabi.lib : cpy_tbl.obj (.text)
                  0001eb3c    00000044                                   : exit.obj (.text)
                  0001eb80    00000044     sysbios.aem4f : BIOS.obj (.text:ti_sysbios_family_arm_m3_Hwi_disableInterrupt__E)
                  0001ebc4    00000044                   : BIOS.obj (.text:ti_sysbios_family_arm_m3_Hwi_enableInterrupt__E)
                  0001ec08    00000044     ti.targets.arm.rtsarm.aem4f : Error.oem4f (.text:xdc_runtime_Error_setX__E)
                  0001ec4c    00000044                                 : SysMin.oem4f (.text:xdc_runtime_SysMin_flush__E)
                  0001ec90    00000042     ti.net.wolfssl.aem4f : arc4.oem4f (.text:Arc4Process)
                  0001ecd2    00000042                         : internal.oem4f (.text:DoHelloVerifyRequest)
                  0001ed14    00000042                         : io.oem4f (.text:EmbedSend)
                  0001ed56    00000042                         : asn.oem4f (.text:FreeDecodedCert)
                  0001ed98    00000042     stk.aem4f : socket.oem4f (.text:NDK_listen)
                  0001edda    00000042     netctrl_min_ipv4.aem4f : netsrv.oem4f (.text:ServiceKill)
                  0001ee1c    00000042     os.aem4f : task.oem4f (.text:TaskCreate)
                  0001ee5e    00000042     stk.aem4f : fileuser.oem4f (.text:fdCloseSession)
                  0001eea0    00000042     rtsv7M4_T_le_v4SPD16_eabi.lib : u_divt2.obj (.text)
                  0001eee2    00000040     ti.net.wolfssl.aem4f : des3.oem4f (.text:Des3_CbcEncrypt)
                  0001ef22    00000040     stk.aem4f : pbm.oem4f (.text:PBM_copy)
                  0001ef62    00000002     --HOLE-- [fill = 0]
                  0001ef64    00000040               : sockpcb.oem4f (.text:SockPcbDetach)
                  0001efa4    00000040               : sockpcb.oem4f (.text:SockPcbRtChange)
                  0001efe4    00000040               : tcpprot.oem4f (.text:TcpPrDisconnect)
                  0001f024    00000040               : tcpprot.oem4f (.text:TcpPrSendOOB)
                  0001f064    00000040     os.aem4f : mem.oem4f (.text:mmZeroInit)
                  0001f0a4    00000040     sysbios.aem4f : BIOS.obj (.text:ti_sysbios_family_arm_lm4_Timer_getCurrentTick__E)
                  0001f0e4    00000040                   : BIOS.obj (.text:ti_sysbios_family_arm_lm4_Timer_startup__E)
                  0001f124    00000040                   : BIOS.obj (.text:ti_sysbios_knl_Swi_enable__E)
                  0001f164    00000040                   : BIOS.obj (.text:ti_sysbios_knl_Swi_startup__E)
                  0001f1a4    00000040                   : BIOS.obj (.text:ti_sysbios_knl_Task_processVitalTaskFlag__I)
                  0001f1e4    0000003e     ti.net.wolfssl.aem4f : aes.oem4f (.text:AesCbcEncrypt)
                  0001f222    0000003e     nettool_ipv4.aem4f : dhcpmain.oem4f (.text:DHCPClose)
                  0001f260    0000003e     ti.net.wolfssl.aem4f : sha.oem4f (.text:InitSha)
                  0001f29e    00000002     --HOLE-- [fill = 0]
                  0001f2a0    0000003e     stk.aem4f : nimu.oem4f (.text:NIMUAllocateName)
                  0001f2de    0000003e               : tcpprot.oem4f (.text:TcpPrCtlError)
                  0001f31c    0000003e               : file.oem4f (.text:fdint_unlockfd)
                  0001f35a    0000003c     nettool_ipv4.aem4f : config.oem4f (.text:CfgEntryGetData)
                  0001f396    0000003c     driverlib.lib : emac.obj (.text:EMACIntDisable)
                  0001f3d2    0000003c     ti.net.wolfssl.aem4f : internal.oem4f (.text:FreeSSL_Ctx)
                  0001f40e    0000003c                         : asn.oem4f (.text:GetSequence)
                  0001f44a    0000003c                         : asn.oem4f (.text:GetSet)
                  0001f486    0000003c                         : internal.oem4f (.text:HashInput)
                  0001f4c2    0000003c                         : internal.oem4f (.text:HashOutput)
                  0001f4fe    00000002     --HOLE-- [fill = 0]
                  0001f500    0000003c     stk.aem4f : lliin.oem4f (.text:LLIValidateRoute)
                  0001f53c    0000003c               : node.oem4f (.text:NodeUpdatePL)
                  0001f578    0000003c               : rtable.oem4f (.text:RtWalkBegin)
                  0001f5b4    0000003c     ti.net.wolfssl.aem4f : internal.oem4f (.text:SSL_CtxResourceFree)
                  0001f5f0    0000003c     stk.aem4f : rtc.oem4f (.text:_RTCSendRtAdv)
                  0001f62c    0000003c     sysbios.aem4f : BIOS.obj (.text:ti_sysbios_family_arm_m3_Hwi_excSvCall__I)
                  0001f668    0000003c                   : BIOS.obj (.text:ti_sysbios_family_arm_m3_TaskSupport_start__E)
                  0001f6a4    0000003c                   : BIOS.obj (.text:ti_sysbios_heaps_HeapMem_init__I)
                  0001f6e0    0000003c     tcpEcho_pem4f.oem4f (.text:ti_sysbios_knl_Clock_Object__create__S)
                  0001f71c    0000003c     tcpEcho_pem4f.oem4f (.text:ti_sysbios_knl_Clock_create)
                  0001f758    0000003c     ti.targets.arm.rtsarm.aem4f : Text.oem4f (.text:xdc_runtime_Text_xprintf__I)
                  0001f794    0000003a     ti.net.wolfssl.aem4f : ssl.oem4f (.text:wolfSSL_CTX_load_verify_buffer)
                  0001f7ce    0000003a                         : internal.oem4f (.text:Decrypt)
                  0001f808    0000003a                         : internal.oem4f (.text:DoHandShakeMsg)
                  0001f842    0000003a     driverlib.lib : emac.obj (.text:EMACIntEnable)
                  0001f87c    0000003a     ti.net.wolfssl.aem4f : internal.oem4f (.text:GetRounds)
                  0001f8b6    0000003a     stk.aem4f : icmp.oem4f (.text:ICMPChecksum)
                  0001f8f0    0000003a               : rtable.oem4f (.text:_RtNodeRemove)
                  0001f92a    0000003a     ti.net.wolfssl.aem4f : tfm.oem4f (.text:fp_cmp)
                  0001f964    00000038                         : internal.oem4f (.text:CheckAltNames)
                  0001f99c    00000038     driverlib.lib : emac.obj (.text:EMACConfigGet)
                  0001f9d4    00000038     ti.net.wolfssl.aem4f : internal.oem4f (.text:Encrypt)
                  0001fa0c    00000038     stk.aem4f : ipfrag.oem4f (.text:IPReasmTimeout)
                  0001fa44    00000038               : node.oem4f (.text:NodeGetRt)
                  0001fa7c    00000038     driverlib.lib : sysctl.obj (.text:SysCtlPeripheralReady)
                  0001fab4    00000038     stk.aem4f : tcpprot.oem4f (.text:TcpClose)
                  0001faec    00000038               : tcpprot.oem4f (.text:TcpPrConnect)
                  0001fb24    00000038               : tcptime.oem4f (.text:TcpSetPersist)
                  0001fb5c    00000038     hal_timer_bios.aem4f : lltimer.oem4f (.text:_llTimerInit)
                  0001fb94    00000038     nettool_ipv4.aem4f : dhcpbild.oem4f (.text:dhcpBuildDiscover)
                  0001fbcc    00000038                        : dhcptags.oem4f (.text:dhcpOptionsClear)
                  0001fc04    00000038     stk.aem4f : file.oem4f (.text:fdint_waitevent)
                  0001fc3c    00000038     ti.net.wolfssl.aem4f : tfm.oem4f (.text:fp_mulmod)
                  0001fc74    00000038     sysbios.aem4f : BIOS.obj (.text:ti_sysbios_family_arm_m3_Hwi_excNoIsr__I)
                  0001fcac    00000038                   : BIOS.obj (.text:ti_sysbios_family_arm_m3_Hwi_getStackInfo__E)
                  0001fce4    00000038                   : BIOS.obj (.text:ti_sysbios_knl_Clock_getTicks__E)
                  0001fd1c    00000038     tcpEcho_pem4f.oem4f (.text:ti_sysbios_knl_Semaphore_Object__create__S)
                  0001fd54    00000038     sysbios.aem4f : BIOS.obj (.text:ti_sysbios_knl_Semaphore_pendTimeout__I)
                  0001fd8c    00000038     ti.targets.arm.rtsarm.aem4f : SysMin.oem4f (.text:xdc_runtime_SysMin_putch__E)
                  0001fdc4    00000038                                 : System.oem4f (.text:xdc_runtime_System_atexit__E)
                  0001fdfc    00000036     ti.net.wolfssl.aem4f : internal.oem4f (.text:FreeCiphers)
                  0001fe32    00000002     --HOLE-- [fill = 0]
                  0001fe34    00000034     nettool_ipv4.aem4f : config.oem4f (.text:CfgSetService)
                  0001fe68    00000034     driverlib.lib : emac.obj (.text:EMACConfigSet)
                  0001fe9c    00000034                   : emac.obj (.text:EMACIntClear)
                  0001fed0    00000034     emac_tivaware.aem4f : EMAC.oem4f (.text:EMAC_init)
                  0001ff04    00000034     stk.aem4f : nimu.oem4f (.text:NIMUFindByName)
                  0001ff38    00000034               : nimu.oem4f (.text:NIMUInit)
                  0001ff6c    00000034               : sock.oem4f (.text:SockGetName)
                  0001ffa0    00000034     driverlib.lib : sysctl.obj (.text:SysCtlPeripheralEnable)
                  0001ffd4    00000034     stk.aem4f : tcpprot.oem4f (.text:TcpPrSend)
                  00020008    00000034               : timer.oem4f (.text:TimerHSTick)
                  0002003c    00000034     sysbios.aem4f : BIOS.obj (.text:ti_sysbios_family_arm_m3_Hwi_excNmi__I)
                  00020070    00000034                   : BIOS.obj (.text:ti_sysbios_hal_Hwi_checkStack)
                  000200a4    00000034     tcpEcho_pem4f.oem4f (.text:ti_sysbios_knl_Semaphore_create)
                  000200d8    00000034     sysbios.aem4f : BIOS.obj (.text:ti_sysbios_knl_Task_restore__E)
                  0002010c    00000034     ti.targets.arm.rtsarm.aem4f : Core-label.oem4f (.text:xdc_runtime_Core_assignLabel__I)
                  00020140    00000033                                 : Text.oem4f (.text:xdc_runtime_Text_printVisFxn__I)
                  00020173    00000001     --HOLE-- [fill = 0]
                  00020174    00000032     nettool_ipv4.aem4f : config.oem4f (.text:CfgGetImmediate)
                  000201a6    00000032     ti.net.wolfssl.aem4f : ssl.oem4f (.text:wolfSSL_read_internal)
                  000201d8    00000032                         : md5.oem4f (.text:InitMd5)
                  0002020a    00000032     stk.aem4f : route.oem4f (.text:RtDeRef)
                  0002023c    00000032               : sb.oem4f (.text:SBSetMax)
                  0002026e    00000032     ti.net.wolfssl.aem4f : internal.oem4f (.text:ShrinkOutputBuffer)
                  000202a0    00000032     stk.aem4f : sock.oem4f (.text:SockIntAbort)
                  000202d2    00000032     nettool_ipv4.aem4f : config.oem4f (.text:_CfgAcquire)
                  00020304    00000032     ti.net.wolfssl.aem4f : tfm.oem4f (.text:fp_2expt)
                  00020336    00000032                         : tfm.oem4f (.text:fp_montgomery_setup)
                  00020368    00000030     driverlib.lib : emac.obj (.text:EMACAddrSet)
                  00020398    00000030     emac_tivaware.aem4f : EMACSnow.oem4f (.text:EMACSnow_handlePackets)
                  000203c8    00000030     stk.aem4f : ip.oem4f (.text:IPChecksum)
                  000203f8    00000030     netctrl_min_ipv4.aem4f : netsrv.oem4f (.text:NS_PreBoot)
                  00020428    00000030     ti.net.wolfssl.aem4f : rsa.oem4f (.text:RsaPrivateDecryptInline)
                  00020458    00000030                         : rsa.oem4f (.text:RsaSSL_VerifyInline)
                  00020488    00000030     stk.aem4f : sb.oem4f (.text:SBFlush)
                  000204b8    00000030               : sock.oem4f (.text:SockBind)
                  000204e8    00000030               : sockpcb.oem4f (.text:SockCleanPcb)
                  00020518    00000030               : sockprot.oem4f (.text:SockPrCtlError)
                  00020548    00000030     nettool_ipv4.aem4f : dhcpsm.oem4f (.text:dhcpIPRemove)
                  00020578    00000030                        : dhcpsock.oem4f (.text:dhcpPacketSend)
                  000205a8    00000030     ti.net.wolfssl.aem4f : tfm.oem4f (.text:fp_cmp_d)
                  000205d8    00000030     stk.aem4f : listlib.oem4f (.text:list_remove_node)
                  00020608    00000030     os.aem4f : mem.oem4f (.text:mmUnInitPage)
                  00020638    00000030     tcpEcho_pem4f.oem4f (.text:ti_sysbios_BIOS_atExitFunc__I)
                  00020668    00000030     tcpEcho_pem4f.oem4f (.text:ti_sysbios_gates_GateHwi_Object__create__S)
                  00020698    00000030     tcpEcho_pem4f.oem4f (.text:ti_sysbios_gates_GateMutex_Object__create__S)
                  000206c8    00000030     tcpEcho_pem4f.oem4f (.text:ti_sysbios_heaps_HeapMem_Object__create__S)
                  000206f8    00000030     tcpEcho_pem4f.oem4f (.text:ti_sysbios_knl_Semaphore_construct)
                  00020728    00000030     ti.targets.arm.rtsarm.aem4f : SysMin.oem4f (.text:xdc_runtime_SysMin_abort__E)
                  00020758    00000030                                 : System.oem4f (.text:xdc_runtime_System_processAtExit__E)
                  00020788    0000002e     ti.net.wolfssl.aem4f : tls.oem4f (.text:wolfSSL_GetHmacType)
                  000207b6    0000002e                         : ssl.oem4f (.text:wolfSSL_new)
                  000207e4    0000002e                         : internal.oem4f (.text:FreeArrays)
                  00020812    0000002e                         : asn.oem4f (.text:FreeSigner)
                  00020840    0000002e                         : asn.oem4f (.text:GetTime)
                  0002086e    0000002e                         : arc4.oem4f (.text:MakeByte)
                  0002089c    0000002e     stk.aem4f : rawethsock.oem4f (.text:RawEthSockNotify)
                  000208ca    0000002e               : route.oem4f (.text:RtSetFailure)
                  000208f8    0000002e               : sb.oem4f (.text:SBFree)
                  00020926    0000002e     tcpEcho_pem4f.oem4f (.text:malloc)
                  00020954    0000002c     ti.net.wolfssl.aem4f : ssl.oem4f (.text:wolfSSL_CertManagerNew)
                  00020980    0000002c                         : ssl.oem4f (.text:wolfSSL_negotiate)
                  000209ac    0000002c                         : tls.oem4f (.text:wolfTLSv1_2_server_method)
                  000209d8    0000002c     EK_TM4C1294XL.obj (.text:EK_TM4C1294XL_initGPIO)
                  00020a04    0000002c     driverlib.lib : emac.obj (.text:EMACIntStatus)
                  00020a30    0000002c     stk.aem4f : file.oem4f (.text:FdSignalEvent)
                  00020a5c    0000002c     ti.net.wolfssl.aem4f : asn.oem4f (.text:GetMyVersion)
                  00020a88    0000002c                         : ssl.oem4f (.text:HashSession)
                  00020ab4    0000002c                         : wc_port.oem4f (.text:InitMutex)
                  00020ae0    0000002c                         : random.oem4f (.text:InitRng)
                  00020b0c    0000002c     os.aem4f : task.oem4f (.text:NDK_hookCreate)
                  00020b38    0000002c     stk.aem4f : nimu.oem4f (.text:NIMUAllocateIndex)
                  00020b64    0000002c               : pipe.oem4f (.text:PipeClose)
                  00020b90    0000002c               : sockpcb.oem4f (.text:SockPcbAttach)
                  00020bbc    0000002c     Boot.aem4f : Boot_sysctl.oem4f (.text:_SysCtlMemTimingGet)
                  00020be8    0000002c     sysbios.aem4f : BIOS.obj (.text:ti_sysbios_hal_Hwi_initStack)
                  00020c14    0000002c                   : BIOS.obj (.text:ti_sysbios_knl_Clock_Module_startup__E)
                  00020c40    0000002c     tcpEcho_pem4f.oem4f (.text:ti_sysbios_knl_Clock_doTick__I)
                  00020c6c    0000002c     tcpEcho_pem4f.oem4f (.text:ti_sysbios_knl_Queue_construct)
                  00020c98    0000002c     ti.targets.arm.rtsarm.aem4f : Text.oem4f (.text:xdc_runtime_Text_cordText__E)
                  00020cc4    0000002a     ti.net.wolfssl.aem4f : internal.oem4f (.text:DoRounds)
                  00020cee    0000002a     driverlib.lib : gpio.obj (.text:GPIODirModeSet)
                  00020d18    0000002a     stk.aem4f : pbm.oem4f (.text:PBMQ_deq)
                  00020d42    0000002a     nettool_ipv4.aem4f : config.oem4f (.text:_CfgRelease)
                  00020d6c    0000002a     ti.targets.arm.rtsarm.aem4f : System.oem4f (.text:xdc_runtime_System_putchar__I)
                  00020d96    00000028     ti.net.wolfssl.aem4f : aes.oem4f (.text:AesSetIV)
                  00020dbe    00000002     --HOLE-- [fill = 0]
                  00020dc0    00000028     stk.aem4f : bind.oem4f (.text:BindFindByNet)
                  00020de8    00000028     emac_tivaware.aem4f : EMACSnow.oem4f (.text:EMACSnow_isLinkUp)
                  00020e10    00000028                         : EMACSnow.oem4f (.text:EMACSnow_pkt_service)
                  00020e38    00000028     stk.aem4f : igmp.oem4f (.text:IGMPTestGroup)
                  00020e60    00000028     ti.net.wolfssl.aem4f : internal.oem4f (.text:Md5Rounds)
                  00020e88    00000028     netctrl_min_ipv4.aem4f : netctrl.oem4f (.text:NC_SystemClose)
                  00020eb0    00000028     stk.aem4f : nimu.oem4f (.text:NIMUCreatePacket)
                  00020ed8    00000028               : nimu.oem4f (.text:NIMUPacketServiceCheck)
                  00020f00    00000028     ti.net.wolfssl.aem4f : internal.oem4f (.text:Sha256Rounds)
                  00020f28    00000028                         : internal.oem4f (.text:ShaRounds)
                  00020f50    00000028     stk.aem4f : tcpin.oem4f (.text:TcpEnterTimeWait)
                  00020f78    00000028               : vlan.oem4f (.text:VLANFindSourceInterface)
                  00020fa0    00000028               : vlan.oem4f (.text:VLANInit)
                  00020fc8    00000028               : lli.oem4f (.text:_LLIExpListRemove)
                  00020ff0    00000028               : lli.oem4f (.text:_LLITimeoutFlush)
                  00021018    00000028               : rtable.oem4f (.text:_RtExpListRemove)
                  00021040    00000028     nettool_ipv4.aem4f : dhcpsock.oem4f (.text:dhcpPacketReceive)
                  00021068    00000028     ti.net.wolfssl.aem4f : tfm.oem4f (.text:fp_count_bits)
                  00021090    00000028     sysbios.aem4f : BIOS.obj (.text:ti_sysbios_hal_Hwi_Instance_init__E)
                  000210b8    00000026     ti.net.wolfssl.aem4f : des3.oem4f (.text:Des3_SetIV)
                  000210de    00000026     driverlib.lib : emac.obj (.text:EMACPHYRead)
                  00021104    00000026                   : emac.obj (.text:EMACPHYWrite)
                  0002112a    00000026     ti.net.wolfssl.aem4f : asn.oem4f (.text:FreeSignerTable)
                  00021150    00000026     stk.aem4f : rawethsock.oem4f (.text:RawEthSockClose)
                  00021176    00000026               : route.oem4f (.text:RtSetTimeout)
                  0002119c    00000026     netctrl_min_ipv4.aem4f : netsrv.oem4f (.text:ServiceCallback)
                  000211c2    00000026     tcpEcho_pem4f.oem4f (.text:ti_ndk_config_udp_init)
                  000211e8    00000026     sysbios.aem4f : m3_Hwi_asm.obj (.text:ti_sysbios_family_arm_m3_Hwi_pendSV__I)
                  0002120e    00000026     ti.targets.arm.rtsarm.aem4f : System.oem4f (.text:xdc_runtime_System_avprintf__E)
                  00021234    00000024     ti.net.wolfssl.aem4f : aes.oem4f (.text:AesSetKey)
                  00021258    00000024     stk.aem4f : bind.oem4f (.text:BindGetIFByDBCast)
                  0002127c    00000024     ti.net.wolfssl.aem4f : asn.oem4f (.text:BytePrecision)
                  000212a0    00000024     emac_tivaware.aem4f : EMACSnow.oem4f (.text:EMACSnow_emacPoll)
                  000212c4    00000024                         : EMACSnow.oem4f (.text:EMACSnow_primeRx)
                  000212e8    00000024     stk.aem4f : exec.oem4f (.text:ExecTimer)
                  0002130c    00000024     gpio_tivaware.aem4f : GPIO.oem4f (.text:GPIO_init)
                  00021330    00000024     stk.aem4f : nimu.oem4f (.text:NIMUFindByIndex)
                  00021354    00000024               : nimu.oem4f (.text:NIMUPacketService)
                  00021378    00000024               : rawethsock_pcb.oem4f (.text:RawEthSockPcbFind)
                  0002139c    00000024               : route.oem4f (.text:RtFree)
                  000213c0    00000024               : sockpcb.oem4f (.text:SockPcbCleanup)
                  000213e4    00000024               : tcpprot.oem4f (.text:TcpPrListen)
                  00021408    00000024               : tcptime.oem4f (.text:TcpTimeoutWait2)
                  0002142c    00000024               : timer.oem4f (.text:TimerListRemove)
                  00021450    00000024     nettool_ipv4.aem4f : config.oem4f (.text:_CfgEntryProcess)
                  00021474    00000024     rtsv7M4_T_le_v4SPD16_eabi.lib : memmov.obj (.text)
                  00021498    00000024     tcpEcho_pem4f.oem4f (.text:ti_sysbios_BIOS_errorRaiseHook__I)
                  000214bc    00000024     tcpEcho_pem4f.oem4f (.text:ti_sysbios_BIOS_registerRTSLock__I)
                  000214e0    00000024     tcpEcho_pem4f.oem4f (.text:ti_sysbios_BIOS_removeRTSLock__I)
                  00021504    00000024     tcpEcho_pem4f.oem4f (.text:ti_sysbios_BIOS_startFunc__I)
                  00021528    00000024     sysbios.aem4f : BIOS.obj (.text:ti_sysbios_family_arm_m3_Hwi_doTaskRestore__I)
                  0002154c    00000024     tcpEcho_pem4f.oem4f (.text:ti_sysbios_gates_GateMutex_Object__delete__S)
                  00021570    00000024     tcpEcho_pem4f.oem4f (.text:ti_sysbios_knl_Semaphore_Object__delete__S)
                  00021594    00000024     sysbios.aem4f : BIOS.obj (.text:ti_sysbios_knl_Swi_Module_startup__E)
                  000215b8    00000024     ti.targets.arm.rtsarm.aem4f : System.oem4f (.text:xdc_runtime_System_vprintf__E)
                  000215dc    00000022     ti.net.wolfssl.aem4f : internal.oem4f (.text:AddHeaders)
                  000215fe    00000022     nettool_ipv4.aem4f : config.oem4f (.text:CfgEntryInfo)
                  00021620    00000022                        : config.oem4f (.text:CfgEntryRef)
                  00021642    00000022     ti.net.wolfssl.aem4f : internal.oem4f (.text:CheckAvailableSize)
                  00021664    00000022                         : random.oem4f (.text:RNG_GenerateBlock)
                  00021686    00000022     stk.aem4f : vlan.oem4f (.text:VLANFindNode)
                  000216a8    00000022     ti.net.wolfssl.aem4f : internal.oem4f (.text:VerifyClientSuite)
                  000216ca    00000022     tcpEcho.obj (.text:setsockopt)
                  000216ec    00000022     tcpEcho_pem4f.oem4f (.text:xdc_runtime_SysMin_output__I)
                  0002170e    00000002     --HOLE-- [fill = 0]
                  00021710    00000020     stk.aem4f : bind.oem4f (.text:BindFindByHost)
                  00021730    00000020     ti.net.wolfssl.aem4f : ssl.oem4f (.text:wolfSSL_GetMacSecret)
                  00021750    00000020                         : asn.oem4f (.text:FreeAltNames)
                  00021770    00000020                         : asn.oem4f (.text:FreeNameSubtrees)
                  00021790    00000020     netctrl_min_ipv4.aem4f : netctrl.oem4f (.text:NC_BootComplete)
                  000217b0    00000020     stk.aem4f : nimu.oem4f (.text:NIMUGetNumOfObject)
                  000217d0    00000020               : rtc.oem4f (.text:RTCAddHook)
                  000217f0    00000020               : rtc.oem4f (.text:RTCRemoveHook)
                  00021810    00000020     ti.net.wolfssl.aem4f : tfm.oem4f (.text:fp_set)
                  00021830    00000020     tcpEcho_pem4f.oem4f (.text:ti_sysbios_family_arm_m3_Hwi_Object__delete__S)
                  00021850    00000020     sysbios.aem4f : m3_Hwi_asm.obj (.text:ti_sysbios_family_arm_m3_Hwi_excHandlerAsm__I)
                  00021870    00000020                   : BIOS.obj (.text:ti_sysbios_family_arm_m3_Hwi_excHandler__I)
                  00021890    00000020     tcpEcho_pem4f.oem4f (.text:ti_sysbios_gates_GateHwi_Object__delete__S)
                  000218b0    00000020     tcpEcho_pem4f.oem4f (.text:ti_sysbios_hal_Hwi_Object__delete__S)
                  000218d0    00000020     tcpEcho_pem4f.oem4f (.text:ti_sysbios_heaps_HeapMem_Object__delete__S)
                  000218f0    00000020     sysbios.aem4f : BIOS.obj (.text:ti_sysbios_knl_Idle_run__E)
                  00021910    00000020     tcpEcho_pem4f.oem4f (.text:ti_sysbios_knl_Semaphore_Object__destruct__S)
                  00021930    00000020     tcpEcho_pem4f.oem4f (.text:ti_sysbios_knl_Swi_Object__delete__S)
                  00021950    00000020     tcpEcho_pem4f.oem4f (.text:ti_sysbios_knl_Task_Object__delete__S)
                  00021970    00000020     sysbios.aem4f : BIOS.obj (.text:ti_sysbios_knl_Task_enter__I)
                  00021990    00000020                   : BIOS.obj (.text:ti_sysbios_knl_Task_sleepTimeout__I)
                  000219b0    00000020     ti.targets.arm.rtsarm.aem4f : Registry.oem4f (.text:xdc_runtime_Registry_findById__E)
                  000219d0    00000020                                 : SysMin.oem4f (.text:xdc_runtime_SysMin_Module_startup__E)
[...]
00022a9f   FreeMutex
00022aa9   fdint_signalevent
00022ab3   fdint_signaltimeout
00022abd   mp_add
00022ac7   mp_clear
00022ad1   mp_mul
00022adb   mp_read_unsigned_bin
00022ae5   mp_sub
00022aef   mp_to_unsigned_bin
00022af9   ti_sysbios_hal_Hwi_Instance_finalize__E
00022b17   wolfSSL_CTX_free
00022b1f   wolfSSL_free
00022b27   EMACTxDMAPollDemand
00022b37   TaskBlock
00022b77   ti_sysbios_family_arm_lm4_Timer_masterDisable__I
00022b7f   ti_sysbios_family_arm_m3_Hwi_doSwiRestore__I
00022b87   ti_sysbios_family_arm_m3_Hwi_startup__E
00022b87   ti_sysbios_hal_Hwi_HwiProxy_startup__E
00022b87   ti_sysbios_hal_Hwi_startup__E
00022b8f   ti_sysbios_knl_Idle_loop__E
00022b97   ti_sysbios_knl_Task_getHookContext__E
00022b9f   ti_sysbios_knl_Task_setHookContext__E
00022ba7   wolfSSL_dtls
00022bad   wolfSSL_get_fd
00022bb3   wolfSSL_get_using_nonblock
00022bb9   wolfSSL_read
00022bbf   EMACRxDMADescriptorListSet
00022bc5   EMACTxDMADescriptorListSet
00022bcb   SysCtlDelay
00022bd1   TcpPrRecv
00022bd7   __xdc__init
00022bdd   __TI_decompress_rle24
00022be3   ti_sysbios_family_arm_lm4_TimestampProvider_Module_startup__E
00022be9   OEMSysCritOff
00022be9   ti_sysbios_family_arm_m3_Hwi_restoreFxn__E
00022be9   ti_sysbios_hal_Hwi_HwiProxy_restore__E
00022be9   ti_sysbios_hal_Hwi_restore__E
00022bef   ti_sysbios_gates_GateHwi_leave__E
00022bf5   ti_sysbios_heaps_HeapMem_isBlocking__E
00022bfb   ti_sysbios_knl_Queue_Instance_init__E
00022c01   xdc_runtime_System_Module_startup__E
00022c07   BindGetIF
00022c0b   BindGetNext
00022c0f   FreeRsaKey
00022c17   NDK_vsprintf
00022c1b   NodeSetRt
00022c1f   RawEthSockPrAttach
00022c23   RawEthSockPrDetach
00022c27   RsaEncryptSize
00022c2b   SemPend
00022c2f   SemPost
00022c33   SemReset
00022c37   TaskSelf
00022c3b   TaskSetPri
00022c3f   _llSerialInit
00022c47   fp_mul
00022c4b   fp_sqr
00022c4f   list_get_head
00022c53   list_get_next
00022c5f   ti_sysbios_BIOS_RtsGateProxy_enter__E
00022c63   ti_sysbios_BIOS_RtsGateProxy_leave__E
00022c67   ti_sysbios_family_arm_lm4_Timer_getPeriod__E
00022c6b   ti_sysbios_family_arm_lm4_Timer_masterEnable__I
00022c6f   ti_sysbios_family_arm_m3_TaskSupport_Module__startupDone__S
00022c73   ti_sysbios_gates_GateHwi_query__E
00022c73   xdc_runtime_Main_Module_GateProxy_query__E
00022c73   xdc_runtime_System_Module_GateProxy_query__E
00022c77   ti_sysbios_BIOS_RtsGateProxy_query__E
00022c77   ti_sysbios_gates_GateMutex_query__E
00022c77   ti_sysbios_heaps_HeapMem_Module_GateProxy_query__E
00022c7b   ti_sysbios_hal_Hwi_HwiProxy_Module__startupDone__S
00022c7f   ti_sysbios_hal_Hwi_HwiProxy_Object__delete__S
00022c83   ti_sysbios_hal_Hwi_HwiProxy_delete
00022c87   ti_sysbios_hal_Hwi_delete
00022c8b   ti_sysbios_heaps_HeapMem_Module_GateProxy_enter__E
00022c8f   ti_sysbios_heaps_HeapMem_Module_GateProxy_leave__E
00022c93   ti_sysbios_knl_Clock_TimerProxy_Module__startupDone__S
00022c97   ti_sysbios_knl_Clock_TimerProxy_getCurrentTick__E
00022c9b   ti_sysbios_knl_Clock_TimerProxy_getMaxTicks__E
00022c9f   ti_sysbios_knl_Clock_TimerProxy_getPeriod__E
00022ca3   ti_sysbios_knl_Clock_TimerProxy_setNextTick__E
00022ca7   ti_sysbios_knl_Queue_destruct
00022cab   ti_sysbios_knl_Semaphore_delete
00022caf   ti_sysbios_knl_Semaphore_destruct
00022cb3   ti_sysbios_knl_Swi_delete
00022cb7   ti_sysbios_knl_Task_SupportProxy_Module__startupDone__S
00022cbb   ti_sysbios_knl_Task_delete
00022cbf   ti_sysbios_knl_Task_startup__E
00022cc3   xdc_runtime_Error_getMsg__E
00022cc7   xdc_runtime_Error_getSite__E
00022ccb   xdc_runtime_Memory_HeapProxy_alloc__E
00022ccf   xdc_runtime_Memory_HeapProxy_free__E
00022cd3   xdc_runtime_System_Module_GateProxy_enter__E
00022cd7   xdc_runtime_System_Module_GateProxy_leave__E
00022cdb   xdc_runtime_System_aprintf_va__F
00022cdf   xdc_runtime_System_printf_va__F
00022ce4   xdc_runtime_Text_charTab__A
00024429   ti_sysbios_knl_Clock_tickMode__C
0002442a   ti_catalog_arm_cortexm4_tiva_ce_Boot_Module__id__C
0002742c   ca_cert_der_2048
000278da   server_key_der_2048
00027d83   server_cert_der_2048
00028225   ti_sysbios_knl_Clock_tickSource__C
00028226   ti_sysbios_family_arm_lm4_TimestampProvider_useClockTimer__C
00028448   xdc_runtime_Text_nodeTab__A
00028692   ti_sysbios_family_arm_m3_Hwi_Module__id__C
000287af   xdc_runtime_Error_policy__C
0002887c   Code2Err
000289ee   ti_sysbios_family_arm_m3_Hwi_Module__loggerDefined__C
000289f0   ti_sysbios_knl_Task_Object__PARAMS__C
00028a64   emacHWAttrs
00028a70   EMAC_config
00028a88   GPIO_config
00028b5c   gpioHWAttrs
00028b8c   ti_sysbios_family_arm_m3_Hwi_Object__PARAMS__C
00028bbc   ti_sysbios_hal_Hwi_Object__PARAMS__C
00028c38   ti_sysbios_heaps_HeapMem_Module__FXNS__C
00028c60   ti_sysbios_knl_Swi_Object__PARAMS__C
00028c88   ti_sysbios_gates_GateHwi_Module__FXNS__C
00028cac   ti_sysbios_gates_GateMutex_Module__FXNS__C
00028cd0   ti_sysbios_heaps_HeapMem_Object__PARAMS__C
00028cf4   ti_sysbios_knl_Clock_Object__PARAMS__C
00028d18   ti_sysbios_knl_Semaphore_Object__PARAMS__C
00028d3c   xdc_runtime_Startup_sfxnTab__A
00028d80   ti_sysbios_family_arm_m3_Hwi_Object__DESC__C
00028da0   ti_sysbios_gates_GateHwi_Object__DESC__C
00028dc0   ti_sysbios_gates_GateMutex_Object__DESC__C
00028de0   ti_sysbios_hal_Hwi_Object__DESC__C
00028e00   ti_sysbios_heaps_HeapMem_Object__DESC__C
00028e20   ti_sysbios_knl_Clock_Object__DESC__C
00028e40   ti_sysbios_knl_Queue_Object__DESC__C
00028e60   ti_sysbios_knl_Semaphore_Object__DESC__C
00028e80   ti_sysbios_knl_Swi_Object__DESC__C
00028ea0   ti_sysbios_knl_Task_Object__DESC__C
00028ed8   ti_ndk_config_Global_rawPageSize
00028edc   ti_ndk_config_Global_rawPageCount
00028ee0   ti_ndk_config_Global_smallest
00028ee4   ti_ndk_config_Global_largest
00028ee8   ti_ndk_config_Global_numFrameBuf
00028eec   ti_ndk_config_Global_sizeFrameBuf
00028ef0   ti_sysbios_gates_GateHwi_Object__PARAMS__C
00028f08   ti_sysbios_gates_GateMutex_Object__PARAMS__C
00028f20   ti_sysbios_knl_Queue_Object__PARAMS__C
00028f38   ti_sysbios_knl_Task_hooks__A
00028f50   xdc_runtime_Startup_firstFxns__A
00028f64   xdc_runtime_Startup_sfxnRts__A
00028fa0   EMACSnow_fxnTable
00028fa8   ti_sysbios_family_arm_m3_Hwi_excHookFuncs__A
00028fb0   ti_sysbios_knl_Idle_funcList__A
00028fb8   ti_sysbios_knl_Idle_funcList__C
00028fc0   ti_sysbios_knl_Task_hooks__C
00028fc8   xdc_runtime_Startup_firstFxns__C
00028fd0   xdc_runtime_Startup_lastFxns__C
00028fd8   ti_catalog_arm_cortexm4_tiva_ce_Boot_A_mustNotUseEnhancedClockMode__C
00028fdc   ti_catalog_arm_cortexm4_tiva_ce_Boot_Module__diagsEnabled__C
00028fe0   ti_catalog_arm_cortexm4_tiva_ce_Boot_Module__diagsIncluded__C
00028fe4   ti_catalog_arm_cortexm4_tiva_ce_Boot_Module__diagsMask__C
00028fe8   ti_sysbios_family_arm_lm4_Timer_enableFunc__C
00028fec   ti_sysbios_family_arm_lm4_Timer_numTimerDevices__C
00028ff0   ti_sysbios_family_arm_lm4_Timer_startupNeeded__C
00028ff4   ti_sysbios_family_arm_m3_Hwi_E_NMI__C
00028ff8   ti_sysbios_family_arm_m3_Hwi_E_alreadyDefined__C
00028ffc   ti_sysbios_family_arm_m3_Hwi_E_busFault__C
00029000   ti_sysbios_family_arm_m3_Hwi_E_debugMon__C
00029004   ti_sysbios_family_arm_m3_Hwi_E_hardFault__C
00029008   ti_sysbios_family_arm_m3_Hwi_E_hwiLimitExceeded__C
0002900c   ti_sysbios_family_arm_m3_Hwi_E_memFault__C
00029010   ti_sysbios_family_arm_m3_Hwi_E_noIsr__C
00029014   ti_sysbios_family_arm_m3_Hwi_E_reserved__C
00029018   ti_sysbios_family_arm_m3_Hwi_E_svCall__C
0002901c   ti_sysbios_family_arm_m3_Hwi_E_usageFault__C
00029020   ti_sysbios_family_arm_m3_Hwi_LD_end__C
00029024   ti_sysbios_family_arm_m3_Hwi_LM_begin__C
00029028   ti_sysbios_family_arm_m3_Hwi_Module__diagsEnabled__C
0002902c   ti_sysbios_family_arm_m3_Hwi_Module__diagsIncluded__C
00029030   ti_sysbios_family_arm_m3_Hwi_Module__diagsMask__C
00029034   ti_sysbios_family_arm_m3_Hwi_Module__loggerFxn1__C
00029038   ti_sysbios_family_arm_m3_Hwi_Module__loggerFxn8__C
0002903c   ti_sysbios_family_arm_m3_Hwi_Module__loggerObj__C
00029040   ti_sysbios_family_arm_m3_Hwi_NUM_INTERRUPTS__C
00029044   ti_sysbios_family_arm_m3_Hwi_Object__count__C
00029048   ti_sysbios_family_arm_m3_Hwi_ccr__C
0002904c   ti_sysbios_family_arm_m3_Hwi_disablePriority__C
00029050   ti_sysbios_family_arm_m3_Hwi_excHandlerFunc__C
00029054   ti_sysbios_family_arm_m3_Hwi_excHookFuncs__C
00029058   ti_sysbios_family_arm_m3_Hwi_nullIsrFunc__C
0002905c   ti_sysbios_family_arm_m3_Hwi_numSparseInterrupts__C
00029060   ti_sysbios_family_arm_m3_Hwi_priGroup__C
00029064   ti_sysbios_family_arm_m3_TaskSupport_stackAlignment__C
00029068   ti_sysbios_gates_GateMutex_A_badContext__C
0002906c   ti_sysbios_gates_GateMutex_Instance_State_sem__O
00029070   ti_sysbios_gates_GateMutex_Module__diagsEnabled__C
00029074   ti_sysbios_gates_GateMutex_Module__diagsIncluded__C
00029078   ti_sysbios_gates_GateMutex_Module__diagsMask__C
0002907c   ti_sysbios_hal_Hwi_E_stackOverflow__C
00029080   ti_sysbios_heaps_HeapMem_A_align__C
00029084   ti_sysbios_heaps_HeapMem_A_heapSize__C
00029088   ti_sysbios_heaps_HeapMem_A_invalidFree__C
0002908c   ti_sysbios_heaps_HeapMem_A_zeroBlock__C
00029090   ti_sysbios_heaps_HeapMem_E_memory__C
00029094   ti_sysbios_heaps_HeapMem_Module__diagsEnabled__C
00029098   ti_sysbios_heaps_HeapMem_Module__diagsIncluded__C
0002909c   ti_sysbios_heaps_HeapMem_Module__diagsMask__C
000290a0   ti_sysbios_heaps_HeapMem_Module__gateObj__C
000290a4   ti_sysbios_heaps_HeapMem_Object__count__C
000290a8   ti_sysbios_heaps_HeapMem_reqAlign__C
000290ac   ti_sysbios_knl_Clock_A_badThreadType__C
000290b0   ti_sysbios_knl_Clock_LM_begin__C
000290b4   ti_sysbios_knl_Clock_LM_tick__C
000290b8   ti_sysbios_knl_Clock_LW_delayed__C
000290bc   ti_sysbios_knl_Clock_Module_State_clockQ__O
000290c0   ti_sysbios_knl_Clock_Module__diagsEnabled__C
000290c4   ti_sysbios_knl_Clock_Module__diagsIncluded__C
000290c8   ti_sysbios_knl_Clock_Module__diagsMask__C
000290cc   ti_sysbios_knl_Clock_Module__loggerFxn1__C
000290d0   ti_sysbios_knl_Clock_Module__loggerFxn2__C
000290d4   ti_sysbios_knl_Clock_Module__loggerObj__C
000290d8   ti_sysbios_knl_Semaphore_A_badContext__C
000290dc   ti_sysbios_knl_Semaphore_A_noEvents__C
000290e0   ti_sysbios_knl_Semaphore_A_overflow__C
000290e4   ti_sysbios_knl_Semaphore_A_pendTaskDisabled__C
000290e8   ti_sysbios_knl_Semaphore_Instance_State_pendQ__O
000290ec   ti_sysbios_knl_Semaphore_LM_pend__C
000290f0   ti_sysbios_knl_Semaphore_LM_post__C
000290f4   ti_sysbios_knl_Semaphore_Module__diagsEnabled__C
000290f8   ti_sysbios_knl_Semaphore_Module__diagsIncluded__C
000290fc   ti_sysbios_knl_Semaphore_Module__diagsMask__C
00029100   ti_sysbios_knl_Semaphore_Module__loggerFxn2__C
00029104   ti_sysbios_knl_Semaphore_Module__loggerFxn4__C
00029108   ti_sysbios_knl_Semaphore_Module__loggerObj__C
0002910c   ti_sysbios_knl_Swi_A_badPriority__C
00029110   ti_sysbios_knl_Swi_LD_end__C
00029114   ti_sysbios_knl_Swi_LM_begin__C
00029118   ti_sysbios_knl_Swi_LM_post__C
0002911c   ti_sysbios_knl_Swi_Module__diagsEnabled__C
00029120   ti_sysbios_knl_Swi_Module__diagsIncluded__C
00029124   ti_sysbios_knl_Swi_Module__diagsMask__C
00029128   ti_sysbios_knl_Swi_Module__loggerFxn1__C
0002912c   ti_sysbios_knl_Swi_Module__loggerFxn4__C
00029130   ti_sysbios_knl_Swi_Module__loggerObj__C
00029134   ti_sysbios_knl_Swi_Object__count__C
00029138   ti_sysbios_knl_Swi_numPriorities__C
0002913c   ti_sysbios_knl_Task_A_badPriority__C
00029140   ti_sysbios_knl_Task_A_badTaskState__C
00029144   ti_sysbios_knl_Task_A_badThreadType__C
00029148   ti_sysbios_knl_Task_A_badTimeout__C
0002914c   ti_sysbios_knl_Task_A_noPendElem__C
00029150   ti_sysbios_knl_Task_A_sleepTaskDisabled__C
00029154   ti_sysbios_knl_Task_E_deleteNotAllowed__C
00029158   ti_sysbios_knl_Task_E_spOutOfBounds__C
0002915c   ti_sysbios_knl_Task_E_stackOverflow__C
00029160   ti_sysbios_knl_Task_LD_block__C
00029164   ti_sysbios_knl_Task_LD_exit__C
00029168   ti_sysbios_knl_Task_LD_ready__C
0002916c   ti_sysbios_knl_Task_LM_setPri__C
00029170   ti_sysbios_knl_Task_LM_sleep__C
00029174   ti_sysbios_knl_Task_LM_switch__C
00029178   ti_sysbios_knl_Task_Module_State_inactiveQ__O
0002917c   ti_sysbios_knl_Task_Module_State_terminatedQ__O
00029180   ti_sysbios_knl_Task_Module__diagsEnabled__C
00029184   ti_sysbios_knl_Task_Module__diagsIncluded__C
00029188   ti_sysbios_knl_Task_Module__diagsMask__C
0002918c   ti_sysbios_knl_Task_Module__loggerFxn2__C
00029190   ti_sysbios_knl_Task_Module__loggerFxn4__C
00029194   ti_sysbios_knl_Task_Module__loggerObj__C
00029198   ti_sysbios_knl_Task_Object__count__C
0002919c   ti_sysbios_knl_Task_Object__heap__C
000291a0   ti_sysbios_knl_Task_allBlockedFunc__C
000291a4   ti_sysbios_knl_Task_defaultStackHeap__C
000291a8   ti_sysbios_knl_Task_defaultStackSize__C
000291ac   ti_sysbios_knl_Task_numConstructedTasks__C
000291b0   ti_sysbios_knl_Task_numPriorities__C
000291b4   xdc_runtime_Assert_E_assertFailed__C
000291b8   xdc_runtime_Core_A_initializedParams__C
000291bc   xdc_runtime_Core_Module__diagsEnabled__C
000291c0   xdc_runtime_Core_Module__diagsIncluded__C
000291c4   xdc_runtime_Core_Module__diagsMask__C
000291c8   xdc_runtime_Error_E_memory__C
000291cc   xdc_runtime_Error_Module__diagsEnabled__C
000291d0   xdc_runtime_Error_Module__diagsIncluded__C
000291d4   xdc_runtime_Error_Module__diagsMask__C
000291d8   xdc_runtime_Error_Module__loggerFxn8__C
000291dc   xdc_runtime_Error_Module__loggerObj__C
000291e0   xdc_runtime_Error_policyFxn__C
000291e4   xdc_runtime_Error_raiseHook__C
000291e8   xdc_runtime_IGateProvider_Interface__BASE__C
000291ec   xdc_runtime_IHeap_Interface__BASE__C
000291f0   xdc_runtime_IModule_Interface__BASE__C
000291f4   xdc_runtime_Log_L_error__C
000291f8   xdc_runtime_Memory_defaultHeapInstance__C
000291fc   xdc_runtime_Startup_execImpl__C
00029200   xdc_runtime_Startup_lastFxns__A
00029204   xdc_runtime_Startup_maxPasses__C
00029208   xdc_runtime_Startup_sfxnRts__C
0002920c   xdc_runtime_Startup_sfxnTab__C
00029210   xdc_runtime_SysMin_bufSize__C
00029214   xdc_runtime_SysMin_outputFunc__C
00029218   xdc_runtime_System_Module__gateObj__C
0002921c   xdc_runtime_System_abortFxn__C
00029220   xdc_runtime_System_exitFxn__C
00029224   xdc_runtime_System_extendFxn__C
00029228   xdc_runtime_System_maxAtexitHandlers__C
0002922c   xdc_runtime_Text_charTab__C
00029230   xdc_runtime_Text_nameEmpty__C
00029234   xdc_runtime_Text_nameStatic__C
00029238   xdc_runtime_Text_nameUnknown__C
0002923c   xdc_runtime_Text_nodeTab__C
00029240   xdc_runtime_Text_visitRopeFxn__C
00029244   ti_sysbios_gates_GateMutex_Module__id__C
00029246   ti_sysbios_hal_Hwi_Module__id__C
00029248   ti_sysbios_heaps_HeapMem_Module__id__C
0002924a   ti_sysbios_knl_Clock_Module__id__C
0002924c   ti_sysbios_knl_Clock_Module__loggerDefined__C
0002924e   ti_sysbios_knl_Semaphore_Module__id__C
00029250   ti_sysbios_knl_Semaphore_Module__loggerDefined__C
00029252   ti_sysbios_knl_Swi_Module__id__C
00029254   ti_sysbios_knl_Swi_Module__loggerDefined__C
00029256   ti_sysbios_knl_Task_Module__id__C
00029258   ti_sysbios_knl_Task_Module__loggerDefined__C
0002925a   ti_sysbios_knl_Task_checkStackFlag__C
0002925c   ti_sysbios_knl_Task_deleteTerminatedTasks__C
0002925e   ti_sysbios_knl_Task_initStackFlag__C
00029260   xdc_runtime_Core_Module__id__C
00029262   xdc_runtime_Error_Module__loggerDefined__C
00029264   xdc_runtime_Error_maxDepth__C
00029266   xdc_runtime_Memory_Module__id__C
00029268   xdc_runtime_SysMin_flushAtExit__C
0002926a   xdc_runtime_Text_charCnt__C
0002926c   xdc_runtime_Text_isLoaded__C
0002926e   xdc_runtime_Text_registryModsLastId__C
00029270   xdc_runtime_Text_unnamedModsLastId__C
00029874   __TI_Handler_Table_Base
00029880   __TI_Handler_Table_Limit
00029890   __TI_CINIT_Base
000298a8   __TI_CINIT_Limit
20000000   ti_sysbios_family_arm_m3_Hwi_ramVectors
20000380   ti_sysbios_heaps_HeapMem_Instance_State_0_buf__A
20018a20   ti_ndk_config_Global_pit
20018ac8   ti_ndk_config_Global_pitBuffer
2001d2f4   PBMQ_free
2001d300   ti_ndk_config_Global_pBufMem
20020f00   ti_ndk_config_Global_pHdrMem
200220c0   ti_sysbios_knl_Task_Instance_State_0_stack__A
200226c0   ti_sysbios_knl_Task_Instance_State_1_stack__A
200229c0   ti_sysbios_family_arm_m3_Hwi_dispatchTable
20022d20   __CIOBUF_
2002301c   tcps
200232a8   xdc_runtime_SysMin_Module_State_0_outbuf__A
20023328   BlockMax
20023344   BlockCount
20023360   PageMax
2002337c   PageCount
20023398   ips
20023400   nimu_mcb
20023460   _ICMPIn
200234ac   _ICMPOut
20023538   vlan_mcb
20023594   _IGMPInDiscard
20023598   _IGMPInQuery
2002359c   _IGMPInQueryGroup
200235a0   _IGMPInResponse
200235a4   _IGMPOutResponse
200235a8   udps
200235cc   stkEvent
20023618   raws
20023628   raweths
20023638   tpseudo
20023644   upseudo
20023658   emacObjects
2002366c   raweth_pcb
20023678   g_ulStatus
20023680   ti_sysbios_knl_Task_Instance_State_0_hookEnv__A
20023684   ti_sysbios_knl_Task_Instance_State_1_hookEnv__A
20023688   ti_ndk_config_Global_Id2Size
200236a4   ti_ndk_config_Global_HostName
200236e8   ti_sysbios_family_arm_lm4_Timer_Module__root__V
200236f0   ti_sysbios_family_arm_lm4_Timer_Module_State_0_handles__A
20023710   ti_sysbios_family_arm_lm4_Timer_Module__state__V
2002371c   ti_sysbios_family_arm_lm4_TimestampProvider_Module__state__V
20023724   ti_sysbios_family_arm_m3_Hwi_Module__root__V
2002372c   ti_sysbios_family_arm_m3_Hwi_Module_State_0_excActive__A
20023730   ti_sysbios_family_arm_m3_Hwi_Module_State_0_excContext__A
20023734   ti_sysbios_family_arm_m3_Hwi_Module_State_0_excStack__A
20023738   ti_sysbios_gates_GateHwi_Module__root__V
20023740   ti_sysbios_gates_GateHwi_Object__table__V
20023744   ti_sysbios_gates_GateMutex_Module__root__V
2002374c   ti_sysbios_hal_Hwi_Module__root__V
20023754   ti_sysbios_heaps_HeapMem_Module__root__V
2002375c   ti_sysbios_heaps_HeapMem_Object__table__V
20023774   ti_sysbios_knl_Clock_Module__root__V
2002377c   ti_sysbios_knl_Queue_Module__root__V
20023784   ti_sysbios_knl_Semaphore_Module__root__V
2002378c   ti_sysbios_knl_Swi_Module__root__V
20023794   ti_sysbios_knl_Swi_Module__state__V
200237b0   ti_sysbios_knl_Task_Module__root__V
200237b8   ti_sysbios_knl_Task_Module_State_0_idleTask__A
200237bc   xdc_runtime_Error_Module__state__V
200237c0   xdc_runtime_Memory_Module__state__V
200237c4   xdc_runtime_Registry_Module__state__V
200237cc   xdc_runtime_Startup_Module__state__V
200237d4   xdc_runtime_SysMin_Module__state__V
200237e0   xdc_runtime_System_Module_State_0_atexitHandlers__A
20023800   xdc_runtime_System_Module__state__V
20023808   xdc_runtime_Text_Module__state__V
20023810   __xdc__init__addr
20023814   _ipcfg
200238c8   ti_sysbios_knl_Task_Object__table__V
20023914   TSK_idle
20023960   ti_sysbios_family_arm_lm4_Timer_Object__table__V
200239e0   ti_sysbios_knl_Swi_Module_State_0_readyQ__A
20023a60   ti_sysbios_knl_Task_Module_State_0_readyQ__A
20023b30   ti_sysbios_knl_Task_Module__state__V
20023bf4   ti_sysbios_family_arm_lm4_Timer_Module_State_0_device__A
20023c34   ti_sysbios_gates_GateMutex_Object__table__V
20023ca0   ti_sysbios_family_arm_m3_Hwi_Module__state__V
20023cd4   enablePrefetch
20023cd8   phyCounter
20023d38   ti_sysbios_family_arm_m3_Hwi_Object__table__V
20023d68   ti_sysbios_knl_Swi_Object__table__V
20023d98   ti_sysbios_knl_Clock_Module__state__V
20023dc4   pstrMsgName
20023dec   _oscfg
20023e10   PITCount
20023e14   PITUsed
20023e18   PITHigh
20023e34   ti_sysbios_BIOS_Module__state__V
20023ebc   NIMUDeviceTable
20023ec4   macAddress
20023ed4   _IGMPForceVersion1
20023f10   _lock
20023f14   _unlock
20023f18   __TI_cleanup_ptr
20023f1c   __TI_dtors_ptr
20023f28   _ICMPInErrors
20023f2c   _ICMPOutErrors
20023f30   _IPExecuting
20023f48   tcp_iss
20023f4c   ptTimeFirst
20023f78   main_func_sp
20023f80   _IPReasmPtr
20023f90   __stack
20024190   __STACK_TOP
20024390   __STACK_END
40000400   ti_sysbios_family_arm_ducati_CTM_ctm
e000e000   ti_sysbios_family_arm_m3_Hwi_nvic
ffffffff   __binit__
ffffffff   __c_args__
ffffffff   binit
UNDEFED    SHT$$INIT_ARRAY$$Base
UNDEFED    SHT$$INIT_ARRAY$$Limit

[1291 symbols]
