******************************************************************************
                  TI ARM Linker PC v5.1.6                      
******************************************************************************
>> Linked Thu Aug 14 17:00:27 2014

OUTPUT FILE NAME:   <tcpEcho_Client_TivaTM4C1294NCPDT.out>
ENTRY POINT SYMBOL: "_c_int00"  address: 0001cd35


MEMORY CONFIGURATION

         name            origin    length      used     unused   attr    fill
----------------------  --------  ---------  --------  --------  ----  --------
  FLASH                 00000000   00100000  00029aaa  000d6556  R  X
  SRAM                  20000000   00040000  00024514  0001baec  RW X


SEGMENT ALLOCATION MAP

run origin  load origin   length   init length attrs members
----------  ----------- ---------- ----------- ----- -------
00000000    00000000    00029ab0   00029ab0    r-x
  00000000    00000000    0000003c   0000003c    r-- .resetVecs
  0000003c    0000003c    00022d34   00022d34    r-x .text
  00022d70    00022d70    000066ba   000066ba    r-- .const
  00029430    00029430    00000680   00000680    r-- .cinit
20000000    20000000    00000360   00000000    rw-
  20000000    20000000    00000360   00000000    rw- .vecs
20000380    20000380    000241b4   00000000    rw-
  20000380    20000380    00023308   00000000    rw- .bss
  20023688    20023688    00000aac   00000000    rw- .data
  20024134    20024134    00000400   00000000    rw- .stack


SECTION ALLOCATION MAP

 output                                  attributes/
section   page    origin      length       input sections
--------  ----  ----------  ----------   ----------------
.bootVecs 
*          0    00000000    00000008     DSECT
                  00000000    00000008     boot.aem4f : boot.oem4f (.bootVecs)

.resetVecs 
*          0    00000000    0000003c     
                  00000000    0000003c     tcpEcho_pem4f.oem4f (.resetVecs)

xdc.meta   0    00000000    000000fa     COPY SECTION
                  00000000    000000fa     tcpEcho_pem4f.oem4f (xdc.meta)

.init_array 
*          0    00000000    00000000     UNINITIALIZED

.text      0    0000003c    00022d34     
                  0000003c    00001388     ti.net.cyassl.aem4f : sha.oem4f (.text:Transform)
                  000013c4    00000bd4     stk.aem4f : tcpin.oem4f (.text:TcpInput)
                  00001f98    000008a8               : tcpout.oem4f (.text:TcpOutput)
                  00002840    0000086c     ti.net.cyassl.aem4f : md5.oem4f (.text:Transform)
                  000030ac    000005f0                         : internal.oem4f (.text:SendServerKeyExchange)
                  0000369c    00000580                         : ssl.oem4f (.text:ProcessBuffer)
                  00003c1c    00000520                         : internal.oem4f (.text:DoServerKeyExchange)
                  0000413c    0000051e                         : sha256.oem4f (.text:Transform)
                  0000465a    00000002                         : dh.oem4f (.text:FreeDhKey)
                  0000465c    000004f4                         : internal.oem4f (.text:DoClientKeyExchange)
                  00004b50    000004a8     rtsv7M4_T_le_v4SPD16_eabi.lib : pow.obj (.text)
                  00004ff8    0000047c     ti.net.cyassl.aem4f : internal.oem4f (.text:SendClientKeyExchange)
                  00005474    00000424     sysbios.aem4f : BIOS.obj (.text:ti_sysbios_family_arm_m3_Hwi_excDumpRegs__I)
                  00005898    00000420     ti.net.cyassl.aem4f : ssl.oem4f (.text:PemToDer)
                  00005cb8    00000400                         : aes.oem4f (.text:AesSetKeyLocal)
                  000060b8    000003fc     stk.aem4f : ipout.oem4f (.text:IPTxPacket)
                  000064b4    000003d0     ti.net.cyassl.aem4f : aes.oem4f (.text:AesDecrypt)
                  00006884    000003d0                         : aes.oem4f (.text:AesEncrypt)
                  00006c54    000003ca                         : asn.oem4f (.text:GetName)
                  0000701e    00000002                         : dh.oem4f (.text:InitDhKey)
                  00007020    000003c0                         : internal.oem4f (.text:InitSSL)
                  000073e0    00000390     stk.aem4f : ipin.oem4f (.text:IPRxPacket)
                  00007770    00000384     ti.net.cyassl.aem4f : tfm.oem4f (.text:fp_div)
                  00007af4    0000035c                         : keys.oem4f (.text:SetCipherSpecs)
                  00007e50    0000033c     ti.targets.arm.rtsarm.aem4f : System.oem4f (.text:xdc_runtime_System_doPrint__I)
                  0000818c    00000334     ti.net.cyassl.aem4f : internal.oem4f (.text:DoCertificate)
                  000084c0    00000334     tcpEcho.obj (.text:tcpHandler)
                  000087f4    00000304     ti.net.cyassl.aem4f : internal.oem4f (.text:ProcessReply)
                  00008af8    00000300     sysbios.aem4f : BIOS.obj (.text:ti_sysbios_knl_Semaphore_pend__E)
                  00008df8    000002ec     rtsv7M4_T_le_v4SPD16_eabi.lib : xlog.obj (.text)
                  000090e4    000002e8     ti.net.cyassl.aem4f : tfm.oem4f (.text:fp_invmod_slow)
                  000093cc    000002d4     rtsv7M4_T_le_v4SPD16_eabi.lib : trgdrv.obj (.text)
                  000096a0    000002d4     sysbios.aem4f : BIOS.obj (.text:ti_sysbios_knl_Task_Instance_finalize__E)
                  00009974    000002c0     ti.net.cyassl.aem4f : internal.oem4f (.text:DoClientHello)
                  00009c34    0000028e                         : internal.oem4f (.text:InitSuites)
                  00009ec2    00000002     hal_userled_stub.aem4f : llled.oem4f (.text:LED_TOGGLE)
                  00009ec4    0000026f     stk.aem4f : sock.oem4f (.text:SockSet)
                  0000a133    00000001     --HOLE-- [fill = 0]
                  0000a134    00000248               : ipfrag.oem4f (.text:IPReasm)
                  0000a37c    00000248     sysbios.aem4f : BIOS.obj (.text:ti_sysbios_family_arm_lm4_Timer_start__E)
                  0000a5c4    00000248                   : BIOS.obj (.text:ti_sysbios_heaps_HeapMem_free__E)
                  0000a80c    00000234     stk.aem4f : icmpin.oem4f (.text:ICMPInput)
                  0000aa40    00000234     sysbios.aem4f : BIOS.obj (.text:ti_sysbios_heaps_HeapMem_alloc__E)
                  0000ac74    0000022c     ti.net.cyassl.aem4f : keys.oem4f (.text:SetKeys)
                  0000aea0    00000228                         : internal.oem4f (.text:ProcessOldClientHello)
                  0000b0c8    00000224                         : tfm.oem4f (.text:fp_invmod)
                  0000b2ec    0000021c     stk.aem4f : udp.oem4f (.text:UdpInput)
                  0000b508    0000020c     sysbios.aem4f : BIOS.obj (.text:ti_sysbios_family_arm_m3_Hwi_excHandlerMax__I)
                  0000b714    00000204     Boot.aem4f : Boot_sysctl.oem4f (.text:ti_catalog_arm_cortexm4_tiva_ce_Boot_sysCtlClockFreqSetI__I)
                  0000b918    00000202     ti.net.cyassl.aem4f : asn.oem4f (.text:DecodeCertExtensions)
                  0000bb1a    00000200     stk.aem4f : sock.oem4f (.text:SockRecv)
                  0000bd1a    00000002               : nat.oem4f (.text:NatMsg)
                  0000bd1c    000001fc     rtsv7M4_T_le_v4SPD16_eabi.lib : xexp.obj (.text)
                  0000bf18    000001fc     sysbios.aem4f : BIOS.obj (.text:ti_sysbios_knl_Task_sleep__E)
                  0000c114    000001f4     rtsv7M4_T_le_v4SPD16_eabi.lib : ull_div_t2.obj (.text)
                  0000c308    000001e4     sysbios.aem4f : BIOS.obj (.text:ti_sysbios_knl_Task_Instance_init__E)
                  0000c4ec    000001b8     emac_tivaware.aem4f : EMACSnow.oem4f (.text:EMACSnow_NIMUInit)
                  0000c6a4    000001b6     rtsv7M4_T_le_v4SPD16_eabi.lib : fd_add_t2.obj (.text)
                  0000c85a    00000002     ti.net.cyassl.aem4f : io.oem4f (.text:TranslateReturnCode)
                  0000c85c    000001b4     stk.aem4f : lliout.oem4f (.text:LLITxIpPacket)
                  0000ca10    000001ac               : lliin.oem4f (.text:LLIRxPacket)
                  0000cbbc    00000198     ti.net.cyassl.aem4f : rabbit.oem4f (.text:RABBIT_next_state)
                  0000cd54    00000198     os.aem4f : mem.oem4f (.text:mmAlloc)
                  0000ceec    00000194     stk.aem4f : sock.oem4f (.text:SockNew)
                  0000d080    00000194     sysbios.aem4f : BIOS.obj (.text:ti_sysbios_knl_Task_setPri__E)
                  0000d214    00000190     ti.net.cyassl.aem4f : internal.oem4f (.text:CipherRequires)
                  0000d3a4    00000190     stk.aem4f : igmp.oem4f (.text:IGMPInput)
                  0000d534    0000018c     ti.net.cyassl.aem4f : rsa.oem4f (.text:RsaFunction)
                  0000d6c0    0000017c                         : internal.oem4f (.text:DoServerHello)
                  0000d83c    0000017a                         : internal.oem4f (.text:SendClientHello)
                  0000d9b6    00000002     os.aem4f : task.oem4f (.text:_TaskInit)
                  0000d9b8    00000178     ti.net.cyassl.aem4f : internal.oem4f (.text:DoHandShakeMsgType)
                  0000db30    00000174                         : tfm.oem4f (.text:fp_sqr_comba)
                  0000dca4    00000170     stk.aem4f : rtc.oem4f (.text:RTCReport)
                  0000de14    0000016e     ti.net.cyassl.aem4f : ssl.oem4f (.text:CyaSSL_accept)
                  0000df82    00000002     os.aem4f : task.oem4f (.text:_TaskShutdown)
                  0000df84    0000016c     tcpEcho.obj (.text:tcpWorker)
                  0000e0f0    00000168     ti.net.cyassl.aem4f : internal.oem4f (.text:SendCertificateVerify)
                  0000e258    00000168     sysbios.aem4f : BIOS.obj (.text:ti_sysbios_family_arm_m3_Hwi_excBusFault__I)
                  0000e3c0    00000166     stk.aem4f : sb.oem4f (.text:SBRead)
                  0000e526    00000002     hal_ser_stub.aem4f : llserstb.oem4f (.text:_llSerialServiceCheck)
                  0000e528    00000164     stk.aem4f : sock.oem4f (.text:SockConnect)
                  0000e68c    00000160     ti.net.cyassl.aem4f : asn.oem4f (.text:ParseCertRelative)
                  0000e7ec    0000015c                         : ssl.oem4f (.text:AddSession)
                  0000e948    00000154                         : des3.oem4f (.text:DesRawProcessBlock)
                  0000ea9c    0000014c                         : asn.oem4f (.text:ConfirmNameConstraints)
                  0000ebe8    0000014c                         : asn.oem4f (.text:gmtime)
                  0000ed34    00000148                         : internal.oem4f (.text:SSL_hmac)
                  0000ee7c    00000148     sysbios.aem4f : BIOS.obj (.text:ti_sysbios_family_arm_m3_Hwi_dispatchC__I)
                  0000efc4    00000148                   : BIOS.obj (.text:ti_sysbios_family_arm_m3_Hwi_excUsageFault__I)
                  0000f10c    00000144     stk.aem4f : bind.oem4f (.text:BindNew)
                  0000f250    00000144     netctrl_min_ipv4.aem4f : netctrl.oem4f (.text:NC_NetStart)
                  0000f394    00000144     sysbios.aem4f : BIOS.obj (.text:ti_sysbios_knl_Semaphore_post__E)
                  0000f4d8    00000140     stk.aem4f : tcp.oem4f (.text:TcpTimeoutCheck)
                  0000f618    00000140     sysbios.aem4f : BIOS.obj (.text:ti_sysbios_knl_Clock_workFunc__E)
                  0000f758    0000013e     stk.aem4f : sock.oem4f (.text:SockSend)
                  0000f896    00000002     hal_ser_stub.aem4f : llserstb.oem4f (.text:_llSerialShutdown)
                  0000f898    0000013c     nettool_ipv4.aem4f : config.oem4f (.text:CfgAddEntry)
                  0000f9d4    0000013c     ti.net.cyassl.aem4f : asn.oem4f (.text:SetAlgoID)
                  0000fb10    00000138                         : ssl.oem4f (.text:AddCA)
                  0000fc48    00000138     sysbios.aem4f : BIOS.obj (.text:ti_sysbios_heaps_HeapMem_Instance_init__E)
                  0000fd80    00000138                   : BIOS.obj (.text:ti_sysbios_knl_Task_exit__E)
                  0000feb8    00000136     rtsv7M4_T_le_v4SPD16_eabi.lib : fd_div_t2.obj (.text)
                  0000ffee    00000002     hal_userled_stub.aem4f : llled.oem4f (.text:_llUserLedInit)
                  0000fff0    00000134     sysbios.aem4f : BIOS.obj (.text:ti_sysbios_family_arm_m3_Hwi_excMemFault__I)
                  00010124    00000130     ti.net.cyassl.aem4f : internal.oem4f (.text:BuildMessage)
                  00010254    00000130                         : des3.oem4f (.text:DesSetKey)
                  00010384    00000130     driverlib.lib : gpio.obj (.text:GPIOPadConfigSet)
                  000104b4    0000012e     ti.net.cyassl.aem4f : ssl.oem4f (.text:CyaSSL_connect)
                  000105e2    0000012e                         : asn.oem4f (.text:DecodeAltNames)
                  00010710    0000012e                         : tls.oem4f (.text:p_hash)
                  0001083e    00000002     hal_userled_stub.aem4f : llled.oem4f (.text:_llUserLedShutdown)
                  00010840    0000012c     EK_TM4C1294XL.obj (.text:EK_TM4C1294XL_initEMAC)
                  0001096c    0000012c     stk.aem4f : icmp.oem4f (.text:ICMPGenPacket)
                  00010a98    0000012c     tcpEcho.obj (.text:main)
                  00010bc4    00000128     sysbios.aem4f : BIOS.obj (.text:ti_sysbios_knl_Swi_run__I)
                  00010cec    00000124     ti.net.cyassl.aem4f : coding.oem4f (.text:Base64_Decode)
                  00010e10    00000124     stk.aem4f : udp.oem4f (.text:UdpOutput)
                  00010f34    00000124     tcpEcho_pem4f.oem4f (.text:ti_ndk_config_Global_stackThread)
                  00011058    00000124     sysbios.aem4f : BIOS.obj (.text:ti_sysbios_knl_Clock_Instance_init__E)
                  0001117c    00000120     nettool_ipv4.aem4f : dhcpmain.oem4f (.text:DHCPOpen)
                  0001129c    00000120     stk.aem4f : sockpcb.oem4f (.text:SockPcbResolve)
                  000113bc    00000120     ti.net.cyassl.aem4f : tfm.oem4f (.text:fp_mul_comba)
                  000114dc    00000120     ti.targets.arm.rtsarm.aem4f : Error.oem4f (.text:xdc_runtime_Error_policyDefault__E)
                  000115fc    0000011c     stk.aem4f : tcpout.oem4f (.text:TcpGenPacket)
                  00011718    0000011c     ti.net.cyassl.aem4f : tfm.oem4f (.text:fp_montgomery_reduce)
                  00011834    0000011a                         : internal.oem4f (.text:VerifyMac)
                  0001194e    00000002     hal_ser_stub.aem4f : llserstb.oem4f (.text:llSerialService)
                  00011950    00000118     ti.net.cyassl.aem4f : internal.oem4f (.text:DoCertificateVerify)
                  00011a68    00000118     stk.aem4f : sockint.oem4f (.text:SockNotify)
                  00011b80    00000114     ti.net.cyassl.aem4f : tfm.oem4f (.text:_fp_exptmod)
                  00011c94    00000114     sysbios.aem4f : BIOS.obj (.text:ti_sysbios_knl_Task_schedule__I)
                  00011da8    00000110     stk.aem4f : node.oem4f (.text:NodeTreeFree)
                  00011eb8    00000110     rtsv7M4_T_le_v4SPD16_eabi.lib : xdscale.obj (.text)
                  00011fc8    0000010e     stk.aem4f : nimu.oem4f (.text:NIMUIoctl)
                  000120d6    00000002     tcpEcho_pem4f.oem4f (.text:ti_ndk_config_Global_NetworkClose)
                  000120d8    0000010c     stk.aem4f : igmp.oem4f (.text:IGMPSendReply)
                  000121e4    0000010c     ti.net.cyassl.aem4f : keys.oem4f (.text:MakeSslMasterSecret)
                  000122f0    0000010c     stk.aem4f : route.oem4f (.text:RtCreate)
                  000123fc    0000010c               : rtable.oem4f (.text:RtFind)
                  00012508    00000104     ti.net.cyassl.aem4f : internal.oem4f (.text:DoCertificateRequest)
                  0001260c    00000104     stk.aem4f : raw.oem4f (.text:RawInput)
                  00012710    00000104     nettool_ipv4.aem4f : inetaddr.oem4f (.text:inet_aton)
                  00012814    00000104     ti.targets.arm.rtsarm.aem4f : Core-mem.oem4f (.text:xdc_runtime_Core_createObject__I)
                  00012918    00000104     tcpEcho_pem4f.oem4f (.text:xdc_runtime_System_printfExtend__I)
                  00012a1c    00000102     ti.net.cyassl.aem4f : rabbit.oem4f (.text:DoProcess)
                  00012b1e    00000002     tcpEcho_pem4f.oem4f (.text:ti_ndk_config_Global_NetworkOpen)
                  00012b20    000000fc     netctrl_min_ipv4.aem4f : netctrl.oem4f (.text:NetScheduler)
                  00012c1c    000000fc     rtsv7M4_T_le_v4SPD16_eabi.lib : fd_mul_t2.obj (.text)
                  00012d18    000000fc     sysbios.aem4f : BIOS.obj (.text:ti_sysbios_knl_Task_postInit__I)
                  00012e14    000000fc                   : BIOS.obj (.text:ti_sysbios_knl_Task_startCore__E)
                  00012f10    000000fc     ti.targets.arm.rtsarm.aem4f : Startup.oem4f (.text:xdc_runtime_Startup_startMods__I)
                  0001300c    000000f8     ti.net.cyassl.aem4f : asn.oem4f (.text:ConfirmSignature)
                  00013104    000000f8     emac_tivaware.aem4f : EMACSnow.oem4f (.text:EMACSnow_emacStart)
                  000131fc    000000f8     stk.aem4f : pipe.oem4f (.text:PipeRecv)
                  000132f4    000000f8     ti.net.cyassl.aem4f : internal.oem4f (.text:TimingPadVerify)
                  000133ec    000000f4     stk.aem4f : lliout.oem4f (.text:LLIGenArpPacket)
                  000134e0    000000f4     os.aem4f : task.oem4f (.text:llEnter)
                  000135d4    000000f4     sysbios.aem4f : m3_Hwi_asm.obj (.text:ti_sysbios_family_arm_m3_Hwi_dispatch__I)
                  000136c8    000000f0     ti.net.cyassl.aem4f : internal.oem4f (.text:SendData)
                  000137b8    000000ee     stk.aem4f : sock.oem4f (.text:SockClose)
                  000138a6    000000ec     ti.net.cyassl.aem4f : asn.oem4f (.text:DecodeCrlDist)
                  00013992    000000e0     nettool_ipv4.aem4f : dhcpsock.oem4f (.text:dhcpSocketOpen)
                  00013a72    00000002     tcpEcho_pem4f.oem4f (.text:ti_ndk_config_global_taskCreateHook)
                  00013a74    000000dc     ti.net.cyassl.aem4f : keys.oem4f (.text:DeriveKeys)
                  00013b50    000000dc                         : ssl.oem4f (.text:GetSession)
                  00013c2c    000000dc     sysbios.aem4f : BIOS.obj (.text:ti_sysbios_knl_Swi_Instance_init__E)
                  00013d08    000000d8     ti.net.cyassl.aem4f : internal.oem4f (.text:InitSSL_Ctx)
                  00013de0    000000d8     stk.aem4f : node.oem4f (.text:NodeAdd)
                  00013eb8    000000d8               : sb.oem4f (.text:SBWrite)
                  00013f90    000000d8     ti.net.cyassl.aem4f : internal.oem4f (.text:SendFinished)
                  00014068    000000d8     stk.aem4f : sockpcb.oem4f (.text:SockPcbBind)
                  00014140    000000d8     nettool_ipv4.aem4f : dhcppkt.oem4f (.text:dhcpPacketProcess)
                  00014218    000000d8                        : dhcpsm.oem4f (.text:dhcpState)
                  000142f0    000000d8     ti.net.cyassl.aem4f : tls.oem4f (.text:doPRF)
                  000143c8    000000d6                         : internal.oem4f (.text:SendServerHello)
                  0001449e    00000002     tcpEcho_pem4f.oem4f (.text:ti_ndk_config_global_taskExitHook)
                  000144a0    000000d5     stk.aem4f : nimu.oem4f (.text:NIMUReceivePacket)
                  00014575    00000001     --HOLE-- [fill = 0]
                  00014576    00000002     tcpEcho_pem4f.oem4f (.text:ti_sysbios_BIOS_nullFunc__I)
                  00014578    000000d4     emac_tivaware.aem4f : EMACSnow.oem4f (.text:EMACSnow_handleRx)
                  0001464c    000000d4     stk.aem4f : tcpprot.oem4f (.text:TcpPrSetOption)
                  00014720    000000d4               : tcptime.oem4f (.text:TcpTimeoutRexmt)
                  000147f4    000000d4     sysbios.aem4f : BIOS.obj (.text:ti_sysbios_family_arm_lm4_TimestampProvider_get32__E)
                  000148c8    000000d4                   : BIOS.obj (.text:ti_sysbios_family_arm_m3_Hwi_postInit__I)
                  0001499c    000000d2     ti.net.cyassl.aem4f : asn.oem4f (.text:ValidateDate)
                  00014a6e    000000ce                         : rabbit.oem4f (.text:DoKey)
                  00014b3c    000000ce                         : internal.oem4f (.text:SendCertificate)
                  00014c0a    00000002     sysbios.aem4f : BIOS.obj (.text:ti_sysbios_gates_GateHwi_Instance_init__E)
                  00014c0c    000000cc     stk.aem4f : rawethsock.oem4f (.text:RawEthSockNew)
                  00014cd8    000000cc     nettool_ipv4.aem4f : dhcpbild.oem4f (.text:dhcpBuildHeader)
                  00014da4    000000cc                        : dhcpsm.oem4f (.text:dhcpIPAdd)
                  00014e70    000000cc     ti.targets.arm.rtsarm.aem4f : Core-smem.oem4f (.text:xdc_runtime_Core_constructObject__I)
                  00014f3c    000000ca     nettool_ipv4.aem4f : dhcppkt.oem4f (.text:dhcpVerifyMessage)
                  00015006    000000c8     ti.net.cyassl.aem4f : asn.oem4f (.text:RsaPrivateKeyDecode)
                  000150ce    00000002     tcpEcho_pem4f.oem4f (.text:xdc_runtime_Startup_reset__I)
                  000150d0    000000c4     emac_tivaware.aem4f : EMACSnow.oem4f (.text:EMACSnow_InitDMADescriptors)
                  00015194    000000c4     ti.net.cyassl.aem4f : asn.oem4f (.text:GetDate)
                  00015258    000000c4     stk.aem4f : icmp.oem4f (.text:ICMPSendRtAdv)
                  0001531c    000000c4               : igmp.oem4f (.text:IGMPJoinHostGroup)
                  000153e0    000000c4     netctrl_min_ipv4.aem4f : netsrv.oem4f (.text:SPIpNet)
                  000154a4    000000c4     rtsv7M4_T_le_v4SPD16_eabi.lib : xdint.obj (.text)
                  00015568    000000c4                                   : xdnorm.obj (.text)
                  0001562c    000000c4     ti.net.cyassl.aem4f : tfm.oem4f (.text:s_fp_sub)
                  000156f0    000000c4     sysbios.aem4f : BIOS.obj (.text:ti_sysbios_knl_Task_unblockI__E)
                  000157b4    000000c2     ti.net.cyassl.aem4f : internal.oem4f (.text:SSL_ResourceFree)
                  00015876    000000c2                         : internal.oem4f (.text:VerifyServerSuite)
                  00015938    000000c0                         : internal.oem4f (.text:DoHelloRequest)
                  000159f8    000000c0     nettool_ipv4.aem4f : dhcpsm.oem4f (.text:StateBound)
                  00015ab8    000000bc     ti.net.cyassl.aem4f : hmac.oem4f (.text:HmacFinal)
                  00015b74    000000bc     stk.aem4f : sockpcb.oem4f (.text:SockPcbFind)
                  00015c30    000000bc     os.aem4f : task.oem4f (.text:TaskGetEnv)
                  00015cec    000000ba     stk.aem4f : icmpin.oem4f (.text:ICMPRevSrcRoute)
                  00015da6    00000002     --HOLE-- [fill = 0]
                  00015da8    000000b8     EK_TM4C1294XL.obj (.text:EK_TM4C1294XL_initGeneral)
                  00015e60    000000b8     ti.net.cyassl.aem4f : internal.oem4f (.text:SendCertificateRequest)
                  00015f18    000000b8     os.aem4f : task.oem4f (.text:TaskSetEnv)
                  00015fd0    000000b8     ti.net.cyassl.aem4f : tfm.oem4f (.text:s_fp_add)
                  00016088    000000b6                         : asn.oem4f (.text:InitDecodedCert)
                  0001613e    000000b4                         : hmac.oem4f (.text:HmacSetKey)
                  000161f2    000000b4                         : asn.oem4f (.text:MatchBaseName)
                  000162a6    00000002     --HOLE-- [fill = 0]
                  000162a8    000000b4     sysbios.aem4f : BIOS.obj (.text:ti_sysbios_family_arm_lm4_Timer_enableTiva__I)
                  0001635c    000000b4                   : BIOS.obj (.text:ti_sysbios_gates_GateMutex_enter__E)
                  00016410    000000b4                   : BIOS.obj (.text:ti_sysbios_knl_Swi_post__E)
                  000164c4    000000b4                   : BIOS.obj (.text:ti_sysbios_knl_Task_checkStacks__E)
                  00016578    000000b0     ti.net.cyassl.aem4f : asn.oem4f (.text:GetCertHeader)
                  00016628    000000b0                         : internal.oem4f (.text:GetInputData)
                  000166d8    000000b0     stk.aem4f : rawethsock.oem4f (.text:RawEthSockSet)
                  00016788    000000b0     ti.net.cyassl.aem4f : sha256.oem4f (.text:Sha256Final)
                  00016838    000000b0     stk.aem4f : sockint.oem4f (.text:SockCreatePacket)
                  000168e8    000000b0               : lli.oem4f (.text:_LLITimeoutCheck)
                  00016998    000000b0     sysbios.aem4f : BIOS.obj (.text:ti_sysbios_family_arm_lm4_Timer_Module_startup__E)
                  00016a48    000000b0                   : BIOS.obj (.text:ti_sysbios_family_arm_lm4_Timer_enableTimers__I)
                  00016af8    000000b0                   : BIOS.obj (.text:ti_sysbios_family_arm_m3_Hwi_excHardFault__I)
                  00016ba8    000000ae     ti.net.cyassl.aem4f : tfm.oem4f (.text:fp_div_2d)
                  00016c56    000000ac                         : internal.oem4f (.text:ReceiveData)
                  00016d02    00000002     --HOLE-- [fill = 0]
                  00016d04    000000ac     stk.aem4f : rtable.oem4f (.text:RtTimeoutCheck)
                  00016db0    000000ac     ti.net.cyassl.aem4f : internal.oem4f (.text:SendAlert)
                  00016e5c    000000aa                         : sha.oem4f (.text:ShaFinal)
                  00016f06    00000002     --HOLE-- [fill = 0]
                  00016f08    000000a8     stk.aem4f : tcptime.oem4f (.text:TcpTimeoutKeep)
                  00016fb0    000000a8     sysbios.aem4f : BIOS.obj (.text:ti_sysbios_knl_Task_blockI__E)
                  00017058    000000a6     ti.net.cyassl.aem4f : internal.oem4f (.text:BuildCertHashes)
                  000170fe    00000002     --HOLE-- [fill = 0]
                  00017100    000000a4                         : dh.oem4f (.text:DhAgree)
                  000171a4    000000a4     stk.aem4f : vlan.oem4f (.text:VLANDeinit)
                  00017248    000000a4     sysbios.aem4f : BIOS.obj (.text:ti_sysbios_family_arm_m3_Hwi_excDebugMon__I)
                  000172ec    000000a2     ti.net.cyassl.aem4f : asn.oem4f (.text:GetAlgoId)
                  0001738e    000000a0                         : rabbit.oem4f (.text:RabbitSetIV)
                  0001742e    00000002     --HOLE-- [fill = 0]
                  00017430    000000a0     auto_init.aem4f : auto_init.oem4f (.text)
                  000174d0    000000a0     sysbios.aem4f : BIOS.obj (.text:ti_sysbios_family_arm_m3_Hwi_Instance_init__E)
                  00017570    0000009e     ti.net.cyassl.aem4f : internal.oem4f (.text:MatchSuite)
                  0001760e    00000002     --HOLE-- [fill = 0]
                  00017610    0000009c     stk.aem4f : exec.oem4f (.text:ExecOpen)
                  000176ac    0000009c     ti.net.cyassl.aem4f : internal.oem4f (.text:MatchDomainName)
                  00017748    0000009c     netctrl_min_ipv4.aem4f : netsrv.oem4f (.text:ServiceScan)
                  000177e4    0000009c     ti.net.cyassl.aem4f : keys.oem4f (.text:StoreKeys)
                  00017880    0000009c     rtsv7M4_T_le_v4SPD16_eabi.lib : memcpy_t2.obj (.text)
                  0001791c    0000009c     sysbios.aem4f : BIOS.obj (.text:ti_sysbios_family_arm_lm4_Timer_setNextTick__E)
                  000179b8    0000009c                   : BIOS.obj (.text:ti_sysbios_knl_Semaphore_Instance_init__E)
                  00017a54    0000009a     ti.net.cyassl.aem4f : asn.oem4f (.text:ToTraditional)
                  00017aee    00000002     --HOLE-- [fill = 0]
                  00017af0    0000009a     ti.targets.arm.rtsarm.aem4f : Text.oem4f (.text:xdc_runtime_Text_putSite__E)
                  00017b8a    00000002     --HOLE-- [fill = 0]
                  00017b8c    00000099     stk.aem4f : nimu.oem4f (.text:NIMUAddEthernetHeader)
                  00017c25    00000001     --HOLE-- [fill = 0]
                  00017c26    00000098     ti.net.cyassl.aem4f : asn.oem4f (.text:DecodeAuthInfo)
                  00017cbe    00000002     --HOLE-- [fill = 0]
                  00017cc0    00000098     stk.aem4f : ip.oem4f (.text:IPGetRoute)
                  00017d58    00000098     netctrl_min_ipv4.aem4f : netctrl.oem4f (.text:NC_SystemOpen)
                  00017df0    00000098     sysbios.aem4f : BIOS.obj (.text:ti_sysbios_knl_Clock_startI__E)
                  00017e88    00000094     nettool_ipv4.aem4f : config.oem4f (.text:CfgExecute)
                  00017f1c    00000094                        : config.oem4f (.text:CfgRemoveEntry)
                  00017fb0    00000094     ti.net.cyassl.aem4f : asn.oem4f (.text:GetKey)
                  00018044    00000094     Boot.aem4f : Boot.oem4f (.text:ti_catalog_arm_cortexm4_tiva_ce_Boot_sysCtlClockFreqSet__E)
                  000180d8    00000094     ti.targets.arm.rtsarm.aem4f : Text.oem4f (.text:xdc_runtime_Text_putMod__E)
                  0001816c    00000092     ti.net.cyassl.aem4f : internal.oem4f (.text:BuildFinished)
                  000181fe    00000002     --HOLE-- [fill = 0]
                  00018200    00000090                         : tls.oem4f (.text:BuildTlsFinished)
                  00018290    00000090                         : dh.oem4f (.text:DiscreteLogWorkFactor)
                  00018320    00000090     stk.aem4f : igmp.oem4f (.text:IGMPMsg)
                  000183b0    00000090     nettool_ipv4.aem4f : mytime.oem4f (.text:MYTIME_init)
                  00018440    00000090     ti.net.cyassl.aem4f : internal.oem4f (.text:SendBuffered)
                  000184d0    00000090     stk.aem4f : sockpcb.oem4f (.text:SockPcbCtlError)
                  00018560    00000090     os.aem4f : mem.oem4f (.text:_mmInit)
                  000185f0    00000090     nettool_ipv4.aem4f : dhcpbild.oem4f (.text:dhcpBuildRequest)
                  00018680    0000008e     ti.net.cyassl.aem4f : asn.oem4f (.text:DecodeSubtree)
                  0001870e    0000008e                         : asn.oem4f (.text:DhSetKey)
                  0001879c    0000008e                         : tfm.oem4f (.text:fp_mul_2d)
                  0001882a    0000008c                         : des3.oem4f (.text:FPERM)
                  000188b6    00000002     --HOLE-- [fill = 0]
                  000188b8    0000008c                         : dh.oem4f (.text:GeneratePublic)
                  00018944    0000008c                         : des3.oem4f (.text:IPERM)
                  000189d0    0000008c                         : md5.oem4f (.text:Md5Final)
                  00018a5c    0000008c     os.aem4f : mem.oem4f (.text:mmBulkAlloc)
                  00018ae8    0000008c              : mem.oem4f (.text:mmInitPage)
                  00018b74    0000008c     sysbios.aem4f : m3_TaskSupport_asm.obj (.text:ti_sysbios_family_arm_m3_TaskSupport_buildTaskStack)
                  00018c00    0000008a     ti.net.cyassl.aem4f : internal.oem4f (.text:GrowInputBuffer)
                  00018c8a    0000008a     netctrl_min_ipv4.aem4f : netsrv.oem4f (.text:SPRoute)
                  00018d14    0000008a     ti.net.cyassl.aem4f : tfm.oem4f (.text:fp_div_2)
                  00018d9e    0000008a                         : tfm.oem4f (.text:fp_mod_2d)
                  00018e28    0000008a                         : tfm.oem4f (.text:fp_mul_d)
                  00018eb2    00000088                         : asn.oem4f (.text:DecodeAuthKeyId)
                  00018f3a    00000002     --HOLE-- [fill = 0]
                  00018f3c    00000088                         : internal.oem4f (.text:DoFinished)
                  00018fc4    00000088                         : internal.oem4f (.text:GrowOutputBuffer)
                  0001904c    00000088                         : rsa.oem4f (.text:RsaPad)
                  000190d4    00000088     sysbios.aem4f : BIOS.obj (.text:ti_sysbios_family_arm_m3_Hwi_initNVIC__E)
                  0001915c    00000086     nettool_ipv4.aem4f : dhcpsm.oem4f (.text:StateRequesting)
                  000191e2    00000086     rtsv7M4_T_le_v4SPD16_eabi.lib : fd_cmp_t2.obj (.text:__aeabi_cdcmple)
                  00019268    00000084     ti.net.cyassl.aem4f : internal.oem4f (.text:GetRecordHeader)
                  000192ec    00000084     stk.aem4f : tcpprot.oem4f (.text:TcpPrAttach)
                  00019370    00000084     os.aem4f : mem.oem4f (.text:mmBulkFree)
                  000193f4    00000084     sysbios.aem4f : BIOS.obj (.text:ti_sysbios_knl_Task_Module_startup__E)
                  00019478    00000082     ti.net.cyassl.aem4f : asn.oem4f (.text:DateGreaterThan)
                  000194fa    00000082     stk.aem4f : fileuser.oem4f (.text:fdClose)
                  0001957c    00000080     ti.net.cyassl.aem4f : asn.oem4f (.text:DecodeNameConstraints)
                  000195fc    00000080     netctrl_min_ipv4.aem4f : netsrv.oem4f (.text:NS_BootTask)
                  0001967c    00000080     stk.aem4f : pbm.oem4f (.text:PBM_alloc)
                  000196fc    00000080               : raw.oem4f (.text:RawOutput)
                  0001977c    00000080     netctrl_min_ipv4.aem4f : netsrv.oem4f (.text:ServiceSpawn)
                  000197fc    00000080     nettool_ipv4.aem4f : dhcpsm.oem4f (.text:StateRenewRebind)
                  0001987c    00000080     os.aem4f : mem.oem4f (.text:mmFree)
                  000198fc    0000007f     ti.net.cyassl.aem4f : keys.oem4f (.text:SetPrefix)
                  0001997b    00000001     --HOLE-- [fill = 0]
                  0001997c    0000007f     tcpEcho_pem4f.oem4f (.text:ti_ndk_config_Global_NetworkIPAddr)
                  000199fb    00000001     --HOLE-- [fill = 0]
                  000199fc    0000007e     os.aem4f : semaphore.oem4f (.text:SemCreateBinary)
                  00019a7a    00000002     --HOLE-- [fill = 0]
                  00019a7c    0000007c     nettool_ipv4.aem4f : config.oem4f (.text:CfgGetEntry)
                  00019af8    0000007c                        : config.oem4f (.text:CfgGetNextEntry)
                  00019b74    0000007c     emac_tivaware.aem4f : EMACSnow.oem4f (.text:EMACSnow_processPendingTx)
                  00019bf0    0000007c                         : EMACSnow.oem4f (.text:EMACSnow_processPhyInterrupt)
                  00019c6c    0000007c     stk.aem4f : ip.oem4f (.text:IPMsg)
                  00019ce8    0000007c               : pbm.oem4f (.text:PBM_free)
                  00019d64    0000007a     ti.net.cyassl.aem4f : asn.oem4f (.text:GetInt)
                  00019dde    0000007a     stk.aem4f : socket.oem4f (.text:NDK_send)
                  00019e58    00000078     ti.net.cyassl.aem4f : asn.oem4f (.text:DecodeExtKeyUsage)
                  00019ed0    00000078     driverlib.lib : emac.obj (.text:EMACInit)
                  00019f48    00000078     stk.aem4f : lli.oem4f (.text:LLINew)
                  00019fc0    00000078               : socket.oem4f (.text:NDK_sendto)
                  0001a038    00000078               : nimu.oem4f (.text:NIMURegister)
                  0001a0b0    00000078     rtsv7M4_T_le_v4SPD16_eabi.lib : memset_t2.obj (.text)
                  0001a128    00000077     stk.aem4f : fileuser.oem4f (.text:fdOpenSession)
                  0001a19f    00000001     --HOLE-- [fill = 0]
                  0001a1a0    00000076               : igmp.oem4f (.text:IGMPDoMCast)
                  0001a216    00000076               : socket.oem4f (.text:NDK_setsockopt)
                  0001a28c    00000076     ti.net.cyassl.aem4f : tls.oem4f (.text:PRF)
                  0001a302    00000002     --HOLE-- [fill = 0]
                  0001a304    00000074                         : internal.oem4f (.text:BuildSHA)
                  0001a378    00000074                         : tls.oem4f (.text:DeriveTlsKeys)
                  0001a3ec    00000074                         : des3.oem4f (.text:Des3ProcessBlock)
                  0001a460    00000074                         : internal.oem4f (.text:DoApplicationData)
                  0001a4d4    00000074     stk.aem4f : socket.oem4f (.text:NDK_recv)
                  0001a548    00000074               : pipe.oem4f (.text:PipeSend)
                  0001a5bc    00000074               : raweth.oem4f (.text:RawEthRxPacket)
                  0001a630    00000074               : sockpcb.oem4f (.text:SockPcbConnect)
                  0001a6a4    00000074               : tcptime.oem4f (.text:TcpXmitTimer)
                  0001a718    00000074     nettool_ipv4.aem4f : dhcptags.oem4f (.text:dhcpDecodeType)
                  0001a78c    00000072     ti.net.cyassl.aem4f : asn.oem4f (.text:GetSignature)
                  0001a7fe    00000072     stk.aem4f : igmp.oem4f (.text:IGMPJoin)
                  0001a870    00000072               : rtable.oem4f (.text:RtWalkNext)
                  0001a8e2    00000002     --HOLE-- [fill = 0]
                  0001a8e4    00000070     ti.net.cyassl.aem4f : internal.oem4f (.text:BuildMD5)
                  0001a954    00000070     emac_tivaware.aem4f : EMACSnow.oem4f (.text:EMACSnow_hwiIntFxn)
                  0001a9c4    00000070     stk.aem4f : igmp.oem4f (.text:IGMPLeaveHostGroup)
                  0001aa34    00000070               : rtable.oem4f (.text:RtFlush)
                  0001aaa4    00000070               : sock.oem4f (.text:SockShutdown)
                  0001ab14    00000070     ti.net.cyassl.aem4f : tls.oem4f (.text:TLS_hmac)
                  0001ab84    00000070                         : tfm.oem4f (.text:fp_exptmod)
                  0001abf4    00000070     os.aem4f : task.oem4f (.text:llExit)
                  0001ac64    00000070     ti.targets.arm.rtsarm.aem4f : Memory.oem4f (.text:xdc_runtime_Memory_alloc__E)
                  0001acd4    0000006e     stk.aem4f : socket.oem4f (.text:NDK_socket)
                  0001ad42    0000006e     ti.net.cyassl.aem4f : sha256.oem4f (.text:Sha256Update)
                  0001adb0    0000006e                         : tfm.oem4f (.text:fp_rshd)
                  0001ae1e    00000002     --HOLE-- [fill = 0]
                  0001ae20    0000006c                         : ssl.oem4f (.text:CyaSSL_Cleanup)
                  0001ae8c    0000006c     os.aem4f : ossys.oem4f (.text:DbgPrintf)
                  0001aef8    0000006c     emac_tivaware.aem4f : EMACSnow.oem4f (.text:EMACSnow_emacStop)
                  0001af64    0000006c     stk.aem4f : nimu.oem4f (.text:NIMUShutdown)
                  0001afd0    0000006c               : node.oem4f (.text:NodeTreeNew)
                  0001b03c    0000006c               : raweth.oem4f (.text:RawEthTxPacket)
                  0001b0a8    0000006c               : rtable.oem4f (.text:_RtNodeInsert)
                  0001b114    0000006c     ti.net.cyassl.aem4f : tfm.oem4f (.text:mp_init_multi)
                  0001b180    0000006c     tcpEcho_pem4f.oem4f (.text:ti_ndk_config_ip_init)
                  0001b1ec    0000006c     tcpEcho_pem4f.oem4f (.text:ti_sysbios_family_arm_m3_Hwi_Object__create__S)
                  0001b258    0000006c     sysbios.aem4f : BIOS.obj (.text:ti_sysbios_knl_Clock_start__E)
                  0001b2c4    0000006c     ti.targets.arm.rtsarm.aem4f : Error.oem4f (.text:xdc_runtime_Error_print__E)
                  0001b330    0000006a     ti.net.cyassl.aem4f : asn.oem4f (.text:DecodeSubjKeyId)
                  0001b39a    0000006a     stk.aem4f : tcpprot.oem4f (.text:TcpPrInherit)
                  0001b404    0000006a     ti.net.cyassl.aem4f : tfm.oem4f (.text:fp_lshd)
                  0001b46e    0000006a                         : tfm.oem4f (.text:fp_mul_2)
                  0001b4d8    00000069     stk.aem4f : node.oem4f (.text:NodeNew)
                  0001b541    00000003     --HOLE-- [fill = 0]
                  0001b544    00000068     ti.net.cyassl.aem4f : internal.oem4f (.text:BuildSHA_CertVerify)
                  0001b5ac    00000068     nettool_ipv4.aem4f : config.oem4f (.text:CfgFree)
                  0001b614    00000068     ti.net.cyassl.aem4f : io.oem4f (.text:EmbedReceive)
                  0001b67c    00000068                         : tls.oem4f (.text:MakeTlsMasterSecret)
                  0001b6e4    00000068     stk.aem4f : pbm.oem4f (.text:PBM_open)
                  0001b74c    00000068     netctrl_min_ipv4.aem4f : netsrv.oem4f (.text:SPConfig)
                  0001b7b4    00000068     ti.net.cyassl.aem4f : sha.oem4f (.text:ShaUpdate)
                  0001b81c    00000068     stk.aem4f : sockpcb.oem4f (.text:SockPcbFindRaw)
                  0001b884    00000068               : udp.oem4f (.text:UdpChecksum)
                  0001b8ec    00000068     ti.net.cyassl.aem4f : tfm.oem4f (.text:fp_montgomery_calc_normalization)
                  0001b954    00000068     tcpEcho_pem4f.oem4f (.text:ti_sysbios_knl_Task_Object__create__S)
                  0001b9bc    00000066     ti.net.cyassl.aem4f : ssl.oem4f (.text:ProcessChainBuffer)
                  0001ba22    00000066     ti.targets.arm.rtsarm.aem4f : Core-mem.oem4f (.text:xdc_runtime_Core_deleteObject__I)
                  0001ba88    00000065     stk.aem4f : tcptime.oem4f (.text:TcpTimeoutSackRexmt)
                  0001baed    00000003     --HOLE-- [fill = 0]
                  0001baf0    00000064     ti.net.cyassl.aem4f : internal.oem4f (.text:BuildMD5_CertVerify)
                  0001bb54    00000064     stk.aem4f : file.oem4f (.text:FdWaitEvent)
                  0001bbb8    00000064               : pbm.oem4f (.text:PBMQ_enq)
                  0001bc1c    00000064     ti.net.cyassl.aem4f : asn.oem4f (.text:ParseCert)
                  0001bc80    00000064                         : rsa.oem4f (.text:RsaPublicEncrypt)
                  0001bce4    00000064                         : rsa.oem4f (.text:RsaSSL_Sign)
                  0001bd48    00000064     os.aem4f : semaphore.oem4f (.text:SemCreate)
                  0001bdac    00000064     ti.net.cyassl.aem4f : tfm.oem4f (.text:fp_read_unsigned_bin)
                  0001be10    00000064     hal_timer_bios.aem4f : lltimer.oem4f (.text:llTimerTick)
                  0001be74    00000064     rtsv7M4_T_le_v4SPD16_eabi.lib : xdunscal.obj (.text)
                  0001bed8    00000064     sysbios.aem4f : BIOS.obj (.text:ti_sysbios_family_arm_lm4_Timer_isrStub__E)
                  0001bf3c    00000064     tcpEcho_pem4f.oem4f (.text:ti_sysbios_hal_Hwi_create)
                  0001bfa0    00000062     stk.aem4f : ipin.oem4f (.text:IPRouteIP)
                  0001c002    00000062     ti.net.cyassl.aem4f : rsa.oem4f (.text:RsaUnPad)
                  0001c064    00000062     stk.aem4f : sb.oem4f (.text:SBNew)
                  0001c0c6    00000002     --HOLE-- [fill = 0]
                  0001c0c8    00000060     nettool_ipv4.aem4f : config.oem4f (.text:CfgGetEntryCnt)
                  0001c128    00000060     ti.net.cyassl.aem4f : asn.oem4f (.text:DecodeToKey)
                  0001c188    00000060                         : internal.oem4f (.text:FreeHandshakeResources)
                  0001c1e8    00000060     stk.aem4f : nimu.oem4f (.text:NIMUUnregister)
                  0001c248    00000060               : node.oem4f (.text:NodeFind)
                  0001c2a8    00000060               : rtc.oem4f (.text:RTCMsg)
                  0001c308    00000060     nettool_ipv4.aem4f : dhcptags.oem4f (.text:dhcpBuildOptions)
                  0001c368    00000060     rtsv7M4_T_le_v4SPD16_eabi.lib : trgmsg.obj (.text)
                  0001c3c8    00000060     tcpEcho_pem4f.oem4f (.text:ti_ndk_config_Global_serviceReport)
                  0001c428    00000060     sysbios.aem4f : BIOS.obj (.text:ti_sysbios_knl_Clock_logTick__E)
                  0001c488    00000060                   : BIOS.obj (.text:ti_sysbios_knl_Swi_schedule__I)
                  0001c4e8    00000060     ti.targets.arm.rtsarm.aem4f : System.oem4f (.text:xdc_runtime_System_formatNum__I)
                  0001c548    0000005e     ti.net.cyassl.aem4f : asn.oem4f (.text:DecodeKeyUsage)
                  0001c5a6    0000005e                         : asn.oem4f (.text:EncodeSignature)
                  0001c604    0000005e                         : asn.oem4f (.text:GetObjectId)
                  0001c662    0000005e     stk.aem4f : route.oem4f (.text:RtRemove)
                  0001c6c0    0000005e     nettool_ipv4.aem4f : dhcpsm.oem4f (.text:StateSelecting)
                  0001c71e    0000005e     rtsv7M4_T_le_v4SPD16_eabi.lib : copy_decompress_rle.obj (.text)
                  0001c77c    0000005c     nettool_ipv4.aem4f : config.oem4f (.text:CfgSetExecuteOrder)
                  0001c7d8    0000005c     stk.aem4f : nimu.oem4f (.text:NIMUIoctlSpecialCmd)
                  0001c834    0000005c     ti.net.cyassl.aem4f : internal.oem4f (.text:Receive)
                  0001c890    0000005c     stk.aem4f : route.oem4f (.text:RtRedirect)
                  0001c8ec    0000005c     ti.net.cyassl.aem4f : internal.oem4f (.text:ShrinkInputBuffer)
                  0001c948    0000005c     stk.aem4f : sockint.oem4f (.text:SockSpawnAbort)
                  0001c9a4    0000005c               : tcp.oem4f (.text:TcpChecksum)
                  0001ca00    0000005c               : vlan.oem4f (.text:VLANReceivePacket)
                  0001ca5c    0000005c     tcpEcho_pem4f.oem4f (.text:ti_sysbios_knl_Swi_create)
                  0001cab8    0000005c     tcpEcho_pem4f.oem4f (.text:ti_sysbios_knl_Task_create)
                  0001cb14    0000005c     stk.aem4f : lliin.oem4f (.text:updateRtTable)
                  0001cb70    0000005b     ti.targets.arm.rtsarm.aem4f : Text.oem4f (.text:xdc_runtime_Text_putLab__E)
                  0001cbcb    00000001     --HOLE-- [fill = 0]
                  0001cbcc    0000005a     stk.aem4f : tcpprot.oem4f (.text:TcpValidateMetrics)
                  0001cc26    0000005a     nettool_ipv4.aem4f : dhcpbild.oem4f (.text:dhcpBuildDecline)
                  0001cc80    0000005a     tcpEcho_pem4f.oem4f (.text:ti_ndk_config_tcp_init)
                  0001ccda    00000002     --HOLE-- [fill = 0]
                  0001ccdc    00000058     stk.aem4f : bind.oem4f (.text:BindFree)
                  0001cd34    00000058     boot.aem4f : boot.oem4f (.text)
                  0001cd8c    00000058     ti.net.cyassl.aem4f : ssl.oem4f (.text:CyaSSL_Init)
                  0001cde4    00000058                         : asn.oem4f (.text:DecodeBasicCaConstraint)
                  0001ce3c    00000058     driverlib.lib : emac.obj (.text:EMACPHYConfigSet)
                  0001ce94    00000058     stk.aem4f : igmp.oem4f (.text:IGMPTimer)
                  0001ceec    00000058     ti.net.cyassl.aem4f : sha256.oem4f (.text:InitSha256)
                  0001cf44    00000058                         : md5.oem4f (.text:Md5Update)
                  0001cf9c    00000058     netctrl_min_ipv4.aem4f : netsrv.oem4f (.text:SPService)
                  0001cff4    00000058     ti.net.cyassl.aem4f : asn.oem4f (.text:StoreRsaKey)
                  0001d04c    00000058                         : tfm.oem4f (.text:fp_mod)
                  0001d0a4    00000058     sysbios.aem4f : m3_Hwi_asm_switch.obj (.text:ti_sysbios_family_arm_m3_Hwi_initStacks__E)
                  0001d0fc    00000058                   : BIOS.obj (.text:ti_sysbios_knl_Swi_restoreHwi__E)
                  0001d154    00000054     ti.net.cyassl.aem4f : arc4.oem4f (.text:Arc4SetKey)
                  0001d1a8    00000054     nettool_ipv4.aem4f : config.oem4f (.text:CfgEntryDeRef)
                  0001d1fc    00000054     ti.net.cyassl.aem4f : keys.oem4f (.text:CleanPreMaster)
                  0001d250    00000054                         : des3.oem4f (.text:Des3_SetKey)
                  0001d2a4    00000054                         : asn.oem4f (.text:GetValidity)
                  0001d2f8    00000054     stk.aem4f : igmp.oem4f (.text:IGMPLeave)
                  0001d34c    00000054               : rawethsock_pcb.oem4f (.text:RawEthSockPcbAttach)
                  0001d3a0    00000054     ti.net.cyassl.aem4f : asn.oem4f (.text:RsaPublicKeyDecode)
                  0001d3f4    00000054     os.aem4f : mem.oem4f (.text:mmCopy)
                  0001d448    00000054     sysbios.aem4f : BIOS.obj (.text:ti_sysbios_family_arm_m3_Hwi_Instance_finalize__E)
                  0001d49c    00000054                   : BIOS.obj (.text:ti_sysbios_family_arm_m3_Hwi_Module_startup__E)
                  0001d4f0    00000054                   : BIOS.obj (.text:ti_sysbios_knl_Swi_Instance_finalize__E)
                  0001d544    00000052     ti.net.cyassl.aem4f : internal.oem4f (.text:DoAlert)
                  0001d596    00000050                         : ssl.oem4f (.text:GetCAByName)
                  0001d5e6    00000050     stk.aem4f : socket.oem4f (.text:NDK_bind)
                  0001d636    00000050               : socket.oem4f (.text:NDK_connect)
                  0001d686    00000002     --HOLE-- [fill = 0]
                  0001d688    00000050               : route.oem4f (.text:RtNew)
                  0001d6d8    00000050     driverlib.lib : sysctl.obj (.text:SysCtlPeripheralReset)
                  0001d728    00000050     stk.aem4f : tcpprot.oem4f (.text:TcpPrDetach)
                  0001d778    00000050     Boot.aem4f : Boot_sysctl.oem4f (.text:_SysCtlFrequencyGet)
                  0001d7c8    00000050     sysbios.aem4f : BIOS.obj (.text:ti_sysbios_knl_Task_deleteTerminatedTasksFunc__I)
                  0001d818    00000050     ti.targets.arm.rtsarm.aem4f : Startup.oem4f (.text:xdc_runtime_Startup_exec__E)
                  0001d868    00000050                                 : Text.oem4f (.text:xdc_runtime_Text_visitRope2__I)
                  0001d8b8    0000004e     ti.net.cyassl.aem4f : aes.oem4f (.text:AesCbcDecrypt)
                  0001d906    0000004e                         : des3.oem4f (.text:Des3_CbcDecrypt)
                  0001d954    0000004e     stk.aem4f : node.oem4f (.text:NodeDeRef)
                  0001d9a2    0000004e     ti.net.cyassl.aem4f : internal.oem4f (.text:SanityCheckCipherText)
                  0001d9f0    0000004c                         : ssl.oem4f (.text:GetCA)
                  0001da3c    0000004c                         : hmac.oem4f (.text:HmacUpdate)
                  0001da88    0000004c     nettool_ipv4.aem4f : ipaddr.oem4f (.text:NtAddNetwork)
                  0001dad4    0000004c     stk.aem4f : sockint.oem4f (.text:SockValidateRoute)
                  0001db20    0000004c     rtsv7M4_T_le_v4SPD16_eabi.lib : rand.obj (.text)
                  0001db6c    0000004c     sysbios.aem4f : BIOS.obj (.text:ti_sysbios_knl_Swi_runLoop__I)
                  0001dbb8    0000004c                   : BIOS.obj (.text:ti_sysbios_knl_Task_allBlockedFunction__I)
                  0001dc04    0000004a     ti.net.cyassl.aem4f : hmac.oem4f (.text:HmacKeyInnerHash)
                  0001dc4e    0000004a     stk.aem4f : sock.oem4f (.text:SockDisconnect)
                  0001dc98    0000004a     nettool_ipv4.aem4f : config.oem4f (.text:_CfgEntryScan)
                  0001dce2    0000004a     ti.net.cyassl.aem4f : tfm.oem4f (.text:fp_sub)
                  0001dd2c    0000004a                         : tfm.oem4f (.text:fp_to_unsigned_bin)
                  0001dd76    00000048                         : ssl.oem4f (.text:AlreadySigner)
                  0001ddbe    00000048     nettool_ipv4.aem4f : config.oem4f (.text:CfgNew)
                  0001de06    00000002     --HOLE-- [fill = 0]
                  0001de08    00000048     ti.net.cyassl.aem4f : internal.oem4f (.text:Decrypt)
                  0001de50    00000048     emac_tivaware.aem4f : EMACSnow.oem4f (.text:EMACSnow_processTransmitted)
                  0001de98    00000048     ti.net.cyassl.aem4f : internal.oem4f (.text:Encrypt)
                  0001dee0    00000048     driverlib.lib : gpio.obj (.text:GPIOPinConfigure)
                  0001df28    00000048     ti.net.cyassl.aem4f : hmac.oem4f (.text:InitHmac)
                  0001df70    00000048     stk.aem4f : lli.oem4f (.text:LLIMsg)
                  0001dfb8    00000048               : node.oem4f (.text:NodeWalk)
                  0001e000    00000048               : sockpcb.oem4f (.text:SockPcbResolveChain)
                  0001e048    00000048               : tcpprot.oem4f (.text:TcpDrop)
                  0001e090    00000048               : tcptime.oem4f (.text:TcpTimeoutPersist)
                  0001e0d8    00000048               : lli.oem4f (.text:_LLIExpListInsert)
                  0001e120    00000048               : rtable.oem4f (.text:_RtExpListInsert)
                  0001e168    00000048               : file.oem4f (.text:fdint_lockfd)
                  0001e1b0    00000048     rtsv7M4_T_le_v4SPD16_eabi.lib : fd_toi_t2.obj (.text)
                  0001e1f8    00000048     sysbios.aem4f : BIOS.obj (.text:ti_sysbios_family_arm_m3_Hwi_excReserved__I)
                  0001e240    00000048                   : BIOS.obj (.text:ti_sysbios_heaps_HeapMem_getStats__E)
                  0001e288    00000048     ti.targets.arm.rtsarm.aem4f : Assert.oem4f (.text:xdc_runtime_Assert_raise__I)
                  0001e2d0    00000046     ti.net.cyassl.aem4f : tls.oem4f (.text:CyaSSL_SetTlsHmacInner)
                  0001e316    00000046                         : internal.oem4f (.text:FreeCiphers)
                  0001e35c    00000046     nettool_ipv4.aem4f : ipaddr.oem4f (.text:NtIfIdx2Ip)
                  0001e3a2    00000046     stk.aem4f : rawethsock.oem4f (.text:RawEthSockSend)
                  0001e3e8    00000046     ti.net.cyassl.aem4f : internal.oem4f (.text:SendChangeCipher)
                  0001e42e    00000046                         : internal.oem4f (.text:SendServerHelloDone)
                  0001e474    00000046     stk.aem4f : timer.oem4f (.text:TimerNew)
                  0001e4ba    00000046     ti.net.cyassl.aem4f : tfm.oem4f (.text:fp_add)
                  0001e500    00000046     ti.targets.arm.rtsarm.aem4f : Core-params.oem4f (.text:xdc_runtime_Core_assignParams__I)
                  0001e546    00000002     --HOLE-- [fill = 0]
                  0001e548    00000044     ti.net.cyassl.aem4f : ssl.oem4f (.text:CyaSSL_CTX_new)
                  0001e58c    00000044                         : random.oem4f (.text:GenerateSeed)
                  0001e5d0    00000044                         : asn.oem4f (.text:GetLength)
                  0001e614    00000044     stk.aem4f : ipfrag.oem4f (.text:IPReasmFree)
                  0001e658    00000044               : lli.oem4f (.text:LLIGetValidTime)
                  0001e69c    00000044               : rawethsock_pcb.oem4f (.text:RawEthSockPcbDetach)
                  0001e6e0    00000044               : rtable.oem4f (.text:RouteMsg)
                  0001e724    00000044               : rtable.oem4f (.text:RtWalkEnd)
                  0001e768    00000044     ti.net.cyassl.aem4f : asn.oem4f (.text:SetLength)
                  0001e7ac    00000044     stk.aem4f : timer.oem4f (.text:TimerListInsert)
                  0001e7f0    00000044     ti.net.cyassl.aem4f : tfm.oem4f (.text:fp_cmp_mag)
                  0001e834    00000044     hal_timer_bios.aem4f : lltimer.oem4f (.text:llTimerGetTime)
                  0001e878    00000044     rtsv7M4_T_le_v4SPD16_eabi.lib : cpy_tbl.obj (.text)
                  0001e8bc    00000044                                   : exit.obj (.text)
                  0001e900    00000044                                   : fd_tou_t2.obj (.text)
                  0001e944    00000044     sysbios.aem4f : BIOS.obj (.text:ti_sysbios_family_arm_m3_Hwi_disableInterrupt__E)
                  0001e988    00000044                   : BIOS.obj (.text:ti_sysbios_family_arm_m3_Hwi_enableInterrupt__E)
                  0001e9cc    00000044     ti.targets.arm.rtsarm.aem4f : Error.oem4f (.text:xdc_runtime_Error_setX__E)
                  0001ea10    00000044                                 : SysMin.oem4f (.text:xdc_runtime_SysMin_flush__E)
                  0001ea54    00000042     ti.net.cyassl.aem4f : des3.oem4f (.text:Des3_CbcEncrypt)
                  0001ea96    00000042                         : io.oem4f (.text:EmbedSend)
                  0001ead8    00000042                         : asn.oem4f (.text:FreeDecodedCert)
                  0001eb1a    00000042     netctrl_min_ipv4.aem4f : netsrv.oem4f (.text:ServiceKill)
                  0001eb5c    00000042     os.aem4f : task.oem4f (.text:TaskCreate)
                  0001eb9e    00000042     stk.aem4f : fileuser.oem4f (.text:fdCloseSession)
                  0001ebe0    00000042     rtsv7M4_T_le_v4SPD16_eabi.lib : u_divt2.obj (.text)
                  0001ec22    00000002     --HOLE-- [fill = 0]
                  0001ec24    00000040     ti.net.cyassl.aem4f : internal.oem4f (.text:DoHelloVerifyRequest)
                  0001ec64    00000040     stk.aem4f : pbm.oem4f (.text:PBM_copy)
                  0001eca4    00000040               : sockpcb.oem4f (.text:SockPcbDetach)
                  0001ece4    00000040               : sockpcb.oem4f (.text:SockPcbRtChange)
                  0001ed24    00000040               : tcpprot.oem4f (.text:TcpPrDisconnect)
                  0001ed64    00000040               : tcpprot.oem4f (.text:TcpPrSendOOB)
                  0001eda4    00000040     os.aem4f : mem.oem4f (.text:mmZeroInit)
                  0001ede4    00000040     ti.net.cyassl.aem4f : ssl.oem4f (.text:mystrnstr)
                  0001ee24    00000040     rtsv7M4_T_le_v4SPD16_eabi.lib : signal.obj (.text)
                  0001ee64    00000040     sysbios.aem4f : BIOS.obj (.text:ti_sysbios_family_arm_lm4_Timer_getCurrentTick__E)
                  0001eea4    00000040                   : BIOS.obj (.text:ti_sysbios_family_arm_lm4_Timer_startup__E)
                  0001eee4    00000040                   : BIOS.obj (.text:ti_sysbios_knl_Swi_enable__E)
                  0001ef24    00000040                   : BIOS.obj (.text:ti_sysbios_knl_Swi_startup__E)
                  0001ef64    00000040                   : BIOS.obj (.text:ti_sysbios_knl_Task_processVitalTaskFlag__I)
                  0001efa4    0000003e     ti.net.cyassl.aem4f : aes.oem4f (.text:AesCbcEncrypt)
                  0001efe2    0000003e     nettool_ipv4.aem4f : dhcpmain.oem4f (.text:DHCPClose)
                  0001f020    0000003e     ti.net.cyassl.aem4f : dh.oem4f (.text:GeneratePrivate)
                  0001f05e    00000002     --HOLE-- [fill = 0]
                  0001f060    0000003e     stk.aem4f : nimu.oem4f (.text:NIMUAllocateName)
                  0001f09e    0000003e     ti.net.cyassl.aem4f : internal.oem4f (.text:PickHashSigAlgo)
                  0001f0dc    0000003e     stk.aem4f : tcpprot.oem4f (.text:TcpPrCtlError)
                  0001f11a    0000003e               : file.oem4f (.text:fdint_unlockfd)
                  0001f158    0000003c     ti.net.cyassl.aem4f : arc4.oem4f (.text:Arc4Process)
                  0001f194    0000003c     nettool_ipv4.aem4f : config.oem4f (.text:CfgEntryGetData)
                  0001f1d0    0000003c     ti.net.cyassl.aem4f : internal.oem4f (.text:DoHandShakeMsg)
                  0001f20c    0000003c     driverlib.lib : emac.obj (.text:EMACIntDisable)
                  0001f248    0000003c     ti.net.cyassl.aem4f : internal.oem4f (.text:FreeSSL_Ctx)
                  0001f284    0000003c                         : internal.oem4f (.text:GetRounds)
                  0001f2c0    0000003c                         : internal.oem4f (.text:HashInput)
                  0001f2fc    0000003c                         : internal.oem4f (.text:HashOutput)
                  0001f338    0000003c     stk.aem4f : lliin.oem4f (.text:LLIValidateRoute)
                  0001f374    0000003c               : node.oem4f (.text:NodeUpdatePL)
                  0001f3b0    0000003c               : rtable.oem4f (.text:RtWalkBegin)
                  0001f3ec    0000003c     ti.net.cyassl.aem4f : internal.oem4f (.text:SSL_CtxResourceFree)
                  0001f428    0000003c     stk.aem4f : rtc.oem4f (.text:_RTCSendRtAdv)
                  0001f464    0000003c     ti.net.cyassl.aem4f : tfm.oem4f (.text:fp_rshb)
                  0001f4a0    0000003c     sysbios.aem4f : BIOS.obj (.text:ti_sysbios_family_arm_m3_Hwi_excSvCall__I)
                  0001f4dc    0000003c                   : BIOS.obj (.text:ti_sysbios_family_arm_m3_TaskSupport_start__E)
                  0001f518    0000003c                   : BIOS.obj (.text:ti_sysbios_heaps_HeapMem_init__I)
                  0001f554    0000003c     tcpEcho_pem4f.oem4f (.text:ti_sysbios_knl_Clock_Object__create__S)
                  0001f590    0000003c     tcpEcho_pem4f.oem4f (.text:ti_sysbios_knl_Clock_create)
                  0001f5cc    0000003c     ti.targets.arm.rtsarm.aem4f : Text.oem4f (.text:xdc_runtime_Text_xprintf__I)
                  0001f608    0000003a     driverlib.lib : emac.obj (.text:EMACIntEnable)
                  0001f642    0000003a     stk.aem4f : icmp.oem4f (.text:ICMPChecksum)
                  0001f67c    0000003a               : rtable.oem4f (.text:_RtNodeRemove)
                  0001f6b6    00000002     --HOLE-- [fill = 0]
                  0001f6b8    00000038     driverlib.lib : emac.obj (.text:EMACConfigGet)
                  0001f6f0    00000038     stk.aem4f : ipfrag.oem4f (.text:IPReasmTimeout)
                  0001f728    00000038     ti.net.cyassl.aem4f : sha.oem4f (.text:InitSha)
                  0001f760    00000038     stk.aem4f : node.oem4f (.text:NodeGetRt)
                  0001f798    00000038     driverlib.lib : sysctl.obj (.text:SysCtlPeripheralReady)
                  0001f7d0    00000038     stk.aem4f : tcpprot.oem4f (.text:TcpClose)
                  0001f808    00000038               : tcpprot.oem4f (.text:TcpPrConnect)
                  0001f840    00000038               : tcptime.oem4f (.text:TcpSetPersist)
                  0001f878    00000038     hal_timer_bios.aem4f : lltimer.oem4f (.text:_llTimerInit)
                  0001f8b0    00000038     nettool_ipv4.aem4f : dhcpbild.oem4f (.text:dhcpBuildDiscover)
                  0001f8e8    00000038                        : dhcptags.oem4f (.text:dhcpOptionsClear)
                  0001f920    00000038     stk.aem4f : file.oem4f (.text:fdint_waitevent)
                  0001f958    00000038     ti.net.cyassl.aem4f : tfm.oem4f (.text:fp_mulmod)
                  0001f990    00000038     rtsv7M4_T_le_v4SPD16_eabi.lib : fs_tod_t2.obj (.text)
                  0001f9c8    00000038     sysbios.aem4f : BIOS.obj (.text:ti_sysbios_family_arm_m3_Hwi_excNoIsr__I)
                  0001fa00    00000038                   : BIOS.obj (.text:ti_sysbios_family_arm_m3_Hwi_getStackInfo__E)
                  0001fa38    00000038                   : BIOS.obj (.text:ti_sysbios_knl_Clock_getTicks__E)
                  0001fa70    00000038     tcpEcho_pem4f.oem4f (.text:ti_sysbios_knl_Semaphore_Object__create__S)
                  0001faa8    00000038     sysbios.aem4f : BIOS.obj (.text:ti_sysbios_knl_Semaphore_pendTimeout__I)
                  0001fae0    00000038     ti.targets.arm.rtsarm.aem4f : SysMin.oem4f (.text:xdc_runtime_SysMin_putch__E)
                  0001fb18    00000038                                 : System.oem4f (.text:xdc_runtime_System_atexit__E)
                  0001fb50    00000036     ti.net.cyassl.aem4f : ssl.oem4f (.text:CyaSSL_get_error)
                  0001fb86    00000036                         : asn.oem4f (.text:GetSequence)
                  0001fbbc    00000036                         : asn.oem4f (.text:GetSet)
                  0001fbf2    00000036                         : tfm.oem4f (.text:fp_cmp)
                  0001fc28    00000034     nettool_ipv4.aem4f : config.oem4f (.text:CfgSetService)
                  0001fc5c    00000034     driverlib.lib : emac.obj (.text:EMACConfigSet)
                  0001fc90    00000034                   : emac.obj (.text:EMACIntClear)
                  0001fcc4    00000034     emac_tivaware.aem4f : EMAC.oem4f (.text:EMAC_init)
                  0001fcf8    00000034     stk.aem4f : nimu.oem4f (.text:NIMUFindByName)
                  0001fd2c    00000034               : nimu.oem4f (.text:NIMUInit)
                  0001fd60    00000034     driverlib.lib : sysctl.obj (.text:SysCtlPeripheralEnable)
                  0001fd94    00000034     stk.aem4f : tcpprot.oem4f (.text:TcpPrSend)
                  0001fdc8    00000034               : timer.oem4f (.text:TimerHSTick)
                  0001fdfc    00000034     ti.net.cyassl.aem4f : tfm.oem4f (.text:fp_2expt)
                  0001fe30    00000034                         : tfm.oem4f (.text:fp_montgomery_setup)
                  0001fe64    00000034     rtsv7M4_T_le_v4SPD16_eabi.lib : feraiseexcept.obj (.text)
                  0001fe98    00000034     sysbios.aem4f : BIOS.obj (.text:ti_sysbios_family_arm_m3_Hwi_excNmi__I)
                  0001fecc    00000034                   : BIOS.obj (.text:ti_sysbios_hal_Hwi_checkStack)
                  0001ff00    00000034     tcpEcho_pem4f.oem4f (.text:ti_sysbios_knl_Semaphore_create)
                  0001ff34    00000034     sysbios.aem4f : BIOS.obj (.text:ti_sysbios_knl_Task_restore__E)
                  0001ff68    00000034     ti.targets.arm.rtsarm.aem4f : Core-label.oem4f (.text:xdc_runtime_Core_assignLabel__I)
                  0001ff9c    00000033                                 : Text.oem4f (.text:xdc_runtime_Text_printVisFxn__I)
                  0001ffcf    00000001     --HOLE-- [fill = 0]
                  0001ffd0    00000032     nettool_ipv4.aem4f : config.oem4f (.text:CfgGetImmediate)
                  00020002    00000032     ti.net.cyassl.aem4f : ssl.oem4f (.text:CyaSSL_read_internal)
                  00020034    00000032     stk.aem4f : route.oem4f (.text:RtDeRef)
                  00020066    00000032               : sb.oem4f (.text:SBSetMax)
                  00020098    00000032               : sock.oem4f (.text:SockIntAbort)
                  000200ca    00000032     nettool_ipv4.aem4f : config.oem4f (.text:_CfgAcquire)
                  000200fc    00000030     driverlib.lib : emac.obj (.text:EMACAddrSet)
                  0002012c    00000030     emac_tivaware.aem4f : EMACSnow.oem4f (.text:EMACSnow_handlePackets)
                  0002015c    00000030     stk.aem4f : ip.oem4f (.text:IPChecksum)
                  0002018c    00000030     netctrl_min_ipv4.aem4f : netsrv.oem4f (.text:NS_PreBoot)
                  000201bc    00000030     stk.aem4f : sb.oem4f (.text:SBFlush)
                  000201ec    00000030               : sock.oem4f (.text:SockBind)
                  0002021c    00000030               : sockpcb.oem4f (.text:SockCleanPcb)
                  0002024c    00000030               : sockprot.oem4f (.text:SockPrCtlError)
                  0002027c    00000030     nettool_ipv4.aem4f : dhcpsm.oem4f (.text:dhcpIPRemove)
                  000202ac    00000030                        : dhcpsock.oem4f (.text:dhcpPacketSend)
                  000202dc    00000030     ti.net.cyassl.aem4f : tfm.oem4f (.text:fp_cmp_d)
                  0002030c    00000030     stk.aem4f : listlib.oem4f (.text:list_remove_node)
                  0002033c    00000030     os.aem4f : mem.oem4f (.text:mmUnInitPage)
                  0002036c    00000030     rtsv7M4_T_le_v4SPD16_eabi.lib : strncpy.obj (.text)
                  0002039c    00000030                                   : xferaise.obj (.text)
                  000203cc    00000030     tcpEcho_pem4f.oem4f (.text:ti_sysbios_BIOS_atExitFunc__I)
                  000203fc    00000030     tcpEcho_pem4f.oem4f (.text:ti_sysbios_gates_GateHwi_Object__create__S)
                  0002042c    00000030     tcpEcho_pem4f.oem4f (.text:ti_sysbios_gates_GateMutex_Object__create__S)
                  0002045c    00000030     tcpEcho_pem4f.oem4f (.text:ti_sysbios_heaps_HeapMem_Object__create__S)
                  0002048c    00000030     tcpEcho_pem4f.oem4f (.text:ti_sysbios_knl_Semaphore_construct)
                  000204bc    00000030     ti.targets.arm.rtsarm.aem4f : SysMin.oem4f (.text:xdc_runtime_SysMin_abort__E)
                  000204ec    00000030                                 : System.oem4f (.text:xdc_runtime_System_processAtExit__E)
                  0002051c    0000002e     ti.net.cyassl.aem4f : internal.oem4f (.text:CheckAltNames)
                  0002054a    0000002e                         : tls.oem4f (.text:CyaSSL_GetHmacType)
                  00020578    0000002e                         : ssl.oem4f (.text:CyaSSL_new)
                  000205a6    0000002e                         : internal.oem4f (.text:FreeArrays)
                  000205d4    0000002e                         : asn.oem4f (.text:FreeSigner)
                  00020602    0000002e                         : asn.oem4f (.text:GetTime)
                  00020630    0000002e                         : arc4.oem4f (.text:MakeByte)
                  0002065e    0000002e     stk.aem4f : rawethsock.oem4f (.text:RawEthSockNotify)
                  0002068c    0000002e               : route.oem4f (.text:RtSetFailure)
                  000206ba    0000002e               : sb.oem4f (.text:SBFree)
                  000206e8    0000002e     ti.net.cyassl.aem4f : sha.oem4f (.text:ShaHash)
                  00020716    0000002e                         : internal.oem4f (.text:ShrinkOutputBuffer)
                  00020744    0000002e     tcpEcho_pem4f.oem4f (.text:malloc)
                  00020772    0000002e     rtsv7M4_T_le_v4SPD16_eabi.lib : i_tofd_t2.obj (.text)
                  000207a0    0000002e                                   : raise.obj (.text)
                  000207ce    0000002c     ti.net.cyassl.aem4f : ssl.oem4f (.text:CyaSSL_CertManagerNew)
                  000207fa    00000002     --HOLE-- [fill = 0]
                  000207fc    0000002c     EK_TM4C1294XL.obj (.text:EK_TM4C1294XL_initGPIO)
                  00020828    0000002c     driverlib.lib : emac.obj (.text:EMACIntStatus)
                  00020854    0000002c     stk.aem4f : file.oem4f (.text:FdSignalEvent)
                  00020880    0000002c     ti.net.cyassl.aem4f : asn.oem4f (.text:GetMyVersion)
                  000208ac    0000002c                         : ssl.oem4f (.text:HashSession)
                  000208d8    0000002c                         : md5.oem4f (.text:InitMd5)
                  00020904    0000002c                         : wc_port.oem4f (.text:InitMutex)
                  00020930    0000002c                         : random.oem4f (.text:InitRng)
                  0002095c    0000002c     os.aem4f : task.oem4f (.text:NDK_hookCreate)
                  00020988    0000002c     stk.aem4f : nimu.oem4f (.text:NIMUAllocateIndex)
                  000209b4    0000002c               : pipe.oem4f (.text:PipeClose)
                  000209e0    0000002c     ti.net.cyassl.aem4f : rsa.oem4f (.text:RsaSSL_VerifyInline)
                  00020a0c    0000002c                         : sha256.oem4f (.text:Sha256Hash)
                  00020a38    0000002c     stk.aem4f : sockpcb.oem4f (.text:SockPcbAttach)
                  00020a64    0000002c     Boot.aem4f : Boot_sysctl.oem4f (.text:_SysCtlMemTimingGet)
                  00020a90    0000002c     sysbios.aem4f : BIOS.obj (.text:ti_sysbios_hal_Hwi_initStack)
                  00020abc    0000002c                   : BIOS.obj (.text:ti_sysbios_knl_Clock_Module_startup__E)
                  00020ae8    0000002c     tcpEcho_pem4f.oem4f (.text:ti_sysbios_knl_Clock_doTick__I)
                  00020b14    0000002c     tcpEcho_pem4f.oem4f (.text:ti_sysbios_knl_Queue_construct)
                  00020b40    0000002c     ti.targets.arm.rtsarm.aem4f : Text.oem4f (.text:xdc_runtime_Text_cordText__E)
                  00020b6c    0000002c     ti.net.cyassl.aem4f : aes.oem4f (.text:xorbuf)
                  00020b98    0000002c                         : des3.oem4f (.text:xorbuf)
                  00020bc4    0000002a                         : internal.oem4f (.text:ConstantCompare)
                  00020bee    0000002a                         : ssl.oem4f (.text:CyaSSL_CTX_load_verify_buffer)
                  00020c18    0000002a                         : internal.oem4f (.text:DoRounds)
                  00020c42    0000002a     driverlib.lib : gpio.obj (.text:GPIODirModeSet)
                  00020c6c    0000002a     stk.aem4f : pbm.oem4f (.text:PBMQ_deq)
                  00020c96    0000002a     ti.net.cyassl.aem4f : rsa.oem4f (.text:RsaPrivateDecryptInline)
                  00020cc0    0000002a     nettool_ipv4.aem4f : config.oem4f (.text:_CfgRelease)
                  00020cea    0000002a     ti.targets.arm.rtsarm.aem4f : System.oem4f (.text:xdc_runtime_System_putchar__I)
                  00020d14    00000028     stk.aem4f : bind.oem4f (.text:BindFindByNet)
                  00020d3c    00000028     emac_tivaware.aem4f : EMACSnow.oem4f (.text:EMACSnow_isLinkUp)
                  00020d64    00000028                         : EMACSnow.oem4f (.text:EMACSnow_pkt_service)
                  00020d8c    00000028     stk.aem4f : igmp.oem4f (.text:IGMPTestGroup)
                  00020db4    00000028     ti.net.cyassl.aem4f : md5.oem4f (.text:Md5Hash)
                  00020ddc    00000028                         : internal.oem4f (.text:Md5Rounds)
                  00020e04    00000028     netctrl_min_ipv4.aem4f : netctrl.oem4f (.text:NC_SystemClose)
                  00020e2c    00000028     stk.aem4f : nimu.oem4f (.text:NIMUCreatePacket)
                  00020e54    00000028               : nimu.oem4f (.text:NIMUPacketServiceCheck)
                  00020e7c    00000028     ti.net.cyassl.aem4f : internal.oem4f (.text:Sha256Rounds)
                  00020ea4    00000028                         : internal.oem4f (.text:ShaRounds)
                  00020ecc    00000028     stk.aem4f : tcpin.oem4f (.text:TcpEnterTimeWait)
                  00020ef4    00000028               : vlan.oem4f (.text:VLANFindSourceInterface)
                  00020f1c    00000028               : vlan.oem4f (.text:VLANInit)
                  00020f44    00000028               : lli.oem4f (.text:_LLIExpListRemove)
                  00020f6c    00000028               : lli.oem4f (.text:_LLITimeoutFlush)
                  00020f94    00000028               : rtable.oem4f (.text:_RtExpListRemove)
                  00020fbc    00000028     nettool_ipv4.aem4f : dhcpsock.oem4f (.text:dhcpPacketReceive)
                  00020fe4    00000028     sysbios.aem4f : BIOS.obj (.text:ti_sysbios_hal_Hwi_Instance_init__E)
                  0002100c    00000026     ti.net.cyassl.aem4f : aes.oem4f (.text:AesSetIV)
                  00021032    00000026     driverlib.lib : emac.obj (.text:EMACPHYRead)
                  00021058    00000026                   : emac.obj (.text:EMACPHYWrite)
                  0002107e    00000026     ti.net.cyassl.aem4f : asn.oem4f (.text:FreeSignerTable)
                  000210a4    00000026                         : internal.oem4f (.text:PadCheck)
                  000210ca    00000026     stk.aem4f : rawethsock.oem4f (.text:RawEthSockClose)
                  000210f0    00000026               : route.oem4f (.text:RtSetTimeout)
                  00021116    00000026     netctrl_min_ipv4.aem4f : netsrv.oem4f (.text:ServiceCallback)
                  0002113c    00000026     ti.net.cyassl.aem4f : tfm.oem4f (.text:fp_count_bits)
                  00021162    00000026                         : tfm.oem4f (.text:fp_reverse)
                  00021188    00000026     rtsv7M4_T_le_v4SPD16_eabi.lib : strncmp.obj (.text)
                  000211ae    00000026     tcpEcho_pem4f.oem4f (.text:ti_ndk_config_udp_init)
                  000211d4    00000026     sysbios.aem4f : m3_Hwi_asm.obj (.text:ti_sysbios_family_arm_m3_Hwi_pendSV__I)
                  000211fa    00000026     ti.targets.arm.rtsarm.aem4f : System.oem4f (.text:xdc_runtime_System_avprintf__E)
                  00021220    00000024     stk.aem4f : bind.oem4f (.text:BindGetIFByDBCast)
                  00021244    00000024     ti.net.cyassl.aem4f : ssl.oem4f (.text:CyaSSL_negotiate)
                  00021268    00000024                         : des3.oem4f (.text:Des3_SetIV)
                  0002128c    00000024     emac_tivaware.aem4f : EMACSnow.oem4f (.text:EMACSnow_emacPoll)
                  000212b0    00000024                         : EMACSnow.oem4f (.text:EMACSnow_primeRx)
                  000212d4    00000024     stk.aem4f : exec.oem4f (.text:ExecTimer)
                  000212f8    00000024     gpio_tivaware.aem4f : GPIO.oem4f (.text:GPIO_init)
                  0002131c    00000024     stk.aem4f : nimu.oem4f (.text:NIMUFindByIndex)
                  00021340    00000024               : nimu.oem4f (.text:NIMUPacketService)
                  00021364    00000024               : rawethsock_pcb.oem4f (.text:RawEthSockPcbFind)
                  00021388    00000024               : route.oem4f (.text:RtFree)
                  000213ac    00000024               : sockpcb.oem4f (.text:SockPcbCleanup)
                  000213d0    00000024               : tcptime.oem4f (.text:TcpTimeoutWait2)
                  000213f4    00000024               : timer.oem4f (.text:TimerListRemove)
                  00021418    00000024     nettool_ipv4.aem4f : config.oem4f (.text:_CfgEntryProcess)
                  0002143c    00000024     rtsv7M4_T_le_v4SPD16_eabi.lib : memmov.obj (.text)
                  00021460    00000024     tcpEcho_pem4f.oem4f (.text:ti_sysbios_BIOS_errorRaiseHook__I)
                  00021484    00000024     tcpEcho_pem4f.oem4f (.text:ti_sysbios_BIOS_registerRTSLock__I)
                  000214a8    00000024     tcpEcho_pem4f.oem4f (.text:ti_sysbios_BIOS_removeRTSLock__I)
                  000214cc    00000024     tcpEcho_pem4f.oem4f (.text:ti_sysbios_BIOS_startFunc__I)
                  000214f0    00000024     sysbios.aem4f : BIOS.obj (.text:ti_sysbios_family_arm_m3_Hwi_doTaskRestore__I)
                  00021514    00000024     tcpEcho_pem4f.oem4f (.text:ti_sysbios_gates_GateMutex_Object__delete__S)
                  00021538    00000024     tcpEcho_pem4f.oem4f (.text:ti_sysbios_knl_Semaphore_Object__delete__S)
                  0002155c    00000024     sysbios.aem4f : BIOS.obj (.text:ti_sysbios_knl_Swi_Module_startup__E)
                  00021580    00000024     ti.targets.arm.rtsarm.aem4f : System.oem4f (.text:xdc_runtime_System_vprintf__E)
                  000215a4    00000022     ti.net.cyassl.aem4f : internal.oem4f (.text:AddHeaders)
                  000215c6    00000022     nettool_ipv4.aem4f : config.oem4f (.text:CfgEntryInfo)
                  000215e8    00000022                        : config.oem4f (.text:CfgEntryRef)
                  0002160a    00000022     ti.net.cyassl.aem4f : internal.oem4f (.text:CheckAvailableSize)
                  0002162c    00000022                         : tls.oem4f (.text:CyaTLSv1_2_client_method)
                  0002164e    00000022                         : random.oem4f (.text:RNG_GenerateBlock)
                  00021670    00000022     stk.aem4f : vlan.oem4f (.text:VLANFindNode)
                  00021692    00000022     ti.net.cyassl.aem4f : internal.oem4f (.text:VerifyClientSuite)
[...]
00022c05   ti_sysbios_family_arm_m3_Hwi_doSwiRestore__I
00022c0d   ti_sysbios_family_arm_m3_Hwi_startup__E
00022c0d   ti_sysbios_hal_Hwi_HwiProxy_startup__E
00022c0d   ti_sysbios_hal_Hwi_startup__E
00022c15   ti_sysbios_knl_Idle_loop__E
00022c1d   ti_sysbios_knl_Task_getHookContext__E
00022c25   ti_sysbios_knl_Task_setHookContext__E
00022c2d   CyaSSL_dtls
00022c33   CyaSSL_get_fd
00022c39   CyaSSL_get_using_nonblock
00022c3f   CyaSSL_read
00022c45   EMACRxDMADescriptorListSet
00022c4b   EMACTxDMADescriptorListSet
00022c51   SysCtlDelay
00022c57   TcpPrRecv
00022c5d   __xdc__init
00022c63   __TI_decompress_rle24
00022c69   ti_sysbios_family_arm_lm4_TimestampProvider_Module_startup__E
00022c6f   OEMSysCritOff
00022c6f   ti_sysbios_family_arm_m3_Hwi_restoreFxn__E
00022c6f   ti_sysbios_hal_Hwi_HwiProxy_restore__E
00022c6f   ti_sysbios_hal_Hwi_restore__E
00022c75   ti_sysbios_gates_GateHwi_leave__E
00022c7b   ti_sysbios_heaps_HeapMem_isBlocking__E
00022c81   ti_sysbios_knl_Queue_Instance_init__E
00022c87   xdc_runtime_System_Module_startup__E
00022c8d   BindGetIF
00022c91   BindGetNext
00022c95   FreeRsaKey
00022c9d   NDK_vsprintf
00022ca1   NodeSetRt
00022ca5   RabbitProcess
00022ca9   RabbitSetKey
00022cad   RawEthSockPrAttach
00022cb1   RawEthSockPrDetach
00022cb5   RsaEncryptSize
00022cb9   SemPend
00022cbd   SemPost
00022cc1   SemReset
00022cc5   TaskSelf
00022cc9   TaskSetPri
00022ccd   _llSerialInit
00022cd5   fp_mul
00022cd9   fp_sqr
00022cdd   list_get_head
00022ce1   list_get_next
00022ced   ti_sysbios_BIOS_RtsGateProxy_enter__E
00022cf1   ti_sysbios_BIOS_RtsGateProxy_leave__E
00022cf5   ti_sysbios_family_arm_lm4_Timer_getPeriod__E
00022cf9   ti_sysbios_family_arm_lm4_Timer_masterEnable__I
00022cfd   ti_sysbios_family_arm_m3_TaskSupport_Module__startupDone__S
00022d01   ti_sysbios_gates_GateHwi_query__E
00022d01   xdc_runtime_Main_Module_GateProxy_query__E
00022d01   xdc_runtime_System_Module_GateProxy_query__E
00022d05   ti_sysbios_BIOS_RtsGateProxy_query__E
00022d05   ti_sysbios_gates_GateMutex_query__E
00022d05   ti_sysbios_heaps_HeapMem_Module_GateProxy_query__E
00022d09   ti_sysbios_hal_Hwi_HwiProxy_Module__startupDone__S
00022d0d   ti_sysbios_hal_Hwi_HwiProxy_Object__delete__S
00022d11   ti_sysbios_hal_Hwi_HwiProxy_delete
00022d15   ti_sysbios_hal_Hwi_delete
00022d19   ti_sysbios_heaps_HeapMem_Module_GateProxy_enter__E
00022d1d   ti_sysbios_heaps_HeapMem_Module_GateProxy_leave__E
00022d21   ti_sysbios_knl_Clock_TimerProxy_Module__startupDone__S
00022d25   ti_sysbios_knl_Clock_TimerProxy_getCurrentTick__E
00022d29   ti_sysbios_knl_Clock_TimerProxy_getMaxTicks__E
00022d2d   ti_sysbios_knl_Clock_TimerProxy_getPeriod__E
00022d31   ti_sysbios_knl_Clock_TimerProxy_setNextTick__E
00022d35   ti_sysbios_knl_Queue_destruct
00022d39   ti_sysbios_knl_Semaphore_delete
00022d3d   ti_sysbios_knl_Semaphore_destruct
00022d41   ti_sysbios_knl_Swi_delete
00022d45   ti_sysbios_knl_Task_SupportProxy_Module__startupDone__S
00022d49   ti_sysbios_knl_Task_delete
00022d4d   ti_sysbios_knl_Task_startup__E
00022d51   xdc_runtime_Error_getMsg__E
00022d55   xdc_runtime_Error_getSite__E
00022d59   xdc_runtime_Memory_HeapProxy_alloc__E
00022d5d   xdc_runtime_Memory_HeapProxy_free__E
00022d61   xdc_runtime_System_Module_GateProxy_enter__E
00022d65   xdc_runtime_System_Module_GateProxy_leave__E
00022d69   xdc_runtime_System_aprintf_va__F
00022d6d   xdc_runtime_System_printf_va__F
00022d70   xdc_runtime_Text_charTab__A
000244b5   ti_sysbios_knl_Clock_tickMode__C
000244b6   ti_catalog_arm_cortexm4_tiva_ce_Boot_Module__id__C
000274b8   ca_cert_der_2048
00027966   client_cert_der_2048
00027e14   client_key_der_2048
000283f6   ti_sysbios_family_arm_lm4_TimestampProvider_useClockTimer__C
00028618   xdc_runtime_Text_nodeTab__A
000288db   ti_sysbios_knl_Clock_tickSource__C
000289a8   Code2Err
00028a4c   ti_catalog_arm_cortexm4_tiva_ce_Boot_A_mustNotUseEnhancedClockMode__C
00028b15   xdc_runtime_Error_policy__C
00028b16   ti_sysbios_family_arm_m3_Hwi_Module__id__C
00028b18   ti_sysbios_knl_Task_Object__PARAMS__C
00028b8c   emacHWAttrs
00028b98   EMAC_config
00028bb0   GPIO_config
00028bc4   ti_catalog_arm_cortexm4_tiva_ce_Boot_Module__diagsEnabled__C
00028cc0   gpioHWAttrs
00028d20   ti_sysbios_family_arm_m3_Hwi_Object__PARAMS__C
00028d50   ti_sysbios_hal_Hwi_Object__PARAMS__C
00028da6   ti_sysbios_family_arm_m3_Hwi_Module__loggerDefined__C
00028df8   ti_sysbios_heaps_HeapMem_Module__FXNS__C
00028e20   ti_sysbios_knl_Swi_Object__PARAMS__C
00028e48   ti_sysbios_gates_GateHwi_Module__FXNS__C
00028e6c   ti_sysbios_gates_GateMutex_Module__FXNS__C
00028e90   ti_sysbios_heaps_HeapMem_Object__PARAMS__C
00028eb4   ti_sysbios_knl_Clock_Object__PARAMS__C
00028ed8   ti_sysbios_knl_Semaphore_Object__PARAMS__C
00028efc   xdc_runtime_Startup_sfxnTab__A
00028f40   ti_sysbios_family_arm_m3_Hwi_Object__DESC__C
00028f60   ti_sysbios_gates_GateHwi_Object__DESC__C
00028f80   ti_sysbios_gates_GateMutex_Object__DESC__C
00028fa0   ti_sysbios_hal_Hwi_Object__DESC__C
00028fc0   ti_sysbios_heaps_HeapMem_Object__DESC__C
00028fe0   ti_sysbios_knl_Clock_Object__DESC__C
00029000   ti_sysbios_knl_Queue_Object__DESC__C
00029020   ti_sysbios_knl_Semaphore_Object__DESC__C
00029040   ti_sysbios_knl_Swi_Object__DESC__C
00029060   ti_sysbios_knl_Task_Object__DESC__C
00029098   ti_ndk_config_Global_rawPageSize
0002909c   ti_ndk_config_Global_rawPageCount
000290a0   ti_ndk_config_Global_smallest
000290a4   ti_ndk_config_Global_largest
000290a8   ti_ndk_config_Global_numFrameBuf
000290ac   ti_ndk_config_Global_sizeFrameBuf
000290b0   ti_sysbios_gates_GateHwi_Object__PARAMS__C
000290c8   ti_sysbios_gates_GateMutex_Object__PARAMS__C
000290e0   ti_sysbios_knl_Queue_Object__PARAMS__C
000290f8   ti_sysbios_knl_Task_hooks__A
00029110   xdc_runtime_Startup_firstFxns__A
00029124   xdc_runtime_Startup_sfxnRts__A
00029160   EMACSnow_fxnTable
00029168   ti_sysbios_family_arm_m3_Hwi_excHookFuncs__A
00029170   ti_sysbios_knl_Idle_funcList__A
00029178   ti_sysbios_knl_Idle_funcList__C
00029180   ti_sysbios_knl_Task_hooks__C
00029188   xdc_runtime_Startup_firstFxns__C
00029190   xdc_runtime_Startup_lastFxns__C
00029198   ti_catalog_arm_cortexm4_tiva_ce_Boot_Module__diagsIncluded__C
0002919c   ti_catalog_arm_cortexm4_tiva_ce_Boot_Module__diagsMask__C
000291a0   ti_sysbios_family_arm_lm4_Timer_enableFunc__C
000291a4   ti_sysbios_family_arm_lm4_Timer_numTimerDevices__C
000291a8   ti_sysbios_family_arm_lm4_Timer_startupNeeded__C
000291ac   ti_sysbios_family_arm_m3_Hwi_E_NMI__C
000291b0   ti_sysbios_family_arm_m3_Hwi_E_alreadyDefined__C
000291b4   ti_sysbios_family_arm_m3_Hwi_E_busFault__C
000291b8   ti_sysbios_family_arm_m3_Hwi_E_debugMon__C
000291bc   ti_sysbios_family_arm_m3_Hwi_E_hardFault__C
000291c0   ti_sysbios_family_arm_m3_Hwi_E_hwiLimitExceeded__C
000291c4   ti_sysbios_family_arm_m3_Hwi_E_memFault__C
000291c8   ti_sysbios_family_arm_m3_Hwi_E_noIsr__C
000291cc   ti_sysbios_family_arm_m3_Hwi_E_reserved__C
000291d0   ti_sysbios_family_arm_m3_Hwi_E_svCall__C
000291d4   ti_sysbios_family_arm_m3_Hwi_E_usageFault__C
000291d8   ti_sysbios_family_arm_m3_Hwi_LD_end__C
000291dc   ti_sysbios_family_arm_m3_Hwi_LM_begin__C
000291e0   ti_sysbios_family_arm_m3_Hwi_Module__diagsEnabled__C
000291e4   ti_sysbios_family_arm_m3_Hwi_Module__diagsIncluded__C
000291e8   ti_sysbios_family_arm_m3_Hwi_Module__diagsMask__C
000291ec   ti_sysbios_family_arm_m3_Hwi_Module__loggerFxn1__C
000291f0   ti_sysbios_family_arm_m3_Hwi_Module__loggerFxn8__C
000291f4   ti_sysbios_family_arm_m3_Hwi_Module__loggerObj__C
000291f8   ti_sysbios_family_arm_m3_Hwi_NUM_INTERRUPTS__C
000291fc   ti_sysbios_family_arm_m3_Hwi_Object__count__C
00029200   ti_sysbios_family_arm_m3_Hwi_ccr__C
00029204   ti_sysbios_family_arm_m3_Hwi_disablePriority__C
00029208   ti_sysbios_family_arm_m3_Hwi_excHandlerFunc__C
0002920c   ti_sysbios_family_arm_m3_Hwi_excHookFuncs__C
00029210   ti_sysbios_family_arm_m3_Hwi_nullIsrFunc__C
00029214   ti_sysbios_family_arm_m3_Hwi_numSparseInterrupts__C
00029218   ti_sysbios_family_arm_m3_Hwi_priGroup__C
0002921c   ti_sysbios_family_arm_m3_TaskSupport_stackAlignment__C
00029220   ti_sysbios_gates_GateMutex_A_badContext__C
00029224   ti_sysbios_gates_GateMutex_Instance_State_sem__O
00029228   ti_sysbios_gates_GateMutex_Module__diagsEnabled__C
0002922c   ti_sysbios_gates_GateMutex_Module__diagsIncluded__C
00029230   ti_sysbios_gates_GateMutex_Module__diagsMask__C
00029234   ti_sysbios_hal_Hwi_E_stackOverflow__C
00029238   ti_sysbios_heaps_HeapMem_A_align__C
0002923c   ti_sysbios_heaps_HeapMem_A_heapSize__C
00029240   ti_sysbios_heaps_HeapMem_A_invalidFree__C
00029244   ti_sysbios_heaps_HeapMem_A_zeroBlock__C
00029248   ti_sysbios_heaps_HeapMem_E_memory__C
0002924c   ti_sysbios_heaps_HeapMem_Module__diagsEnabled__C
00029250   ti_sysbios_heaps_HeapMem_Module__diagsIncluded__C
00029254   ti_sysbios_heaps_HeapMem_Module__diagsMask__C
00029258   ti_sysbios_heaps_HeapMem_Module__gateObj__C
0002925c   ti_sysbios_heaps_HeapMem_Object__count__C
00029260   ti_sysbios_heaps_HeapMem_reqAlign__C
00029264   ti_sysbios_knl_Clock_A_badThreadType__C
00029268   ti_sysbios_knl_Clock_LM_begin__C
0002926c   ti_sysbios_knl_Clock_LM_tick__C
00029270   ti_sysbios_knl_Clock_LW_delayed__C
00029274   ti_sysbios_knl_Clock_Module_State_clockQ__O
00029278   ti_sysbios_knl_Clock_Module__diagsEnabled__C
0002927c   ti_sysbios_knl_Clock_Module__diagsIncluded__C
00029280   ti_sysbios_knl_Clock_Module__diagsMask__C
00029284   ti_sysbios_knl_Clock_Module__loggerFxn1__C
00029288   ti_sysbios_knl_Clock_Module__loggerFxn2__C
0002928c   ti_sysbios_knl_Clock_Module__loggerObj__C
00029290   ti_sysbios_knl_Semaphore_A_badContext__C
00029294   ti_sysbios_knl_Semaphore_A_noEvents__C
00029298   ti_sysbios_knl_Semaphore_A_overflow__C
0002929c   ti_sysbios_knl_Semaphore_A_pendTaskDisabled__C
000292a0   ti_sysbios_knl_Semaphore_Instance_State_pendQ__O
000292a4   ti_sysbios_knl_Semaphore_LM_pend__C
000292a8   ti_sysbios_knl_Semaphore_LM_post__C
000292ac   ti_sysbios_knl_Semaphore_Module__diagsEnabled__C
000292b0   ti_sysbios_knl_Semaphore_Module__diagsIncluded__C
000292b4   ti_sysbios_knl_Semaphore_Module__diagsMask__C
000292b8   ti_sysbios_knl_Semaphore_Module__loggerFxn2__C
000292bc   ti_sysbios_knl_Semaphore_Module__loggerFxn4__C
000292c0   ti_sysbios_knl_Semaphore_Module__loggerObj__C
000292c4   ti_sysbios_knl_Swi_A_badPriority__C
000292c8   ti_sysbios_knl_Swi_LD_end__C
000292cc   ti_sysbios_knl_Swi_LM_begin__C
000292d0   ti_sysbios_knl_Swi_LM_post__C
000292d4   ti_sysbios_knl_Swi_Module__diagsEnabled__C
000292d8   ti_sysbios_knl_Swi_Module__diagsIncluded__C
000292dc   ti_sysbios_knl_Swi_Module__diagsMask__C
000292e0   ti_sysbios_knl_Swi_Module__loggerFxn1__C
000292e4   ti_sysbios_knl_Swi_Module__loggerFxn4__C
000292e8   ti_sysbios_knl_Swi_Module__loggerObj__C
000292ec   ti_sysbios_knl_Swi_Object__count__C
000292f0   ti_sysbios_knl_Swi_numPriorities__C
000292f4   ti_sysbios_knl_Task_A_badPriority__C
000292f8   ti_sysbios_knl_Task_A_badTaskState__C
000292fc   ti_sysbios_knl_Task_A_badThreadType__C
00029300   ti_sysbios_knl_Task_A_badTimeout__C
00029304   ti_sysbios_knl_Task_A_noPendElem__C
00029308   ti_sysbios_knl_Task_A_sleepTaskDisabled__C
0002930c   ti_sysbios_knl_Task_E_deleteNotAllowed__C
00029310   ti_sysbios_knl_Task_E_spOutOfBounds__C
00029314   ti_sysbios_knl_Task_E_stackOverflow__C
00029318   ti_sysbios_knl_Task_LD_block__C
0002931c   ti_sysbios_knl_Task_LD_exit__C
00029320   ti_sysbios_knl_Task_LD_ready__C
00029324   ti_sysbios_knl_Task_LM_setPri__C
00029328   ti_sysbios_knl_Task_LM_sleep__C
0002932c   ti_sysbios_knl_Task_LM_switch__C
00029330   ti_sysbios_knl_Task_Module_State_inactiveQ__O
00029334   ti_sysbios_knl_Task_Module_State_terminatedQ__O
00029338   ti_sysbios_knl_Task_Module__diagsEnabled__C
0002933c   ti_sysbios_knl_Task_Module__diagsIncluded__C
00029340   ti_sysbios_knl_Task_Module__diagsMask__C
00029344   ti_sysbios_knl_Task_Module__loggerFxn2__C
00029348   ti_sysbios_knl_Task_Module__loggerFxn4__C
0002934c   ti_sysbios_knl_Task_Module__loggerObj__C
00029350   ti_sysbios_knl_Task_Object__count__C
00029354   ti_sysbios_knl_Task_Object__heap__C
00029358   ti_sysbios_knl_Task_allBlockedFunc__C
0002935c   ti_sysbios_knl_Task_defaultStackHeap__C
00029360   ti_sysbios_knl_Task_defaultStackSize__C
00029364   ti_sysbios_knl_Task_numConstructedTasks__C
00029368   ti_sysbios_knl_Task_numPriorities__C
0002936c   xdc_runtime_Assert_E_assertFailed__C
00029370   xdc_runtime_Core_A_initializedParams__C
00029374   xdc_runtime_Core_Module__diagsEnabled__C
00029378   xdc_runtime_Core_Module__diagsIncluded__C
0002937c   xdc_runtime_Core_Module__diagsMask__C
00029380   xdc_runtime_Error_E_memory__C
00029384   xdc_runtime_Error_Module__diagsEnabled__C
00029388   xdc_runtime_Error_Module__diagsIncluded__C
0002938c   xdc_runtime_Error_Module__diagsMask__C
00029390   xdc_runtime_Error_Module__loggerFxn8__C
00029394   xdc_runtime_Error_Module__loggerObj__C
00029398   xdc_runtime_Error_policyFxn__C
0002939c   xdc_runtime_Error_raiseHook__C
000293a0   xdc_runtime_IGateProvider_Interface__BASE__C
000293a4   xdc_runtime_IHeap_Interface__BASE__C
000293a8   xdc_runtime_IModule_Interface__BASE__C
000293ac   xdc_runtime_Log_L_error__C
000293b0   xdc_runtime_Memory_defaultHeapInstance__C
000293b4   xdc_runtime_Startup_execImpl__C
000293b8   xdc_runtime_Startup_lastFxns__A
000293bc   xdc_runtime_Startup_maxPasses__C
000293c0   xdc_runtime_Startup_sfxnRts__C
000293c4   xdc_runtime_Startup_sfxnTab__C
000293c8   xdc_runtime_SysMin_bufSize__C
000293cc   xdc_runtime_SysMin_outputFunc__C
000293d0   xdc_runtime_System_Module__gateObj__C
000293d4   xdc_runtime_System_abortFxn__C
000293d8   xdc_runtime_System_exitFxn__C
000293dc   xdc_runtime_System_extendFxn__C
000293e0   xdc_runtime_System_maxAtexitHandlers__C
000293e4   xdc_runtime_Text_charTab__C
000293e8   xdc_runtime_Text_nameEmpty__C
000293ec   xdc_runtime_Text_nameStatic__C
000293f0   xdc_runtime_Text_nameUnknown__C
000293f4   xdc_runtime_Text_nodeTab__C
000293f8   xdc_runtime_Text_visitRopeFxn__C
000293fc   ti_sysbios_gates_GateMutex_Module__id__C
000293fe   ti_sysbios_hal_Hwi_Module__id__C
00029400   ti_sysbios_heaps_HeapMem_Module__id__C
00029402   ti_sysbios_knl_Clock_Module__id__C
00029404   ti_sysbios_knl_Clock_Module__loggerDefined__C
00029406   ti_sysbios_knl_Semaphore_Module__id__C
00029408   ti_sysbios_knl_Semaphore_Module__loggerDefined__C
0002940a   ti_sysbios_knl_Swi_Module__id__C
0002940c   ti_sysbios_knl_Swi_Module__loggerDefined__C
0002940e   ti_sysbios_knl_Task_Module__id__C
00029410   ti_sysbios_knl_Task_Module__loggerDefined__C
00029412   ti_sysbios_knl_Task_checkStackFlag__C
00029414   ti_sysbios_knl_Task_deleteTerminatedTasks__C
00029416   ti_sysbios_knl_Task_initStackFlag__C
00029418   xdc_runtime_Core_Module__id__C
0002941a   xdc_runtime_Error_Module__loggerDefined__C
0002941c   xdc_runtime_Error_maxDepth__C
0002941e   xdc_runtime_Memory_Module__id__C
00029420   xdc_runtime_SysMin_flushAtExit__C
00029422   xdc_runtime_Text_charCnt__C
00029424   xdc_runtime_Text_isLoaded__C
00029426   xdc_runtime_Text_registryModsLastId__C
00029428   xdc_runtime_Text_unnamedModsLastId__C
00029a7c   __TI_Handler_Table_Base
00029a88   __TI_Handler_Table_Limit
00029a98   __TI_CINIT_Base
00029ab0   __TI_CINIT_Limit
20000000   ti_sysbios_family_arm_m3_Hwi_ramVectors
20000380   ti_sysbios_heaps_HeapMem_Instance_State_0_buf__A
20018a20   ti_ndk_config_Global_pit
20018ac8   ti_ndk_config_Global_pitBuffer
2001d2f4   PBMQ_free
2001d300   ti_ndk_config_Global_pBufMem
20020f00   ti_ndk_config_Global_pHdrMem
200220c0   ti_sysbios_knl_Task_Instance_State_0_stack__A
200226c0   ti_sysbios_knl_Task_Instance_State_1_stack__A
200229c0   ti_sysbios_family_arm_m3_Hwi_dispatchTable
20022d20   __CIOBUF_
2002301c   tcps
200232a8   xdc_runtime_SysMin_Module_State_0_outbuf__A
20023328   BlockMax
20023344   BlockCount
20023360   PageMax
2002337c   PageCount
20023398   ips
20023400   nimu_mcb
20023460   _ICMPIn
200234ac   _ICMPOut
20023538   vlan_mcb
20023594   _IGMPInDiscard
20023598   _IGMPInQuery
2002359c   _IGMPInQueryGroup
200235a0   _IGMPInResponse
200235a4   _IGMPOutResponse
200235a8   udps
200235cc   stkEvent
20023618   raws
20023628   raweths
20023638   tpseudo
20023644   upseudo
20023658   emacObjects
2002366c   raweth_pcb
20023678   g_ulStatus
20023680   ti_sysbios_knl_Task_Instance_State_0_hookEnv__A
20023684   ti_sysbios_knl_Task_Instance_State_1_hookEnv__A
20023688   ti_ndk_config_Global_Id2Size
200236a4   ti_ndk_config_Global_HostName
200236e8   ti_sysbios_family_arm_lm4_Timer_Module__root__V
200236f0   ti_sysbios_family_arm_lm4_Timer_Module_State_0_handles__A
20023710   ti_sysbios_family_arm_lm4_Timer_Module__state__V
2002371c   ti_sysbios_family_arm_lm4_TimestampProvider_Module__state__V
20023724   ti_sysbios_family_arm_m3_Hwi_Module__root__V
2002372c   ti_sysbios_family_arm_m3_Hwi_Module_State_0_excActive__A
20023730   ti_sysbios_family_arm_m3_Hwi_Module_State_0_excContext__A
20023734   ti_sysbios_family_arm_m3_Hwi_Module_State_0_excStack__A
20023738   ti_sysbios_gates_GateHwi_Module__root__V
20023740   ti_sysbios_gates_GateHwi_Object__table__V
20023744   ti_sysbios_gates_GateMutex_Module__root__V
2002374c   ti_sysbios_hal_Hwi_Module__root__V
20023754   ti_sysbios_heaps_HeapMem_Module__root__V
2002375c   ti_sysbios_heaps_HeapMem_Object__table__V
20023774   ti_sysbios_knl_Clock_Module__root__V
2002377c   ti_sysbios_knl_Queue_Module__root__V
20023784   ti_sysbios_knl_Semaphore_Module__root__V
2002378c   ti_sysbios_knl_Swi_Module__root__V
20023794   ti_sysbios_knl_Swi_Module__state__V
200237b0   ti_sysbios_knl_Task_Module__root__V
200237b8   ti_sysbios_knl_Task_Module_State_0_idleTask__A
200237bc   xdc_runtime_Error_Module__state__V
200237c0   xdc_runtime_Memory_Module__state__V
200237c4   xdc_runtime_Registry_Module__state__V
200237cc   xdc_runtime_Startup_Module__state__V
200237d4   xdc_runtime_SysMin_Module__state__V
200237e0   xdc_runtime_System_Module_State_0_atexitHandlers__A
20023800   xdc_runtime_System_Module__state__V
20023808   xdc_runtime_Text_Module__state__V
20023810   __xdc__init__addr
20023814   _ipcfg
20023978   ti_sysbios_knl_Task_Object__table__V
200239c4   TSK_idle
20023a10   _Denorm
20023a20   _Eps
20023a30   _Hugeval
20023a40   _Inf
20023a50   _Nan
20023a60   _Snan
20023a70   _Rteps
20023a80   _Xbig
20023a88   _Zero
20023a90   ti_sysbios_family_arm_lm4_Timer_Object__table__V
20023b10   ti_sysbios_knl_Swi_Module_State_0_readyQ__A
20023b90   ti_sysbios_knl_Task_Module_State_0_readyQ__A
20023c10   _FDenorm
20023c20   _FEps
20023c30   _FInf
20023c40   _FNan
20023c50   _FSnan
20023c60   _FRteps
20023c70   _FXbig
20023c74   _FZero
20023cc8   ti_sysbios_knl_Task_Module__state__V
20023d8c   ti_sysbios_family_arm_lm4_Timer_Module_State_0_device__A
20023dcc   ti_sysbios_gates_GateMutex_Object__table__V
20023e38   ti_sysbios_family_arm_m3_Hwi_Module__state__V
20023e6c   enablePrefetch
20023e70   phyCounter
20023ed0   ti_sysbios_family_arm_m3_Hwi_Object__table__V
20023f00   ti_sysbios_knl_Swi_Object__table__V
20023f30   ti_sysbios_knl_Clock_Module__state__V
20023f5c   pstrMsgName
20023f84   _oscfg
20023fa8   PITCount
20023fac   PITUsed
20023fb0   PITHigh
20023fcc   ti_sysbios_BIOS_Module__state__V
20024054   NIMUDeviceTable
2002405c   macAddress
2002406c   _IGMPForceVersion1
200240a8   _lock
200240ac   _unlock
200240b0   __TI_cleanup_ptr
200240b4   __TI_dtors_ptr
200240b8   _Fenv
200240bc   _Tls_setup__Fenv
200240c8   _ICMPInErrors
200240cc   _ICMPOutErrors
200240d0   _IPExecuting
200240e8   tcp_iss
200240ec   ptTimeFirst
20024114   _Errno
2002411c   main_func_sp
20024124   _IPReasmPtr
20024134   __stack
20024334   __STACK_TOP
20024534   __STACK_END
40000400   ti_sysbios_family_arm_ducati_CTM_ctm
e000e000   ti_sysbios_family_arm_m3_Hwi_nvic
ffffffff   __binit__
ffffffff   __c_args__
ffffffff   binit
UNDEFED    SHT$$INIT_ARRAY$$Base
UNDEFED    SHT$$INIT_ARRAY$$Limit

[1344 symbols]
