******************************************************************************
                  TI ARM Linker PC v5.1.6                      
******************************************************************************
>> Linked Fri Aug 01 11:41:54 2014

OUTPUT FILE NAME:   <benchmarkTest.out>
ENTRY POINT SYMBOL: "_c_int00"  address: 00015229


MEMORY CONFIGURATION

         name            origin    length      used     unused   attr    fill
----------------------  --------  ---------  --------  --------  ----  --------
  FLASH                 00000000   00100000  00020112  000dfeee  R  X
  SRAM                  20000000   00040000  00024af4  0001b50c  RW X


SEGMENT ALLOCATION MAP

run origin  load origin   length   init length attrs members
----------  ----------- ---------- ----------- ----- -------
00000000    00000000    00020118   00020118    r-x
  00000000    00000000    0000003c   0000003c    r-- .resetVecs
  0000003c    0000003c    00019b6a   00019b6a    r-x .text
  00019ba8    00019ba8    00005aec   00005aec    r-- .const
  0001f698    0001f698    00000a80   00000a80    r-- .cinit
20000000    20000000    00000360   00000000    rw-
  20000000    20000000    00000360   00000000    rw- .vecs
20000380    20000380    00022c38   00000000    rw-
  20000380    20000380    00022c38   00000000    rw- .bss
20023000    20023000    00001b5c   00000000    rw-
  20023000    20023000    0000175c   00000000    rw- .data
  2002475c    2002475c    00000400   00000000    rw- .stack


SECTION ALLOCATION MAP

 output                                  attributes/
section   page    origin      length       input sections
--------  ----  ----------  ----------   ----------------
.bootVecs 
*          0    00000000    00000008     DSECT
                  00000000    00000008     boot.aem4f : boot.oem4f (.bootVecs)

.resetVecs 
*          0    00000000    0000003c     
                  00000000    0000003c     benchmarkTest_pem4f.oem4f (.resetVecs)

xdc.meta   0    00000000    000000ff     COPY SECTION
                  00000000    000000ff     benchmarkTest_pem4f.oem4f (xdc.meta)

.init_array 
*          0    00000000    00000000     UNINITIALIZED

.text      0    0000003c    00019b6a     
                  0000003c    00001388     ti.net.wolfssl.aem4f : sha.oem4f (.text:Transform)
                  000013c4    00001108     rtsv7M4_T_le_v4SPD16_eabi.lib : _printfi.obj (.text)
                  000024cc    00000bd4     stk.aem4f : tcpin.oem4f (.text:TcpInput)
                  000030a0    000008a8               : tcpout.oem4f (.text:TcpOutput)
                  00003948    0000086c     ti.net.wolfssl.aem4f : md5.oem4f (.text:Transform)
                  000041b4    0000051e                         : sha256.oem4f (.text:Transform)
                  000046d2    00000002     hal_userled_stub.aem4f : llled.oem4f (.text:LED_TOGGLE)
                  000046d4    00000424     sysbios.aem4f : BIOS.obj (.text:ti_sysbios_family_arm_m3_Hwi_excDumpRegs__I)
                  00004af8    00000400     ti.net.wolfssl.aem4f : aes.oem4f (.text:AesSetKeyLocal)
                  00004ef8    000003fc     stk.aem4f : ipout.oem4f (.text:IPTxPacket)
                  000052f4    000003d0     ti.net.wolfssl.aem4f : aes.oem4f (.text:AesEncrypt)
                  000056c4    00000390     stk.aem4f : ipin.oem4f (.text:IPRxPacket)
                  00005a54    00000384     ti.net.wolfssl.aem4f : tfm.oem4f (.text:fp_div)
                  00005dd8    00000330     ti.targets.arm.rtsarm.aem4f : System.oem4f (.text:xdc_runtime_System_doPrint__I)
                  00006108    00000300     sysbios.aem4f : BIOS.obj (.text:ti_sysbios_knl_Semaphore_pend__E)
                  00006408    000002e8     ti.net.wolfssl.aem4f : tfm.oem4f (.text:fp_invmod_slow)
                  000066f0    000002d4     sysbios.aem4f : BIOS.obj (.text:ti_sysbios_knl_Task_Instance_finalize__E)
                  000069c4    0000026f     stk.aem4f : sock.oem4f (.text:SockSet)
                  00006c33    00000001     --HOLE-- [fill = 0]
                  00006c34    00000264     benchmark.obj (.text:bench_rsa)
                  00006e98    00000254     rtsv7M4_T_le_v4SPD16_eabi.lib : trgdrv.obj (.text)
                  000070ec    00000248     stk.aem4f : ipfrag.oem4f (.text:IPReasm)
                  00007334    00000248     sysbios.aem4f : BIOS.obj (.text:ti_sysbios_family_arm_lm4_Timer_Instance_init__E)
                  0000757c    00000248                   : BIOS.obj (.text:ti_sysbios_family_arm_lm4_Timer_start__E)
                  000077c4    00000248                   : BIOS.obj (.text:ti_sysbios_heaps_HeapMem_free__E)
                  00007a0c    00000234     stk.aem4f : icmpin.oem4f (.text:ICMPInput)
                  00007c40    00000234     sysbios.aem4f : BIOS.obj (.text:ti_sysbios_heaps_HeapMem_alloc__E)
                  00007e74    00000224     ti.net.wolfssl.aem4f : tfm.oem4f (.text:fp_invmod)
                  00008098    0000021c     stk.aem4f : udp.oem4f (.text:UdpInput)
                  000082b4    0000020c     sysbios.aem4f : BIOS.obj (.text:ti_sysbios_family_arm_m3_Hwi_excHandlerMax__I)
                  000084c0    00000204     Boot.aem4f : Boot_sysctl.oem4f (.text:ti_catalog_arm_cortexm4_tiva_ce_Boot_sysCtlClockFreqSetI__I)
                  000086c4    00000200     stk.aem4f : sock.oem4f (.text:SockRecv)
                  000088c4    000001fc     sysbios.aem4f : BIOS.obj (.text:ti_sysbios_knl_Task_sleep__E)
                  00008ac0    000001f4     rtsv7M4_T_le_v4SPD16_eabi.lib : ull_div_t2.obj (.text)
                  00008cb4    000001e4     sysbios.aem4f : BIOS.obj (.text:ti_sysbios_knl_Task_Instance_init__E)
                  00008e98    000001b8     emac_tivaware.aem4f : EMACSnow.oem4f (.text:EMACSnow_NIMUInit)
                  00009050    000001b6     rtsv7M4_T_le_v4SPD16_eabi.lib : fd_add_t2.obj (.text)
                  00009206    00000002     stk.aem4f : nat.oem4f (.text:NatMsg)
                  00009208    000001b4               : lliout.oem4f (.text:LLITxIpPacket)
                  000093bc    000001ac               : lliin.oem4f (.text:LLIRxPacket)
                  00009568    00000198     os.aem4f : mem.oem4f (.text:mmAlloc)
                  00009700    00000194     stk.aem4f : sock.oem4f (.text:SockNew)
                  00009894    00000194     sysbios.aem4f : BIOS.obj (.text:ti_sysbios_knl_Task_setPri__E)
                  00009a28    00000190     stk.aem4f : igmp.oem4f (.text:IGMPInput)
                  00009bb8    0000018c     ti.net.wolfssl.aem4f : rsa.oem4f (.text:RsaFunction)
                  00009d44    00000174                         : tfm.oem4f (.text:fp_sqr_comba)
                  00009eb8    00000170     stk.aem4f : rtc.oem4f (.text:RTCReport)
                  0000a028    00000168     benchmark.obj (.text:bench_sha256)
                  0000a190    00000168     sysbios.aem4f : BIOS.obj (.text:ti_sysbios_family_arm_m3_Hwi_excBusFault__I)
                  0000a2f8    00000166     stk.aem4f : sb.oem4f (.text:SBRead)
                  0000a45e    00000002     os.aem4f : task.oem4f (.text:_TaskInit)
                  0000a460    00000164     stk.aem4f : sock.oem4f (.text:SockConnect)
                  0000a5c4    00000154     ti.net.wolfssl.aem4f : des3.oem4f (.text:DesRawProcessBlock)
                  0000a718    00000148     sysbios.aem4f : BIOS.obj (.text:ti_sysbios_family_arm_m3_Hwi_dispatchC__I)
                  0000a860    00000148                   : BIOS.obj (.text:ti_sysbios_family_arm_m3_Hwi_excUsageFault__I)
                  0000a9a8    00000144     stk.aem4f : bind.oem4f (.text:BindNew)
                  0000aaec    00000144     netctrl_min_ipv4.aem4f : netctrl.oem4f (.text:NC_NetStart)
                  0000ac30    00000144     rtsv7M4_T_le_v4SPD16_eabi.lib : lowlev.obj (.text)
                  0000ad74    00000144     sysbios.aem4f : BIOS.obj (.text:ti_sysbios_knl_Semaphore_post__E)
                  0000aeb8    00000140     stk.aem4f : tcp.oem4f (.text:TcpTimeoutCheck)
                  0000aff8    00000140     sysbios.aem4f : BIOS.obj (.text:ti_sysbios_knl_Clock_workFunc__E)
                  0000b138    0000013e     stk.aem4f : sock.oem4f (.text:SockSend)
                  0000b276    00000002     os.aem4f : task.oem4f (.text:_TaskShutdown)
                  0000b278    0000013c     nettool_ipv4.aem4f : config.oem4f (.text:CfgAddEntry)
                  0000b3b4    00000138     rtsv7M4_T_le_v4SPD16_eabi.lib : fopen.obj (.text)
                  0000b4ec    00000138     sysbios.aem4f : BIOS.obj (.text:ti_sysbios_heaps_HeapMem_Instance_init__E)
                  0000b624    00000138                   : BIOS.obj (.text:ti_sysbios_knl_Task_exit__E)
                  0000b75c    00000136     rtsv7M4_T_le_v4SPD16_eabi.lib : fd_div_t2.obj (.text)
                  0000b892    00000002     hal_ser_stub.aem4f : llserstb.oem4f (.text:_llSerialServiceCheck)
                  0000b894    00000134     sysbios.aem4f : BIOS.obj (.text:ti_sysbios_family_arm_m3_Hwi_excMemFault__I)
                  0000b9c8    00000130     ti.net.wolfssl.aem4f : des3.oem4f (.text:DesSetKey)
                  0000baf8    0000012c     stk.aem4f : icmp.oem4f (.text:ICMPGenPacket)
                  0000bc24    0000012c     benchmark.obj (.text:bench_aes)
                  0000bd50    00000128     sysbios.aem4f : BIOS.obj (.text:ti_sysbios_knl_Swi_run__I)
                  0000be78    00000124     stk.aem4f : udp.oem4f (.text:UdpOutput)
                  0000bf9c    00000124     benchmark.obj (.text:bench_des)
                  0000c0c0    00000124     rtsv7M4_T_le_v4SPD16_eabi.lib : fputs.obj (.text)
                  0000c1e4    00000124     benchmarkTest_pem4f.oem4f (.text:ti_ndk_config_Global_stackThread)
                  0000c308    00000124     sysbios.aem4f : BIOS.obj (.text:ti_sysbios_knl_Clock_Instance_init__E)
                  0000c42c    00000120     nettool_ipv4.aem4f : dhcpmain.oem4f (.text:DHCPOpen)
                  0000c54c    00000120     stk.aem4f : sockpcb.oem4f (.text:SockPcbResolve)
                  0000c66c    00000120     ti.net.wolfssl.aem4f : tfm.oem4f (.text:fp_mul_comba)
                  0000c78c    00000120     ti.targets.arm.rtsarm.aem4f : Error.oem4f (.text:xdc_runtime_Error_policyDefault__E)
                  0000c8ac    0000011c     stk.aem4f : tcpout.oem4f (.text:TcpGenPacket)
                  0000c9c8    0000011c     ti.net.wolfssl.aem4f : tfm.oem4f (.text:fp_montgomery_reduce)
                  0000cae4    00000118     stk.aem4f : sockint.oem4f (.text:SockNotify)
                  0000cbfc    00000114     ti.net.wolfssl.aem4f : tfm.oem4f (.text:_fp_exptmod)
                  0000cd10    00000114     benchmark.obj (.text:bench_sha)
                  0000ce24    00000114     sysbios.aem4f : BIOS.obj (.text:ti_sysbios_knl_Task_schedule__I)
                  0000cf38    00000110     stk.aem4f : node.oem4f (.text:NodeTreeFree)
                  0000d048    0000010e               : nimu.oem4f (.text:NIMUIoctl)
                  0000d156    00000002     hal_ser_stub.aem4f : llserstb.oem4f (.text:_llSerialShutdown)
                  0000d158    0000010c     stk.aem4f : igmp.oem4f (.text:IGMPSendReply)
                  0000d264    0000010c               : route.oem4f (.text:RtCreate)
                  0000d370    0000010c               : rtable.oem4f (.text:RtFind)
                  0000d47c    0000010c     rtsv7M4_T_le_v4SPD16_eabi.lib : fclose.obj (.text)
                  0000d588    0000010c     ti.targets.arm.rtsarm.aem4f : Core-mem.oem4f (.text:xdc_runtime_Core_createObject__I)
                  0000d694    00000104     stk.aem4f : raw.oem4f (.text:RawInput)
                  0000d798    00000104     benchmarkTest_pem4f.oem4f (.text:xdc_runtime_System_printfExtend__I)
                  0000d89c    000000fc     netctrl_min_ipv4.aem4f : netctrl.oem4f (.text:NetScheduler)
                  0000d998    000000fc     rtsv7M4_T_le_v4SPD16_eabi.lib : fd_mul_t2.obj (.text)
                  0000da94    000000fc     sysbios.aem4f : BIOS.obj (.text:ti_sysbios_knl_Task_postInit__I)
                  0000db90    000000fc                   : BIOS.obj (.text:ti_sysbios_knl_Task_startCore__E)
                  0000dc8c    000000fc     ti.targets.arm.rtsarm.aem4f : Startup.oem4f (.text:xdc_runtime_Startup_startMods__I)
                  0000dd88    000000f8     emac_tivaware.aem4f : EMACSnow.oem4f (.text:EMACSnow_emacStart)
                  0000de80    000000f8     stk.aem4f : pipe.oem4f (.text:PipeRecv)
                  0000df78    000000f4               : lliout.oem4f (.text:LLIGenArpPacket)
                  0000e06c    000000f4     benchmark.obj (.text:bench_arc4)
                  0000e160    000000f4     os.aem4f : task.oem4f (.text:llEnter)
                  0000e254    000000f4     sysbios.aem4f : m3_Hwi_asm.obj (.text:ti_sysbios_family_arm_m3_Hwi_dispatch__I)
                  0000e348    000000ee     stk.aem4f : sock.oem4f (.text:SockClose)
                  0000e436    00000002     hal_userled_stub.aem4f : llled.oem4f (.text:_llUserLedInit)
                  0000e438    000000e8     benchmark.obj (.text:bench_md5)
                  0000e520    000000e0     nettool_ipv4.aem4f : dhcpsock.oem4f (.text:dhcpSocketOpen)
                  0000e600    000000dc     sysbios.aem4f : BIOS.obj (.text:ti_sysbios_knl_Swi_Instance_init__E)
                  0000e6dc    000000d8     stk.aem4f : node.oem4f (.text:NodeAdd)
                  0000e7b4    000000d8               : sb.oem4f (.text:SBWrite)
                  0000e88c    000000d8               : sockpcb.oem4f (.text:SockPcbBind)
                  0000e964    000000d8     nettool_ipv4.aem4f : dhcppkt.oem4f (.text:dhcpPacketProcess)
                  0000ea3c    000000d8                        : dhcpsm.oem4f (.text:dhcpState)
                  0000eb14    000000d5     stk.aem4f : nimu.oem4f (.text:NIMUReceivePacket)
                  0000ebe9    00000001     --HOLE-- [fill = 0]
                  0000ebea    00000002     hal_userled_stub.aem4f : llled.oem4f (.text:_llUserLedShutdown)
                  0000ebec    000000d4     emac_tivaware.aem4f : EMACSnow.oem4f (.text:EMACSnow_handleRx)
                  0000ecc0    000000d4     stk.aem4f : tcpprot.oem4f (.text:TcpPrSetOption)
                  0000ed94    000000d4               : tcptime.oem4f (.text:TcpTimeoutRexmt)
                  0000ee68    000000d4     sysbios.aem4f : BIOS.obj (.text:ti_sysbios_family_arm_lm4_TimestampProvider_get32__E)
                  0000ef3c    000000d4                   : BIOS.obj (.text:ti_sysbios_family_arm_m3_Hwi_postInit__I)
                  0000f010    000000d4     ti.targets.arm.rtsarm.aem4f : Core-smem.oem4f (.text:xdc_runtime_Core_constructObject__I)
                  0000f0e4    000000d0     rtsv7M4_T_le_v4SPD16_eabi.lib : setvbuf.obj (.text)
                  0000f1b4    000000cc     stk.aem4f : rawethsock.oem4f (.text:RawEthSockNew)
                  0000f280    000000cc     nettool_ipv4.aem4f : dhcpbild.oem4f (.text:dhcpBuildHeader)
                  0000f34c    000000cc                        : dhcpsm.oem4f (.text:dhcpIPAdd)
                  0000f418    000000ca                        : dhcppkt.oem4f (.text:dhcpVerifyMessage)
                  0000f4e2    000000c8     ti.net.wolfssl.aem4f : asn.oem4f (.text:RsaPrivateKeyDecode)
                  0000f5aa    00000002     hal_ser_stub.aem4f : llserstb.oem4f (.text:llSerialService)
                  0000f5ac    000000c4     emac_tivaware.aem4f : EMACSnow.oem4f (.text:EMACSnow_InitDMADescriptors)
                  0000f670    000000c4     stk.aem4f : icmp.oem4f (.text:ICMPSendRtAdv)
                  0000f734    000000c4               : igmp.oem4f (.text:IGMPJoinHostGroup)
                  0000f7f8    000000c4     netctrl_min_ipv4.aem4f : netsrv.oem4f (.text:SPIpNet)
                  0000f8bc    000000c4     ti.net.wolfssl.aem4f : tfm.oem4f (.text:s_fp_sub)
                  0000f980    000000c4     sysbios.aem4f : BIOS.obj (.text:ti_sysbios_knl_Task_unblockI__E)
                  0000fa44    000000c0     nettool_ipv4.aem4f : dhcpsm.oem4f (.text:StateBound)
                  0000fb04    000000bc     stk.aem4f : sockpcb.oem4f (.text:SockPcbFind)
                  0000fbc0    000000bc     os.aem4f : task.oem4f (.text:TaskGetEnv)
                  0000fc7c    000000ba     stk.aem4f : icmpin.oem4f (.text:ICMPRevSrcRoute)
                  0000fd36    00000002     benchmarkTest_pem4f.oem4f (.text:ti_ndk_config_Global_NetworkClose)
                  0000fd38    000000b8     os.aem4f : task.oem4f (.text:TaskSetEnv)
                  0000fdf0    000000b8     ti.net.wolfssl.aem4f : tfm.oem4f (.text:s_fp_add)
                  0000fea8    000000b4     sysbios.aem4f : BIOS.obj (.text:ti_sysbios_family_arm_lm4_Timer_enableTiva__I)
                  0000ff5c    000000b4                   : BIOS.obj (.text:ti_sysbios_gates_GateMutex_enter__E)
                  00010010    000000b4                   : BIOS.obj (.text:ti_sysbios_knl_Swi_post__E)
                  000100c4    000000b4                   : BIOS.obj (.text:ti_sysbios_knl_Task_checkStacks__E)
                  00010178    000000b0     stk.aem4f : rawethsock.oem4f (.text:RawEthSockSet)
                  00010228    000000b0     ti.net.wolfssl.aem4f : sha256.oem4f (.text:Sha256Final)
                  000102d8    000000b0     stk.aem4f : sockint.oem4f (.text:SockCreatePacket)
                  00010388    000000b0               : lli.oem4f (.text:_LLITimeoutCheck)
                  00010438    000000b0     sysbios.aem4f : BIOS.obj (.text:ti_sysbios_family_arm_lm4_Timer_Module_startup__E)
                  000104e8    000000b0                   : BIOS.obj (.text:ti_sysbios_family_arm_lm4_Timer_enableTimers__I)
                  00010598    000000b0                   : BIOS.obj (.text:ti_sysbios_family_arm_m3_Hwi_excHardFault__I)
                  00010648    000000ae     ti.net.wolfssl.aem4f : tfm.oem4f (.text:fp_div_2d)
                  000106f6    00000002     benchmarkTest_pem4f.oem4f (.text:ti_ndk_config_Global_NetworkOpen)
                  000106f8    000000ac     stk.aem4f : rtable.oem4f (.text:RtTimeoutCheck)
                  000107a4    000000aa     ti.net.wolfssl.aem4f : sha.oem4f (.text:ShaFinal)
                  0001084e    00000002     benchmarkTest_pem4f.oem4f (.text:ti_ndk_config_global_taskCreateHook)
                  00010850    000000a8     stk.aem4f : tcptime.oem4f (.text:TcpTimeoutKeep)
                  000108f8    000000a8     sysbios.aem4f : BIOS.obj (.text:ti_sysbios_knl_Task_blockI__E)
                  000109a0    000000a4     stk.aem4f : vlan.oem4f (.text:VLANDeinit)
                  00010a44    000000a4     rtsv7M4_T_le_v4SPD16_eabi.lib : _io_perm.obj (.text)
                  00010ae8    000000a4     benchmarkTest.obj (.text:runBenchmarks)
                  00010b8c    000000a4     sysbios.aem4f : BIOS.obj (.text:ti_sysbios_family_arm_m3_Hwi_excDebugMon__I)
                  00010c30    000000a0     auto_init.aem4f : auto_init.oem4f (.text)
                  00010cd0    000000a0     sysbios.aem4f : BIOS.obj (.text:ti_sysbios_family_arm_m3_Hwi_Instance_init__E)
                  00010d70    0000009c     stk.aem4f : exec.oem4f (.text:ExecOpen)
                  00010e0c    0000009c     netctrl_min_ipv4.aem4f : netsrv.oem4f (.text:ServiceScan)
                  00010ea8    0000009c     rtsv7M4_T_le_v4SPD16_eabi.lib : memcpy_t2.obj (.text)
                  00010f44    0000009c     sysbios.aem4f : BIOS.obj (.text:ti_sysbios_family_arm_lm4_Timer_setNextTick__E)
                  00010fe0    0000009c                   : BIOS.obj (.text:ti_sysbios_knl_Semaphore_Instance_init__E)
                  0001107c    00000099     stk.aem4f : nimu.oem4f (.text:NIMUAddEthernetHeader)
                  00011115    00000001     --HOLE-- [fill = 0]
                  00011116    00000002     benchmarkTest_pem4f.oem4f (.text:ti_ndk_config_global_taskExitHook)
                  00011118    00000098     stk.aem4f : ip.oem4f (.text:IPGetRoute)
                  000111b0    00000098     netctrl_min_ipv4.aem4f : netctrl.oem4f (.text:NC_SystemOpen)
                  00011248    00000098     sysbios.aem4f : BIOS.obj (.text:ti_sysbios_knl_Clock_startI__E)
                  000112e0    00000094     nettool_ipv4.aem4f : config.oem4f (.text:CfgExecute)
                  00011374    00000094                        : config.oem4f (.text:CfgRemoveEntry)
                  00011408    00000094     Boot.aem4f : Boot.oem4f (.text:ti_catalog_arm_cortexm4_tiva_ce_Boot_sysCtlClockFreqSet__E)
                  0001149c    00000094     ti.targets.arm.rtsarm.aem4f : Text.oem4f (.text:xdc_runtime_Text_putMod__E)
                  00011530    00000092                                 : Text.oem4f (.text:xdc_runtime_Text_putSite__E)
                  000115c2    00000002     benchmarkTest_pem4f.oem4f (.text:ti_sysbios_BIOS_nullFunc__I)
                  000115c4    00000090     stk.aem4f : igmp.oem4f (.text:IGMPMsg)
                  00011654    00000090               : sockpcb.oem4f (.text:SockPcbCtlError)
                  000116e4    00000090     os.aem4f : mem.oem4f (.text:_mmInit)
                  00011774    00000090     nettool_ipv4.aem4f : dhcpbild.oem4f (.text:dhcpBuildRequest)
                  00011804    0000008e     ti.net.wolfssl.aem4f : tfm.oem4f (.text:fp_mul_2d)
                  00011892    0000008c                         : des3.oem4f (.text:FPERM)
                  0001191e    0000008c                         : des3.oem4f (.text:IPERM)
                  000119aa    0000008c                         : md5.oem4f (.text:Md5Final)
                  00011a36    00000002     sysbios.aem4f : BIOS.obj (.text:ti_sysbios_gates_GateHwi_Instance_init__E)
                  00011a38    0000008c     os.aem4f : mem.oem4f (.text:mmBulkAlloc)
                  00011ac4    0000008c              : mem.oem4f (.text:mmInitPage)
                  00011b50    0000008c     rtsv7M4_T_le_v4SPD16_eabi.lib : fputc.obj (.text)
                  00011bdc    0000008c     sysbios.aem4f : m3_TaskSupport_asm.obj (.text:ti_sysbios_family_arm_m3_TaskSupport_buildTaskStack)
                  00011c68    0000008a     netctrl_min_ipv4.aem4f : netsrv.oem4f (.text:SPRoute)
                  00011cf2    0000008a     ti.net.wolfssl.aem4f : tfm.oem4f (.text:fp_div_2)
                  00011d7c    0000008a                         : tfm.oem4f (.text:fp_mod_2d)
                  00011e06    0000008a                         : tfm.oem4f (.text:fp_mul_d)
                  00011e90    00000088                         : rsa.oem4f (.text:RsaPad)
                  00011f18    00000088     sysbios.aem4f : BIOS.obj (.text:ti_sysbios_family_arm_lm4_Timer_disableTiva__I)
                  00011fa0    00000088                   : BIOS.obj (.text:ti_sysbios_family_arm_m3_Hwi_initNVIC__E)
                  00012028    00000086     nettool_ipv4.aem4f : dhcpsm.oem4f (.text:StateRequesting)
                  000120ae    00000086     rtsv7M4_T_le_v4SPD16_eabi.lib : fd_cmp_t2.obj (.text:__aeabi_cdcmple)
                  00012134    00000086                                   : fd_cmp_t2.obj (.text:__aeabi_cdrcmple)
                  000121ba    00000002     benchmarkTest_pem4f.oem4f (.text:xdc_runtime_Startup_reset__I)
                  000121bc    00000084     stk.aem4f : tcpprot.oem4f (.text:TcpPrAttach)
                  00012240    00000084     os.aem4f : mem.oem4f (.text:mmBulkFree)
                  000122c4    00000084     sysbios.aem4f : BIOS.obj (.text:ti_sysbios_knl_Task_Module_startup__E)
                  00012348    00000082     stk.aem4f : fileuser.oem4f (.text:fdClose)
                  000123ca    00000002     --HOLE-- [fill = 0]
                  000123cc    00000080     netctrl_min_ipv4.aem4f : netsrv.oem4f (.text:NS_BootTask)
                  0001244c    00000080     stk.aem4f : pbm.oem4f (.text:PBM_alloc)
                  000124cc    00000080               : raw.oem4f (.text:RawOutput)
                  0001254c    00000080     netctrl_min_ipv4.aem4f : netsrv.oem4f (.text:ServiceSpawn)
                  000125cc    00000080     nettool_ipv4.aem4f : dhcpsm.oem4f (.text:StateRenewRebind)
                  0001264c    00000080     os.aem4f : mem.oem4f (.text:mmFree)
                  000126cc    0000007f     benchmarkTest_pem4f.oem4f (.text:ti_ndk_config_Global_NetworkIPAddr)
                  0001274b    00000001     --HOLE-- [fill = 0]
                  0001274c    0000007e     os.aem4f : semaphore.oem4f (.text:SemCreateBinary)
                  000127ca    00000002     --HOLE-- [fill = 0]
                  000127cc    0000007c     nettool_ipv4.aem4f : config.oem4f (.text:CfgGetEntry)
                  00012848    0000007c                        : config.oem4f (.text:CfgGetNextEntry)
                  000128c4    0000007c     emac_tivaware.aem4f : EMACSnow.oem4f (.text:EMACSnow_processPendingTx)
                  00012940    0000007c                         : EMACSnow.oem4f (.text:EMACSnow_processPhyInterrupt)
                  000129bc    0000007c     stk.aem4f : ip.oem4f (.text:IPMsg)
                  00012a38    0000007c               : pbm.oem4f (.text:PBM_free)
                  00012ab4    0000007c     benchmarkTest.obj (.text:msTimer_init)
                  00012b30    0000007a     ti.net.wolfssl.aem4f : asn.oem4f (.text:GetInt)
                  00012baa    00000002     --HOLE-- [fill = 0]
                  00012bac    00000078     driverlib.lib : emac.obj (.text:EMACInit)
                  00012c24    00000078     stk.aem4f : lli.oem4f (.text:LLINew)
                  00012c9c    00000078               : socket.oem4f (.text:NDK_sendto)
                  00012d14    00000078               : nimu.oem4f (.text:NIMURegister)
                  00012d8c    00000078     rtsv7M4_T_le_v4SPD16_eabi.lib : memset_t2.obj (.text)
                  00012e04    00000077     stk.aem4f : fileuser.oem4f (.text:fdOpenSession)
                  00012e7b    00000001     --HOLE-- [fill = 0]
                  00012e7c    00000076               : igmp.oem4f (.text:IGMPDoMCast)
                  00012ef2    00000076               : socket.oem4f (.text:NDK_setsockopt)
                  00012f68    00000074     ti.net.wolfssl.aem4f : des3.oem4f (.text:Des3ProcessBlock)
                  00012fdc    00000074     stk.aem4f : socket.oem4f (.text:NDK_recv)
                  00013050    00000074               : raweth.oem4f (.text:RawEthRxPacket)
                  000130c4    00000074               : sockpcb.oem4f (.text:SockPcbConnect)
                  00013138    00000074               : tcptime.oem4f (.text:TcpXmitTimer)
                  000131ac    00000074     nettool_ipv4.aem4f : dhcptags.oem4f (.text:dhcpDecodeType)
                  00013220    00000072     stk.aem4f : igmp.oem4f (.text:IGMPJoin)
                  00013292    00000002     --HOLE-- [fill = 0]
                  00013294    00000072               : rtable.oem4f (.text:RtWalkNext)
                  00013306    00000002     --HOLE-- [fill = 0]
                  00013308    00000070     emac_tivaware.aem4f : EMACSnow.oem4f (.text:EMACSnow_hwiIntFxn)
                  00013378    00000070     stk.aem4f : igmp.oem4f (.text:IGMPLeaveHostGroup)
                  000133e8    00000070               : rtable.oem4f (.text:RtFlush)
                  00013458    00000070               : sock.oem4f (.text:SockShutdown)
                  000134c8    00000070     ti.net.wolfssl.aem4f : tfm.oem4f (.text:fp_exptmod)
                  00013538    00000070     os.aem4f : task.oem4f (.text:llExit)
                  000135a8    00000070     sysbios.aem4f : BIOS.obj (.text:ti_sysbios_family_arm_lm4_Timer_initDevice__I)
                  00013618    0000006e     stk.aem4f : socket.oem4f (.text:NDK_socket)
                  00013686    0000006e     ti.net.wolfssl.aem4f : sha256.oem4f (.text:Sha256Update)
                  000136f4    0000006e                         : tfm.oem4f (.text:fp_rshd)
                  00013762    00000002     --HOLE-- [fill = 0]
                  00013764    0000006c     os.aem4f : ossys.oem4f (.text:DbgPrintf)
                  000137d0    0000006c     emac_tivaware.aem4f : EMACSnow.oem4f (.text:EMACSnow_emacStop)
                  0001383c    0000006c     stk.aem4f : nimu.oem4f (.text:NIMUShutdown)
                  000138a8    0000006c               : node.oem4f (.text:NodeTreeNew)
                  00013914    0000006c               : rtable.oem4f (.text:_RtNodeInsert)
                  00013980    0000006c     benchmarkTest_pem4f.oem4f (.text:ti_ndk_config_ip_init)
                  000139ec    0000006c     benchmarkTest_pem4f.oem4f (.text:ti_sysbios_family_arm_lm4_Timer_Object__create__S)
                  00013a58    0000006c     benchmarkTest_pem4f.oem4f (.text:ti_sysbios_family_arm_m3_Hwi_Object__create__S)
                  00013ac4    0000006c     sysbios.aem4f : BIOS.obj (.text:ti_sysbios_knl_Clock_start__E)
                  00013b30    0000006c     ti.targets.arm.rtsarm.aem4f : Error.oem4f (.text:xdc_runtime_Error_print__E)
                  00013b9c    0000006c                                 : Memory.oem4f (.text:xdc_runtime_Memory_alloc__E)
                  00013c08    0000006a     stk.aem4f : tcpprot.oem4f (.text:TcpPrInherit)
                  00013c72    0000006a     ti.net.wolfssl.aem4f : tfm.oem4f (.text:fp_lshd)
                  00013cdc    0000006a                         : tfm.oem4f (.text:fp_mul_2)
                  00013d46    00000002     --HOLE-- [fill = 0]
                  00013d48    00000069     stk.aem4f : node.oem4f (.text:NodeNew)
                  00013db1    00000003     --HOLE-- [fill = 0]
                  00013db4    00000068     nettool_ipv4.aem4f : config.oem4f (.text:CfgFree)
                  00013e1c    00000068     stk.aem4f : pbm.oem4f (.text:PBM_open)
                  00013e84    00000068     ti.net.wolfssl.aem4f : rsa.oem4f (.text:RsaPrivateDecrypt)
                  00013eec    00000068     netctrl_min_ipv4.aem4f : netsrv.oem4f (.text:SPConfig)
                  00013f54    00000068     ti.net.wolfssl.aem4f : sha.oem4f (.text:ShaUpdate)
                  00013fbc    00000068     stk.aem4f : sockpcb.oem4f (.text:SockPcbFindRaw)
                  00014024    00000068               : udp.oem4f (.text:UdpChecksum)
                  0001408c    00000068     ti.net.wolfssl.aem4f : tfm.oem4f (.text:fp_montgomery_calc_normalization)
                  000140f4    00000068     benchmarkTest_pem4f.oem4f (.text:ti_sysbios_knl_Task_Object__create__S)
                  0001415c    00000066     ti.targets.arm.rtsarm.aem4f : Core-mem.oem4f (.text:xdc_runtime_Core_deleteObject__I)
                  000141c2    00000002     --HOLE-- [fill = 0]
                  000141c4    00000065     stk.aem4f : tcptime.oem4f (.text:TcpTimeoutSackRexmt)
                  00014229    00000001     --HOLE-- [fill = 0]
                  0001422a    00000064               : file.oem4f (.text:FdWaitEvent)
                  0001428e    00000002     --HOLE-- [fill = 0]
                  00014290    00000064               : pbm.oem4f (.text:PBMQ_enq)
                  000142f4    00000064     ti.net.wolfssl.aem4f : rsa.oem4f (.text:RsaPublicEncrypt)
                  00014358    00000064     os.aem4f : semaphore.oem4f (.text:SemCreate)
                  000143bc    00000064     ti.net.wolfssl.aem4f : tfm.oem4f (.text:fp_read_unsigned_bin)
                  00014420    00000064     hal_timer_bios.aem4f : lltimer.oem4f (.text:llTimerTick)
                  00014484    00000064     sysbios.aem4f : BIOS.obj (.text:ti_sysbios_family_arm_lm4_Timer_isrStub__E)
                  000144e8    00000064     benchmarkTest_pem4f.oem4f (.text:ti_sysbios_family_arm_m3_Hwi_create)
                  0001454c    00000064     benchmarkTest_pem4f.oem4f (.text:ti_sysbios_hal_Hwi_create)
                  000145b0    00000064     benchmarkTest_pem4f.oem4f (.text:ti_sysbios_hal_Timer_create)
                  00014614    00000062     stk.aem4f : ipin.oem4f (.text:IPRouteIP)
                  00014676    00000062     ti.net.wolfssl.aem4f : rsa.oem4f (.text:RsaUnPad)
                  000146d8    00000062     stk.aem4f : sb.oem4f (.text:SBNew)
                  0001473a    00000002     --HOLE-- [fill = 0]
                  0001473c    00000060     nettool_ipv4.aem4f : config.oem4f (.text:CfgGetEntryCnt)
                  0001479c    00000060     stk.aem4f : nimu.oem4f (.text:NIMUUnregister)
                  000147fc    00000060               : node.oem4f (.text:NodeFind)
                  0001485c    00000060               : rtc.oem4f (.text:RTCMsg)
                  000148bc    00000060     nettool_ipv4.aem4f : dhcptags.oem4f (.text:dhcpBuildOptions)
                  0001491c    00000060     rtsv7M4_T_le_v4SPD16_eabi.lib : trgmsg.obj (.text)
                  0001497c    00000060     benchmarkTest_pem4f.oem4f (.text:ti_ndk_config_Global_serviceReport)
                  000149dc    00000060     sysbios.aem4f : BIOS.obj (.text:ti_sysbios_knl_Clock_logTick__E)
                  00014a3c    00000060                   : BIOS.obj (.text:ti_sysbios_knl_Swi_schedule__I)
                  00014a9c    00000060     ti.targets.arm.rtsarm.aem4f : System.oem4f (.text:xdc_runtime_System_formatNum__I)
                  00014afc    0000005e     stk.aem4f : route.oem4f (.text:RtRemove)
                  00014b5a    0000005e     nettool_ipv4.aem4f : dhcpsm.oem4f (.text:StateSelecting)
                  00014bb8    0000005e     rtsv7M4_T_le_v4SPD16_eabi.lib : copy_decompress_rle.obj (.text)
                  00014c16    00000002     --HOLE-- [fill = 0]
                  00014c18    0000005c     nettool_ipv4.aem4f : config.oem4f (.text:CfgSetExecuteOrder)
                  00014c74    0000005c     stk.aem4f : nimu.oem4f (.text:NIMUIoctlSpecialCmd)
                  00014cd0    0000005c               : route.oem4f (.text:RtRedirect)
                  00014d2c    0000005c               : sockint.oem4f (.text:SockSpawnAbort)
                  00014d88    0000005c               : tcp.oem4f (.text:TcpChecksum)
                  00014de4    0000005c               : vlan.oem4f (.text:VLANReceivePacket)
                  00014e40    0000005c     benchmarkTest.obj (.text:main)
                  00014e9c    0000005c     sysbios.aem4f : BIOS.obj (.text:ti_sysbios_family_arm_lm4_Timer_Instance_finalize__E)
                  00014ef8    0000005c     benchmarkTest_pem4f.oem4f (.text:ti_sysbios_knl_Swi_create)
                  00014f54    0000005c     benchmarkTest_pem4f.oem4f (.text:ti_sysbios_knl_Task_create)
                  00014fb0    0000005c     stk.aem4f : lliin.oem4f (.text:updateRtTable)
                  0001500c    0000005b     ti.targets.arm.rtsarm.aem4f : Text.oem4f (.text:xdc_runtime_Text_putLab__E)
                  00015067    00000001     --HOLE-- [fill = 0]
                  00015068    0000005a     stk.aem4f : tcpprot.oem4f (.text:TcpValidateMetrics)
                  000150c2    0000005a     nettool_ipv4.aem4f : dhcpbild.oem4f (.text:dhcpBuildDecline)
                  0001511c    0000005a     rtsv7M4_T_le_v4SPD16_eabi.lib : ltoa.obj (.text)
                  00015176    0000005a     benchmarkTest_pem4f.oem4f (.text:ti_ndk_config_tcp_init)
                  000151d0    00000058     stk.aem4f : bind.oem4f (.text:BindFree)
                  00015228    00000058     boot.aem4f : boot.oem4f (.text)
                  00015280    00000058     driverlib.lib : emac.obj (.text:EMACPHYConfigSet)
                  000152d8    00000058     stk.aem4f : igmp.oem4f (.text:IGMPTimer)
                  00015330    00000058     ti.net.wolfssl.aem4f : sha256.oem4f (.text:InitSha256)
                  00015388    00000058                         : md5.oem4f (.text:Md5Update)
                  000153e0    00000058     netctrl_min_ipv4.aem4f : netsrv.oem4f (.text:SPService)
                  00015438    00000058     ti.net.wolfssl.aem4f : tfm.oem4f (.text:fp_mod)
                  00015490    00000058     sysbios.aem4f : m3_Hwi_asm_switch.obj (.text:ti_sysbios_family_arm_m3_Hwi_initStacks__E)
                  000154e8    00000058                   : BIOS.obj (.text:ti_sysbios_knl_Swi_restoreHwi__E)
                  00015540    00000054     ti.net.wolfssl.aem4f : arc4.oem4f (.text:Arc4SetKey)
                  00015594    00000054     nettool_ipv4.aem4f : config.oem4f (.text:CfgEntryDeRef)
                  000155e8    00000054     ti.net.wolfssl.aem4f : des3.oem4f (.text:Des3_SetKey)
                  0001563c    00000054     stk.aem4f : igmp.oem4f (.text:IGMPLeave)
                  00015690    00000054               : rawethsock_pcb.oem4f (.text:RawEthSockPcbAttach)
                  000156e4    00000054     os.aem4f : mem.oem4f (.text:mmCopy)
                  00015738    00000054     sysbios.aem4f : BIOS.obj (.text:ti_sysbios_family_arm_m3_Hwi_Instance_finalize__E)
                  0001578c    00000054                   : BIOS.obj (.text:ti_sysbios_family_arm_m3_Hwi_Module_startup__E)
                  000157e0    00000054                   : BIOS.obj (.text:ti_sysbios_knl_Swi_Instance_finalize__E)
                  00015834    00000054     ti.targets.arm.rtsarm.aem4f : Startup.oem4f (.text:xdc_runtime_Startup_exec__E)
                  00015888    00000054                                 : Text.oem4f (.text:xdc_runtime_Text_visitRope2__I)
                  000158dc    00000050     stk.aem4f : socket.oem4f (.text:NDK_bind)
                  0001592c    00000050               : route.oem4f (.text:RtNew)
                  0001597c    00000050     driverlib.lib : sysctl.obj (.text:SysCtlPeripheralReset)
                  000159cc    00000050     stk.aem4f : tcpprot.oem4f (.text:TcpPrDetach)
                  00015a1c    00000050     Boot.aem4f : Boot_sysctl.oem4f (.text:_SysCtlFrequencyGet)
                  00015a6c    00000050     sysbios.aem4f : BIOS.obj (.text:ti_sysbios_knl_Task_deleteTerminatedTasksFunc__I)
                  00015abc    0000004e     stk.aem4f : node.oem4f (.text:NodeDeRef)
                  00015b0a    00000002     --HOLE-- [fill = 0]
                  00015b0c    0000004c     nettool_ipv4.aem4f : ipaddr.oem4f (.text:NtAddNetwork)
                  00015b58    0000004c     stk.aem4f : sockint.oem4f (.text:SockValidateRoute)
                  00015ba4    0000004c     rtsv7M4_T_le_v4SPD16_eabi.lib : fflush.obj (.text)
                  00015bf0    0000004c     sysbios.aem4f : BIOS.obj (.text:ti_sysbios_knl_Swi_runLoop__I)
                  00015c3c    0000004c                   : BIOS.obj (.text:ti_sysbios_knl_Task_allBlockedFunction__I)
                  00015c88    0000004a     stk.aem4f : sock.oem4f (.text:SockDisconnect)
                  00015cd2    0000004a     nettool_ipv4.aem4f : config.oem4f (.text:_CfgEntryScan)
                  00015d1c    0000004a     ti.net.wolfssl.aem4f : tfm.oem4f (.text:fp_sub)
                  00015d66    0000004a                         : tfm.oem4f (.text:fp_to_unsigned_bin)
                  00015db0    00000048     nettool_ipv4.aem4f : config.oem4f (.text:CfgNew)
                  00015df8    00000048     emac_tivaware.aem4f : EMACSnow.oem4f (.text:EMACSnow_processTransmitted)
                  00015e40    00000048     stk.aem4f : lli.oem4f (.text:LLIMsg)
                  00015e88    00000048               : node.oem4f (.text:NodeWalk)
                  00015ed0    00000048               : sockpcb.oem4f (.text:SockPcbResolveChain)
                  00015f18    00000048               : tcpprot.oem4f (.text:TcpDrop)
                  00015f60    00000048               : tcptime.oem4f (.text:TcpTimeoutPersist)
                  00015fa8    00000048               : lli.oem4f (.text:_LLIExpListInsert)
                  00015ff0    00000048               : rtable.oem4f (.text:_RtExpListInsert)
                  00016038    00000048               : file.oem4f (.text:fdint_lockfd)
                  00016080    00000048     rtsv7M4_T_le_v4SPD16_eabi.lib : fd_toi_t2.obj (.text)
                  000160c8    00000048                                   : printf.obj (.text)
                  00016110    00000048     sysbios.aem4f : BIOS.obj (.text:ti_sysbios_family_arm_m3_Hwi_excReserved__I)
                  00016158    00000048                   : BIOS.obj (.text:ti_sysbios_heaps_HeapMem_getStats__E)
                  000161a0    00000048     ti.targets.arm.rtsarm.aem4f : Assert.oem4f (.text:xdc_runtime_Assert_raise__I)
                  000161e8    00000048                                 : Error.oem4f (.text:xdc_runtime_Error_setX__E)
                  00016230    00000046     nettool_ipv4.aem4f : ipaddr.oem4f (.text:NtIfIdx2Ip)
                  00016276    00000002     --HOLE-- [fill = 0]
                  00016278    00000046     stk.aem4f : timer.oem4f (.text:TimerNew)
                  000162be    00000046     ti.net.wolfssl.aem4f : tfm.oem4f (.text:fp_add)
                  00016304    00000046     ti.targets.arm.rtsarm.aem4f : Core-params.oem4f (.text:xdc_runtime_Core_assignParams__I)
                  0001634a    00000044     ti.net.wolfssl.aem4f : random.oem4f (.text:GenerateSeed)
                  0001638e    00000044                         : asn.oem4f (.text:GetLength)
                  000163d2    00000002     --HOLE-- [fill = 0]
                  000163d4    00000044     stk.aem4f : ipfrag.oem4f (.text:IPReasmFree)
                  00016418    00000044               : lli.oem4f (.text:LLIGetValidTime)
                  0001645c    00000044               : rawethsock_pcb.oem4f (.text:RawEthSockPcbDetach)
                  000164a0    00000044               : rtable.oem4f (.text:RouteMsg)
                  000164e4    00000044               : rtable.oem4f (.text:RtWalkEnd)
                  00016528    00000044               : timer.oem4f (.text:TimerListInsert)
                  0001656c    00000044     ti.net.wolfssl.aem4f : tfm.oem4f (.text:fp_cmp_mag)
                  000165b0    00000044     hal_timer_bios.aem4f : lltimer.oem4f (.text:llTimerGetTime)
                  000165f4    00000044     rtsv7M4_T_le_v4SPD16_eabi.lib : cpy_tbl.obj (.text)
                  00016638    00000044                                   : exit.obj (.text)
                  0001667c    00000044                                   : rand.obj (.text)
                  000166c0    00000044     sysbios.aem4f : BIOS.obj (.text:ti_sysbios_family_arm_m3_Hwi_disableInterrupt__E)
                  00016704    00000044                   : BIOS.obj (.text:ti_sysbios_family_arm_m3_Hwi_enableInterrupt__E)
                  00016748    00000044     ti.targets.arm.rtsarm.aem4f : SysMin.oem4f (.text:xdc_runtime_SysMin_flush__E)
                  0001678c    00000042     ti.net.wolfssl.aem4f : des3.oem4f (.text:Des3_CbcEncrypt)
                  000167ce    00000042     netctrl_min_ipv4.aem4f : netsrv.oem4f (.text:ServiceKill)
                  00016810    00000042     os.aem4f : task.oem4f (.text:TaskCreate)
                  00016852    00000042     stk.aem4f : fileuser.oem4f (.text:fdCloseSession)
                  00016894    00000042     rtsv7M4_T_le_v4SPD16_eabi.lib : u_divt2.obj (.text)
                  000168d6    00000040     stk.aem4f : pbm.oem4f (.text:PBM_copy)
                  00016916    00000002     --HOLE-- [fill = 0]
                  00016918    00000040               : sockpcb.oem4f (.text:SockPcbDetach)
                  00016958    00000040               : sockpcb.oem4f (.text:SockPcbRtChange)
                  00016998    00000040               : tcpprot.oem4f (.text:TcpPrDisconnect)
                  000169d8    00000040               : tcpprot.oem4f (.text:TcpPrSendOOB)
                  00016a18    00000040     os.aem4f : mem.oem4f (.text:mmZeroInit)
                  00016a58    00000040     sysbios.aem4f : BIOS.obj (.text:ti_sysbios_family_arm_lm4_Timer_getCurrentTick__E)
                  00016a98    00000040                   : BIOS.obj (.text:ti_sysbios_family_arm_lm4_Timer_startup__E)
                  00016ad8    00000040                   : BIOS.obj (.text:ti_sysbios_knl_Swi_enable__E)
                  00016b18    00000040                   : BIOS.obj (.text:ti_sysbios_knl_Swi_startup__E)
                  00016b58    00000040                   : BIOS.obj (.text:ti_sysbios_knl_Task_processVitalTaskFlag__I)
                  00016b98    0000003e     ti.net.wolfssl.aem4f : aes.oem4f (.text:AesCbcEncrypt)
                  00016bd6    0000003e     nettool_ipv4.aem4f : dhcpmain.oem4f (.text:DHCPClose)
                  00016c14    0000003e     stk.aem4f : nimu.oem4f (.text:NIMUAllocateName)
                  00016c52    0000003e               : tcpprot.oem4f (.text:TcpPrCtlError)
                  00016c90    0000003e               : file.oem4f (.text:fdint_unlockfd)
                  00016cce    0000003c     ti.net.wolfssl.aem4f : arc4.oem4f (.text:Arc4Process)
                  00016d0a    0000003c     nettool_ipv4.aem4f : config.oem4f (.text:CfgEntryGetData)
                  00016d46    0000003c     driverlib.lib : emac.obj (.text:EMACIntDisable)
                  00016d82    00000002     --HOLE-- [fill = 0]
                  00016d84    0000003c     stk.aem4f : lliin.oem4f (.text:LLIValidateRoute)
                  00016dc0    0000003c               : node.oem4f (.text:NodeUpdatePL)
                  00016dfc    0000003c               : rtable.oem4f (.text:RtWalkBegin)
                  00016e38    0000003c               : rtc.oem4f (.text:_RTCSendRtAdv)
                  00016e74    0000003c     ti.net.wolfssl.aem4f : tfm.oem4f (.text:fp_rshb)
                  00016eb0    0000003c     sysbios.aem4f : BIOS.obj (.text:ti_sysbios_family_arm_m3_Hwi_excSvCall__I)
                  00016eec    0000003c                   : BIOS.obj (.text:ti_sysbios_family_arm_m3_TaskSupport_start__E)
                  00016f28    0000003c                   : BIOS.obj (.text:ti_sysbios_heaps_HeapMem_init__I)
                  00016f64    0000003c     benchmarkTest_pem4f.oem4f (.text:ti_sysbios_knl_Clock_create)
                  00016fa0    0000003c     ti.targets.arm.rtsarm.aem4f : Text.oem4f (.text:xdc_runtime_Text_xprintf__I)
                  00016fdc    0000003a     driverlib.lib : emac.obj (.text:EMACIntEnable)
                  00017016    0000003a     stk.aem4f : icmp.oem4f (.text:ICMPChecksum)
                  00017050    0000003a               : rtable.oem4f (.text:_RtNodeRemove)
                  0001708a    00000002     --HOLE-- [fill = 0]
                  0001708c    00000038     driverlib.lib : emac.obj (.text:EMACConfigGet)
                  000170c4    00000038     stk.aem4f : ipfrag.oem4f (.text:IPReasmTimeout)
                  000170fc    00000038     ti.net.wolfssl.aem4f : sha.oem4f (.text:InitSha)
                  00017134    00000038     stk.aem4f : node.oem4f (.text:NodeGetRt)
                  0001716c    00000038     driverlib.lib : sysctl.obj (.text:SysCtlPeripheralReady)
                  000171a4    00000038     stk.aem4f : tcpprot.oem4f (.text:TcpClose)
                  000171dc    00000038               : tcpprot.oem4f (.text:TcpPrConnect)
                  00017214    00000038               : tcptime.oem4f (.text:TcpSetPersist)
                  0001724c    00000038     hal_timer_bios.aem4f : lltimer.oem4f (.text:_llTimerInit)
                  00017284    00000038     nettool_ipv4.aem4f : dhcpbild.oem4f (.text:dhcpBuildDiscover)
                  000172bc    00000038                        : dhcptags.oem4f (.text:dhcpOptionsClear)
                  000172f4    00000038     stk.aem4f : file.oem4f (.text:fdint_waitevent)
                  0001732c    00000038     ti.net.wolfssl.aem4f : tfm.oem4f (.text:fp_mulmod)
                  00017364    00000038     sysbios.aem4f : BIOS.obj (.text:ti_sysbios_family_arm_m3_Hwi_excNoIsr__I)
                  0001739c    00000038                   : BIOS.obj (.text:ti_sysbios_family_arm_m3_Hwi_getStackInfo__E)
                  000173d4    00000038                   : BIOS.obj (.text:ti_sysbios_knl_Clock_getTicks__E)
                  0001740c    00000038     benchmarkTest_pem4f.oem4f (.text:ti_sysbios_knl_Semaphore_Object__create__S)
                  00017444    00000038     sysbios.aem4f : BIOS.obj (.text:ti_sysbios_knl_Semaphore_pendTimeout__I)
                  0001747c    00000038     ti.targets.arm.rtsarm.aem4f : System.oem4f (.text:xdc_runtime_System_atexit__E)
                  000174b4    00000036     ti.net.wolfssl.aem4f : asn.oem4f (.text:GetSequence)
                  000174ea    00000036                         : tfm.oem4f (.text:fp_cmp)
                  00017520    00000034     nettool_ipv4.aem4f : config.oem4f (.text:CfgSetService)
                  00017554    00000034     driverlib.lib : emac.obj (.text:EMACConfigSet)
                  00017588    00000034                   : emac.obj (.text:EMACIntClear)
                  000175bc    00000034     stk.aem4f : nimu.oem4f (.text:NIMUFindByName)
                  000175f0    00000034               : nimu.oem4f (.text:NIMUInit)
                  00017624    00000034     driverlib.lib : sysctl.obj (.text:SysCtlPeripheralEnable)
                  00017658    00000034     stk.aem4f : tcpprot.oem4f (.text:TcpPrSend)
                  0001768c    00000034               : timer.oem4f (.text:TimerHSTick)
                  000176c0    00000034     ti.net.wolfssl.aem4f : tfm.oem4f (.text:fp_2expt)
                  000176f4    00000034                         : tfm.oem4f (.text:fp_montgomery_setup)
                  00017728    00000034     sysbios.aem4f : BIOS.obj (.text:ti_sysbios_family_arm_m3_Hwi_excNmi__I)
                  0001775c    00000034                   : BIOS.obj (.text:ti_sysbios_hal_Hwi_checkStack)
                  00017790    00000034                   : BIOS.obj (.text:ti_sysbios_knl_Task_restore__E)
                  000177c4    00000034     ti.targets.arm.rtsarm.aem4f : Core-label.oem4f (.text:xdc_runtime_Core_assignLabel__I)
                  000177f8    00000034                                 : SysMin.oem4f (.text:xdc_runtime_SysMin_putch__E)
                  0001782c    00000033                                 : Text.oem4f (.text:xdc_runtime_Text_printVisFxn__I)
                  0001785f    00000001     --HOLE-- [fill = 0]
                  00017860    00000032     nettool_ipv4.aem4f : config.oem4f (.text:CfgGetImmediate)
                  00017892    00000032     stk.aem4f : route.oem4f (.text:RtDeRef)
                  000178c4    00000032               : sb.oem4f (.text:SBSetMax)
                  000178f6    00000032               : sock.oem4f (.text:SockIntAbort)
                  00017928    00000032     nettool_ipv4.aem4f : config.oem4f (.text:_CfgAcquire)
                  0001795a    00000030     driverlib.lib : emac.obj (.text:EMACAddrSet)
                  0001798a    00000002     --HOLE-- [fill = 0]
                  0001798c    00000030     emac_tivaware.aem4f : EMACSnow.oem4f (.text:EMACSnow_handlePackets)
                  000179bc    00000030     stk.aem4f : ip.oem4f (.text:IPChecksum)
                  000179ec    00000030     netctrl_min_ipv4.aem4f : netsrv.oem4f (.text:NS_PreBoot)
                  00017a1c    00000030     stk.aem4f : sb.oem4f (.text:SBFlush)
                  00017a4c    00000030               : sock.oem4f (.text:SockBind)
                  00017a7c    00000030               : sockpcb.oem4f (.text:SockCleanPcb)
                  00017aac    00000030               : sockprot.oem4f (.text:SockPrCtlError)
                  00017adc    00000030     nettool_ipv4.aem4f : dhcpsm.oem4f (.text:dhcpIPRemove)
                  00017b0c    00000030                        : dhcpsock.oem4f (.text:dhcpPacketSend)
                  00017b3c    00000030     ti.net.wolfssl.aem4f : tfm.oem4f (.text:fp_cmp_d)
                  00017b6c    00000030     stk.aem4f : listlib.oem4f (.text:list_remove_node)
                  00017b9c    00000030     os.aem4f : mem.oem4f (.text:mmUnInitPage)
                  00017bcc    00000030     benchmarkTest_pem4f.oem4f (.text:ti_sysbios_BIOS_atExitFunc__I)
                  00017bfc    00000030     benchmarkTest_pem4f.oem4f (.text:ti_sysbios_gates_GateHwi_Object__create__S)
                  00017c2c    00000030     benchmarkTest_pem4f.oem4f (.text:ti_sysbios_gates_GateMutex_Object__create__S)
                  00017c5c    00000030     benchmarkTest_pem4f.oem4f (.text:ti_sysbios_heaps_HeapMem_Object__create__S)
                  00017c8c    00000030     benchmarkTest_pem4f.oem4f (.text:ti_sysbios_knl_Semaphore_construct)
                  00017cbc    00000030     benchmarkTest.obj (.text:tick$0)
                  00017cec    00000030     ti.targets.arm.rtsarm.aem4f : SysMin.oem4f (.text:xdc_runtime_SysMin_abort__E)
                  00017d1c    00000030                                 : System.oem4f (.text:xdc_runtime_System_processAtExit__E)
                  00017d4c    0000002e     ti.net.wolfssl.aem4f : arc4.oem4f (.text:MakeByte)
                  00017d7a    0000002e     stk.aem4f : rawethsock.oem4f (.text:RawEthSockNotify)
                  00017da8    0000002e               : route.oem4f (.text:RtSetFailure)
                  00017dd6    0000002e               : sb.oem4f (.text:SBFree)
                  00017e04    0000002e     benchmarkTest_pem4f.oem4f (.text:malloc)
                  00017e32    0000002e     rtsv7M4_T_le_v4SPD16_eabi.lib : i_tofd_t2.obj (.text)
                  00017e60    0000002c     driverlib.lib : emac.obj (.text:EMACIntStatus)
                  00017e8c    0000002c     stk.aem4f : file.oem4f (.text:FdSignalEvent)
                  00017eb8    0000002c     ti.net.wolfssl.aem4f : asn.oem4f (.text:GetMyVersion)
                  00017ee4    0000002c                         : md5.oem4f (.text:InitMd5)
                  00017f10    0000002c                         : random.oem4f (.text:InitRng)
                  00017f3c    0000002c     os.aem4f : task.oem4f (.text:NDK_hookCreate)
                  00017f68    0000002c     stk.aem4f : nimu.oem4f (.text:NIMUAllocateIndex)
                  00017f94    0000002c               : pipe.oem4f (.text:PipeClose)
                  00017fc0    0000002c               : sockpcb.oem4f (.text:SockPcbAttach)
                  00017fec    0000002c     Boot.aem4f : Boot_sysctl.oem4f (.text:_SysCtlMemTimingGet)
                  00018018    0000002c     sysbios.aem4f : BIOS.obj (.text:ti_sysbios_hal_Hwi_initStack)
                  00018044    0000002c                   : BIOS.obj (.text:ti_sysbios_knl_Clock_Module_startup__E)
                  00018070    0000002c     benchmarkTest_pem4f.oem4f (.text:ti_sysbios_knl_Clock_doTick__I)
                  0001809c    0000002c     benchmarkTest_pem4f.oem4f (.text:ti_sysbios_knl_Queue_construct)
                  000180c8    0000002c     ti.targets.arm.rtsarm.aem4f : Text.oem4f (.text:xdc_runtime_Text_cordText__E)
                  000180f4    0000002c     ti.net.wolfssl.aem4f : aes.oem4f (.text:xorbuf)
                  00018120    0000002c                         : des3.oem4f (.text:xorbuf)
                  0001814c    0000002a     stk.aem4f : pbm.oem4f (.text:PBMQ_deq)
                  00018176    0000002a     ti.net.wolfssl.aem4f : rsa.oem4f (.text:RsaPrivateDecryptInline)
                  000181a0    0000002a     nettool_ipv4.aem4f : config.oem4f (.text:_CfgRelease)
                  000181ca    0000002a     ti.targets.arm.rtsarm.aem4f : System.oem4f (.text:xdc_runtime_System_putchar__I)
                  000181f4    00000028     stk.aem4f : bind.oem4f (.text:BindFindByNet)
                  0001821c    00000028     emac_tivaware.aem4f : EMACSnow.oem4f (.text:EMACSnow_isLinkUp)
                  00018244    00000028                         : EMACSnow.oem4f (.text:EMACSnow_pkt_service)
                  0001826c    00000028     stk.aem4f : igmp.oem4f (.text:IGMPTestGroup)
                  00018294    00000028     netctrl_min_ipv4.aem4f : netctrl.oem4f (.text:NC_SystemClose)
                  000182bc    00000028     stk.aem4f : nimu.oem4f (.text:NIMUCreatePacket)
                  000182e4    00000028               : nimu.oem4f (.text:NIMUPacketServiceCheck)
                  0001830c    00000028               : tcpin.oem4f (.text:TcpEnterTimeWait)
                  00018334    00000028               : vlan.oem4f (.text:VLANFindSourceInterface)
                  0001835c    00000028               : vlan.oem4f (.text:VLANInit)
                  00018384    00000028               : lli.oem4f (.text:_LLIExpListRemove)
                  000183ac    00000028               : lli.oem4f (.text:_LLITimeoutFlush)
                  000183d4    00000028               : rtable.oem4f (.text:_RtExpListRemove)
                  000183fc    00000028     nettool_ipv4.aem4f : dhcpsock.oem4f (.text:dhcpPacketReceive)
                  00018424    00000028     sysbios.aem4f : BIOS.obj (.text:ti_sysbios_hal_Hwi_Instance_init__E)
                  0001844c    00000028                   : BIOS.obj (.text:ti_sysbios_hal_Timer_Instance_init__E)
                  00018474    00000026     ti.net.wolfssl.aem4f : aes.oem4f (.text:AesSetIV)
                  0001849a    00000026     driverlib.lib : emac.obj (.text:EMACPHYRead)
                  000184c0    00000026                   : emac.obj (.text:EMACPHYWrite)
                  000184e6    00000026     stk.aem4f : rawethsock.oem4f (.text:RawEthSockClose)
                  0001850c    00000026               : route.oem4f (.text:RtSetTimeout)
                  00018532    00000026     netctrl_min_ipv4.aem4f : netsrv.oem4f (.text:ServiceCallback)
                  00018558    00000026     ti.net.wolfssl.aem4f : tfm.oem4f (.text:fp_count_bits)
                  0001857e    00000026                         : tfm.oem4f (.text:fp_reverse)
                  000185a4    00000026     benchmarkTest_pem4f.oem4f (.text:ti_ndk_config_udp_init)
                  000185ca    00000026     sysbios.aem4f : m3_Hwi_asm.obj (.text:ti_sysbios_family_arm_m3_Hwi_pendSV__I)
                  000185f0    00000026     ti.targets.arm.rtsarm.aem4f : System.oem4f (.text:xdc_runtime_System_avprintf__E)
                  00018616    00000024     stk.aem4f : bind.oem4f (.text:BindGetIFByDBCast)
                  0001863a    00000024     ti.net.wolfssl.aem4f : des3.oem4f (.text:Des3_SetIV)
                  0001865e    00000002     --HOLE-- [fill = 0]
                  00018660    00000024     emac_tivaware.aem4f : EMACSnow.oem4f (.text:EMACSnow_emacPoll)
                  00018684    00000024                         : EMACSnow.oem4f (.text:EMACSnow_primeRx)
                  000186a8    00000024     stk.aem4f : exec.oem4f (.text:ExecTimer)
                  000186cc    00000024               : nimu.oem4f (.text:NIMUFindByIndex)
                  000186f0    00000024               : nimu.oem4f (.text:NIMUPacketService)
                  00018714    00000024               : rawethsock_pcb.oem4f (.text:RawEthSockPcbFind)
                  00018738    00000024               : route.oem4f (.text:RtFree)
                  0001875c    00000024               : sockpcb.oem4f (.text:SockPcbCleanup)
                  00018780    00000024               : tcptime.oem4f (.text:TcpTimeoutWait2)
                  000187a4    00000024               : timer.oem4f (.text:TimerListRemove)
                  000187c8    00000024     nettool_ipv4.aem4f : config.oem4f (.text:_CfgEntryProcess)
                  000187ec    00000024     benchmarkTest_pem4f.oem4f (.text:ti_sysbios_BIOS_errorRaiseHook__I)
                  00018810    00000024     benchmarkTest_pem4f.oem4f (.text:ti_sysbios_BIOS_registerRTSLock__I)
                  00018834    00000024     benchmarkTest_pem4f.oem4f (.text:ti_sysbios_BIOS_removeRTSLock__I)
                  00018858    00000024     benchmarkTest_pem4f.oem4f (.text:ti_sysbios_BIOS_startFunc__I)
                  0001887c    00000024     sysbios.aem4f : BIOS.obj (.text:ti_sysbios_family_arm_m3_Hwi_doTaskRestore__I)
                  000188a0    00000024     benchmarkTest_pem4f.oem4f (.text:ti_sysbios_gates_GateMutex_Object__delete__S)
                  000188c4    00000024     benchmarkTest_pem4f.oem4f (.text:ti_sysbios_knl_Semaphore_Object__delete__S)
                  000188e8    00000024     sysbios.aem4f : BIOS.obj (.text:ti_sysbios_knl_Swi_Module_startup__E)
                  0001890c    00000024     ti.targets.arm.rtsarm.aem4f : System.oem4f (.text:xdc_runtime_System_vprintf__E)
                  00018930    00000022     nettool_ipv4.aem4f : config.oem4f (.text:CfgEntryInfo)
                  00018952    00000022                        : config.oem4f (.text:CfgEntryRef)
                  00018974    00000022     ti.net.wolfssl.aem4f : random.oem4f (.text:RNG_GenerateBlock)
                  00018996    00000022     stk.aem4f : vlan.oem4f (.text:VLANFindNode)
                  000189b8    00000022     benchmarkTest_pem4f.oem4f (.text:xdc_runtime_SysMin_output__I)
                  000189da    00000002     --HOLE-- [fill = 0]
                  000189dc    00000020     stk.aem4f : bind.oem4f (.text:BindFindByHost)
                  000189fc    00000020     netctrl_min_ipv4.aem4f : netctrl.oem4f (.text:NC_BootComplete)
                  00018a1c    00000020     stk.aem4f : nimu.oem4f (.text:NIMUGetNumOfObject)
                  00018a3c    00000020               : rtc.oem4f (.text:RTCAddHook)
                  00018a5c    00000020               : rtc.oem4f (.text:RTCRemoveHook)
                  00018a7c    00000020     ti.net.wolfssl.aem4f : tfm.oem4f (.text:fp_set)
                  00018a9c    00000020     benchmarkTest_pem4f.oem4f (.text:ti_sysbios_family_arm_lm4_Timer_Object__delete__S)
                  00018abc    00000020     benchmarkTest_pem4f.oem4f (.text:ti_sysbios_family_arm_m3_Hwi_Object__delete__S)
                  00018adc    00000020     sysbios.aem4f : m3_Hwi_asm.obj (.text:ti_sysbios_family_arm_m3_Hwi_excHandlerAsm__I)
                  00018afc    00000020                   : BIOS.obj (.text:ti_sysbios_family_arm_m3_Hwi_excHandler__I)
                  00018b1c    00000020     benchmarkTest_pem4f.oem4f (.text:ti_sysbios_gates_GateHwi_Object__delete__S)
                  00018b3c    00000020     benchmarkTest_pem4f.oem4f (.text:ti_sysbios_hal_Hwi_Object__delete__S)
                  00018b5c    00000020     benchmarkTest_pem4f.oem4f (.text:ti_sysbios_heaps_HeapMem_Object__delete__S)
                  00018b7c    00000020     sysbios.aem4f : BIOS.obj (.text:ti_sysbios_knl_Idle_run__E)
                  00018b9c    00000020     benchmarkTest_pem4f.oem4f (.text:ti_sysbios_knl_Semaphore_Object__destruct__S)
                  00018bbc    00000020     benchmarkTest_pem4f.oem4f (.text:ti_sysbios_knl_Swi_Object__delete__S)
                  00018bdc    00000020     benchmarkTest_pem4f.oem4f (.text:ti_sysbios_knl_Task_Object__delete__S)
                  00018bfc    00000020     sysbios.aem4f : BIOS.obj (.text:ti_sysbios_knl_Task_enter__I)
                  00018c1c    00000020                   : BIOS.obj (.text:ti_sysbios_knl_Task_sleepTimeout__I)
                  00018c3c    00000020     ti.targets.arm.rtsarm.aem4f : Registry.oem4f (.text:xdc_runtime_Registry_findById__E)
                  00018c5c    00000020                                 : SysMin.oem4f (.text:xdc_runtime_SysMin_Module_startup__E)
                  00018c7c    0000001e     ti.net.wolfssl.aem4f : aes.oem4f (.text:AesSetKey)
                  00018c9a    0000001e     stk.aem4f : lli.oem4f (.text:LLIFree)
                  00018cb8    0000001e     ti.net.wolfssl.aem4f : tfm.oem4f (.text:fp_unsigned_bin_size)
                  00018cd6    0000001e     stk.aem4f : listlib.oem4f (.text:list_remove)
                  00018cf4    0000001e     sysbios.aem4f : m3_Hwi_asm_switch.obj (.text:ti_sysbios_family_xxx_Hwi_switchAndRunFunc)
                  00018d12    0000001e     benchmarkTest_pem4f.oem4f (.text:ti_sysbios_hal_Hwi_HwiProxy_create)
                  00018d30    0000001e     benchmarkTest_pem4f.oem4f (.text:ti_sysbios_hal_Timer_TimerProxy_create)
                  00018d4e    00000002     --HOLE-- [fill = 0]
                  00018d50    0000001c     stk.aem4f : bind.oem4f (.text:BindFindByIF)
                  00018d6c    0000001c     ti.net.wolfssl.aem4f : aes.oem4f (.text:ByteReverseWords)
                  00018d88    0000001c                         : sha.oem4f (.text:ByteReverseWords)
                  00018da4    0000001c                         : sha256.oem4f (.text:ByteReverseWords)
                  00018dc0    0000001c     emac_tivaware.aem4f : EMACSnow.oem4f (.text:EMACSnow_init)
                  00018ddc    0000001c     stk.aem4f : exec.oem4f (.text:ExecBroadcast)
                  00018df8    0000001c               : exec.oem4f (.text:ExecClose)
                  00018e14    0000001c     os.aem4f : ossys.oem4f (.text:NDK_sprintf)
                  00018e30    0000001c     stk.aem4f : nimu.oem4f (.text:NIMUAddHeader)
                  00018e4c    0000001c               : sockprot.oem4f (.text:SockPrDetach)
                  00018e68    0000001c     os.aem4f : task.oem4f (.text:TaskDestroy)
                  00018e84    0000001c     stk.aem4f : tcp.oem4f (.text:TcpTimeoutRemove)
                  00018ea0    0000001c     benchmarkTest_pem4f.oem4f (.text:ti_sysbios_BIOS_rtsLock__I)
                  00018ebc    0000001c     sysbios.aem4f : BIOS.obj (.text:ti_sysbios_gates_GateMutex_Instance_init__E)
                  00018ed8    0000001c     benchmarkTest_pem4f.oem4f (.text:ti_sysbios_knl_Queue_Object__destruct__S)
                  00018ef4    0000001c     ti.targets.arm.rtsarm.aem4f : Error.oem4f (.text:xdc_runtime_Error_raiseX__E)
                  00018f10    0000001c                                 : Memory.oem4f (.text:xdc_runtime_Memory_valloc__E)
                  00018f2c    0000001c                                 : SysMin.oem4f (.text:xdc_runtime_SysMin_exit__E)
                  00018f48    0000001c                                 : System.oem4f (.text:xdc_runtime_System_abort__E)
                  00018f64    0000001a     stk.aem4f : sockint.oem4f (.text:SockSetOOBMark)
                  00018f7e    0000001a               : file.oem4f (.text:fdint_getfdt)
                  00018f98    0000001a     benchmarkTest_pem4f.oem4f (.text:ti_sysbios_family_arm_m3_Hwi_Handle__label__S)
                  00018fb2    0000001a     benchmarkTest_pem4f.oem4f (.text:ti_sysbios_gates_GateHwi_Handle__label__S)
                  00018fcc    0000001a     benchmarkTest_pem4f.oem4f (.text:ti_sysbios_gates_GateMutex_Handle__label__S)
                  00018fe6    0000001a     benchmarkTest_pem4f.oem4f (.text:ti_sysbios_heaps_HeapMem_Handle__label__S)
                  00019000    0000001a     benchmarkTest_pem4f.oem4f (.text:ti_sysbios_knl_Swi_Handle__label__S)
                  0001901a    0000001a     benchmarkTest_pem4f.oem4f (.text:ti_sysbios_knl_Task_Handle__label__S)
                  00019034    0000001a     benchmarkTest_pem4f.oem4f (.text:xdc_runtime_System_aprintf__E)
                  0001904e    0000001a     benchmarkTest_pem4f.oem4f (.text:xdc_runtime_System_printf__E)
                  00019068    00000018     ti.net.wolfssl.aem4f : memory.oem4f (.text:wolfSSL_Free)
                  00019080    00000018                         : memory.oem4f (.text:wolfSSL_Malloc)
                  00019098    00000018     emac_tivaware.aem4f : EMACSnow.oem4f (.text:EMACSnow_emacSend)
                  000190b0    00000018     stk.aem4f : ip.oem4f (.text:IPRtChange)
                  000190c8    00000018     ti.net.wolfssl.aem4f : rsa.oem4f (.text:InitRsaKey)
                  000190e0    00000018     stk.aem4f : rawethsock_pcb.oem4f (.text:RawEthSockPcbCleanup)
                  000190f8    00000018     nettool_ipv4.aem4f : ipaddr.oem4f (.text:RouteHook)
                  00019110    00000018     stk.aem4f : tcpin.oem4f (.text:SEQ_GEQ)
                  00019128    00000018               : tcpout.oem4f (.text:SEQ_GEQ)
                  00019140    00000018               : tcpin.oem4f (.text:SEQ_GT)
                  00019158    00000018               : tcpout.oem4f (.text:SEQ_GT)
                  00019170    00000018               : tcpin.oem4f (.text:SEQ_LEQ)
                  00019188    00000018               : tcpout.oem4f (.text:SEQ_LEQ)
                  000191a0    00000018               : tcpin.oem4f (.text:SEQ_LT)
                  000191b8    00000018               : tcpout.oem4f (.text:SEQ_LT)
                  000191d0    00000018               : tcp.oem4f (.text:TcpTimeoutAdd)
                  000191e8    00000018     ti.net.wolfssl.aem4f : aes.oem4f (.text:XorWords)
                  00019200    00000018                         : des3.oem4f (.text:XorWords)
                  00019218    00000018     nettool_ipv4.aem4f : dhcpsock.oem4f (.text:dhcpSocketClose)
                  00019230    00000018     benchmarkTest_pem4f.oem4f (.text:free)
                  00019248    00000018     stk.aem4f : listlib.oem4f (.text:list_add)
                  00019260    00000018     rtsv7M4_T_le_v4SPD16_eabi.lib : args_main.obj (.text)
                  00019278    00000018                                   : ll_mul_t2.obj (.text)
                  00019290    00000018                                   : strcmp.obj (.text)
                  000192a8    00000018     benchmarkTest_pem4f.oem4f (.text:ti_sysbios_BIOS_rtsUnlock__I)
                  000192c0    00000018     benchmarkTest_pem4f.oem4f (.text:ti_sysbios_family_arm_lm4_Timer_Module__startupDone__F)
                  000192d8    00000018     benchmarkTest_pem4f.oem4f (.text:ti_sysbios_family_arm_m3_Hwi_Module__startupDone__F)
                  000192f0    00000018     sysbios.aem4f : m3_TaskSupport_asm.obj (.text:ti_sysbios_family_arm_m3_TaskSupport_swap__E)
                  00019308    00000018                   : BIOS.obj (.text:ti_sysbios_gates_GateMutex_leave__E)
                  00019320    00000018                   : BIOS.obj (.text:ti_sysbios_knl_Semaphore_reset__E)
                  00019338    00000018     ti.targets.arm.rtsarm.aem4f : Error.oem4f (.text:xdc_runtime_Error_check__E)
                  00019350    00000018                                 : System.oem4f (.text:xdc_runtime_System_exit__E)
                  00019368    00000018                                 : Text.oem4f (.text:xdc_runtime_Text_ropeText__E)
                  00019380    00000016     stk.aem4f : bind.oem4f (.text:BindGetIP)
                  00019396    00000016     ti.net.wolfssl.aem4f : aes.oem4f (.text:ByteReverseWord32)
                  000193ac    00000016                         : des3.oem4f (.text:ByteReverseWord32)
                  000193c2    00000016                         : sha.oem4f (.text:ByteReverseWord32)
                  000193d8    00000016                         : sha256.oem4f (.text:ByteReverseWord32)
                  000193ee    00000016     driverlib.lib : emac.obj (.text:EMACReset)
                  00019404    00000016                   : emac.obj (.text:EMACRxEnable)
                  0001941a    00000016                   : emac.obj (.text:EMACTxEnable)
                  00019430    00000016     stk.aem4f : file.oem4f (.text:fdint_freefdt)
                  00019446    00000016     benchmarkTest_pem4f.oem4f (.text:ti_sysbios_BIOS_exitFunc__I)
                  0001945c    00000016     ti.targets.arm.rtsarm.aem4f : System.oem4f (.text:xdc_runtime_System_vsprintf__E)
                  00019472    00000014     stk.aem4f : bind.oem4f (.text:BindIPHost2IF)
                  00019486    00000002     --HOLE-- [fill = 0]
                  00019488    00000014     netctrl_min_ipv4.aem4f : netctrl.oem4f (.text:NC_NetStop)
                  0001949c    00000014     os.aem4f : task.oem4f (.text:NDK_hookExit)
                  000194b0    00000014     stk.aem4f : nimu.oem4f (.text:NIMUSendPacket)
                  000194c4    00000014     nettool_ipv4.aem4f : ipaddr.oem4f (.text:NtRemoveNetwork)
                  000194d8    00000014     stk.aem4f : rawethsock_pcb.oem4f (.text:RawEthSockPcbInit)
                  000194ec    00000014               : timer.oem4f (.text:TimerFree)
                  00019500    00000014     rtsv7M4_T_le_v4SPD16_eabi.lib : _lock.obj (.text)
                  00019514    00000014                                   : strlen.obj (.text)
                  00019528    00000014     benchmarkTest_pem4f.oem4f (.text:ti_sysbios_family_arm_m3_Hwi_Object__get__S)
                  0001953c    00000014     sysbios.aem4f : BIOS.obj (.text:ti_sysbios_family_arm_m3_Hwi_disableFxn__E)
                  00019550    00000014                   : BIOS.obj (.text:ti_sysbios_family_arm_m3_Hwi_switchFromBootStack__E)
                  00019564    00000014                   : BIOS.obj (.text:ti_sysbios_gates_GateHwi_enter__E)
                  00019578    00000014     benchmarkTest_pem4f.oem4f (.text:ti_sysbios_heaps_HeapMem_Object__get__S)
                  0001958c    00000014     benchmarkTest_pem4f.oem4f (.text:ti_sysbios_knl_Swi_Object__get__S)
                  000195a0    00000014     benchmarkTest_pem4f.oem4f (.text:ti_sysbios_knl_Task_Object__first__S)
                  000195b4    00000014     benchmarkTest_pem4f.oem4f (.text:ti_sysbios_knl_Task_Object__next__S)
                  000195c8    00000012     ti.net.wolfssl.aem4f : md5.oem4f (.text:AddLength)
                  000195da    00000012                         : sha.oem4f (.text:AddLength)
                  000195ec    00000012                         : sha256.oem4f (.text:AddLength)
                  000195fe    00000012     stk.aem4f : sockprot.oem4f (.text:SockPrAttach)
                  00019610    00000012               : sockint.oem4f (.text:SockSetOOBData)
                  00019622    00000012     rtsv7M4_T_le_v4SPD16_eabi.lib : copy_zero_init.obj (.text:decompress:ZI)
                  00019634    00000012     ti.net.wolfssl.aem4f : tfm.oem4f (.text:mp_init)
                  00019646    00000012     sysbios.aem4f : BIOS.obj (.text:ti_sysbios_hal_Hwi_Module_startup__E)
                  00019658    00000012                   : BIOS.obj (.text:ti_sysbios_hal_Timer_Module_startup__E)
                  0001966a    00000012     benchmarkTest_pem4f.oem4f (.text:xdc_runtime_Startup_exec__I)
                  0001967c    00000010     benchmarkTest_pem4f.oem4f (.text:.bootCodeSection:ti_catalog_arm_cortexm4_tiva_ce_Boot_init__I)
                  0001968c    00000010     stk.aem4f : bind.oem4f (.text:BindIF2IPHost)
                  0001969c    00000010               : bind.oem4f (.text:BindIFNet2IPHost)
                  000196ac    00000010     driverlib.lib : emac.obj (.text:EMACFrameFilterSet)
                  000196bc    00000010     stk.aem4f : exec.oem4f (.text:ExecHRef)
                  000196cc    00000010     netctrl_min_ipv4.aem4f : netctrl.oem4f (.text:NC_IPUpdate)
                  000196dc    00000010     stk.aem4f : nimu.oem4f (.text:NIMUGetRsvdSizeInfo)
                  000196ec    00000010     rtsv7M4_T_le_v4SPD16_eabi.lib : strcpy.obj (.text)
                  000196fc    00000010     sysbios.aem4f : BIOS.obj (.text:ti_sysbios_BIOS_exit__E)
                  0001970c    00000010                   : BIOS.obj (.text:ti_sysbios_BIOS_getCpuFreq__E)
                  0001971c    00000010                   : BIOS.obj (.text:ti_sysbios_BIOS_setThreadType__E)
                  0001972c    00000010                   : BIOS.obj (.text:ti_sysbios_BIOS_start__E)
                  0001973c    00000010                   : BIOS.obj (.text:ti_sysbios_family_arm_lm4_TimestampProvider_rolloverFunc__E)
                  0001974c    00000010                   : m3_TaskSupport_asm.obj (.text:ti_sysbios_family_arm_m3_TaskSupport_glue)
                  0001975c    00000010                   : BIOS.obj (.text:ti_sysbios_gates_GateMutex_Instance_finalize__E)
                  0001976c    00000010     benchmarkTest_pem4f.oem4f (.text:ti_sysbios_hal_Hwi_HwiProxy_Object__create__S)
                  0001977c    00000010     benchmarkTest_pem4f.oem4f (.text:ti_sysbios_hal_Timer_TimerProxy_Object__create__S)
                  0001978c    00000010     sysbios.aem4f : BIOS.obj (.text:ti_sysbios_knl_Semaphore_Instance_finalize__E)
                  0001979c    00000010                   : BIOS.obj (.text:ti_sysbios_knl_Swi_disable__E)
                  000197ac    00000010     benchmarkTest_pem4f.oem4f (.text:ti_sysbios_knl_Task_Object__get__S)
                  000197bc    00000010     sysbios.aem4f : BIOS.obj (.text:ti_sysbios_knl_Task_disable__E)
                  000197cc    00000010     ti.targets.arm.rtsarm.aem4f : Gate.oem4f (.text:xdc_runtime_Gate_leaveSystem__E)
                  000197dc    00000010                                 : Memory.oem4f (.text:xdc_runtime_Memory_free__E)
                  000197ec    00000010                                 : SysMin.oem4f (.text:xdc_runtime_SysMin_ready__E)
                  000197fc    00000010                                 : System.oem4f (.text:xdc_runtime_System_vsnprintf__E)
                  0001980c    00000010     benchmarkTest_pem4f.oem4f (.text:xdc_runtime_Text_visitRope__I)
                  0001981c    0000000e     emac_tivaware.aem4f : EMACSnow.oem4f (.text:EMACSnow_emacioctl)
                  0001982a    0000000e     stk.aem4f : exec.oem4f (.text:ExecLowResource)
                  00019838    0000000e     rtsv7M4_T_le_v4SPD16_eabi.lib : copy_decompress_none.obj (.text:decompress:none)
                  00019846    0000000e     sysbios.aem4f : BIOS.obj (.text:ti_sysbios_knl_Queue_empty__E)
                  00019854    0000000c     stk.aem4f : bind.oem4f (.text:BindGetFirst)
                  00019860    0000000c     nettool_ipv4.aem4f : config.oem4f (.text:CfgSetDefault)
                  0001986c    0000000c     os.aem4f : task.oem4f (.text:NDK_hookInit)
                  00019878    0000000c     stk.aem4f : nimu.oem4f (.text:NIMUSetRsvdSizeInfo)
                  00019884    0000000c     os.aem4f : task.oem4f (.text:NotifyLowResource)
                  00019890    0000000c     stk.aem4f : pbm.oem4f (.text:PBM_close)
                  0001989c    0000000c     os.aem4f : semaphore.oem4f (.text:SemDelete)
                  000198a8    0000000c     hal_timer_bios.aem4f : lltimer.oem4f (.text:_llTimerShutdown)
                  000198b4    0000000c                          : lltimer.oem4f (.text:llTimerGetStartTime)
                  000198c0    0000000c     sysbios.aem4f : BIOS.obj (.text:ti_sysbios_family_arm_lm4_Timer_getMaxTicks__E)
                  000198cc    0000000c                   : BIOS.obj (.text:ti_sysbios_family_arm_lm4_TimestampProvider_startTimer__E)
                  000198d8    0000000c     benchmarkTest_pem4f.oem4f (.text:ti_sysbios_family_arm_m3_Hwi_Params__init__S)
                  000198e4    0000000c     sysbios.aem4f : BIOS.obj (.text:ti_sysbios_family_arm_m3_TaskSupport_checkStack__E)
                  000198f0    0000000c                   : BIOS.obj (.text:ti_sysbios_family_arm_m3_TaskSupport_getStackAlignment__E)
                  000198fc    0000000c     benchmarkTest_pem4f.oem4f (.text:ti_sysbios_hal_Timer_Params__init__S)
                  00019908    0000000c     benchmarkTest_pem4f.oem4f (.text:ti_sysbios_knl_Clock_Params__init__S)
                  00019914    0000000c     benchmarkTest_pem4f.oem4f (.text:ti_sysbios_knl_Queue_Object__get__S)
                  00019920    0000000c     benchmarkTest_pem4f.oem4f (.text:ti_sysbios_knl_Semaphore_Params__init__S)
                  0001992c    0000000c     benchmarkTest_pem4f.oem4f (.text:ti_sysbios_knl_Task_Params__init__S)
                  00019938    0000000c     sysbios.aem4f : BIOS.obj (.text:ti_sysbios_knl_Task_self__E)
[...]
00019aa9   OEMSysCritOff
00019aa9   ti_sysbios_family_arm_m3_Hwi_restoreFxn__E
00019aa9   ti_sysbios_hal_Hwi_HwiProxy_restore__E
00019aa9   ti_sysbios_hal_Hwi_restore__E
00019aaf   ti_sysbios_gates_GateHwi_leave__E
00019ab5   ti_sysbios_heaps_HeapMem_isBlocking__E
00019abb   ti_sysbios_knl_Queue_Instance_init__E
00019ac1   xdc_runtime_System_Module_startup__E
00019ac7   BindGetIF
00019acb   BindGetNext
00019acf   FreeRsaKey
00019ad3   NDK_vsprintf
00019ad7   NodeSetRt
00019adb   RawEthSockPrAttach
00019adf   RawEthSockPrDetach
00019ae3   SemPend
00019ae7   SemPost
00019aeb   SemReset
00019aef   TaskSelf
00019af3   TaskSetPri
00019af7   _llSerialInit
00019afb   fp_mul
00019aff   fp_sqr
00019b03   list_get_head
00019b07   list_get_next
00019b13   ti_sysbios_BIOS_RtsGateProxy_enter__E
00019b17   ti_sysbios_BIOS_RtsGateProxy_leave__E
00019b1b   ti_sysbios_family_arm_lm4_Timer_getPeriod__E
00019b1f   ti_sysbios_family_arm_lm4_Timer_masterEnable__I
00019b23   ti_sysbios_family_arm_m3_Hwi_delete
00019b27   ti_sysbios_family_arm_m3_TaskSupport_Module__startupDone__S
00019b2b   ti_sysbios_gates_GateHwi_query__E
00019b2b   xdc_runtime_Main_Module_GateProxy_query__E
00019b2b   xdc_runtime_System_Module_GateProxy_query__E
00019b2f   ti_sysbios_BIOS_RtsGateProxy_query__E
00019b2f   ti_sysbios_gates_GateMutex_query__E
00019b2f   ti_sysbios_heaps_HeapMem_Module_GateProxy_query__E
00019b33   ti_sysbios_hal_Hwi_HwiProxy_Module__startupDone__S
00019b37   ti_sysbios_hal_Hwi_HwiProxy_Object__delete__S
00019b3b   ti_sysbios_hal_Hwi_HwiProxy_delete
00019b3f   ti_sysbios_hal_Hwi_delete
00019b43   ti_sysbios_hal_Timer_TimerProxy_Module__startupDone__S
00019b47   ti_sysbios_hal_Timer_TimerProxy_Object__delete__S
00019b4b   ti_sysbios_hal_Timer_TimerProxy_delete
00019b4f   ti_sysbios_heaps_HeapMem_Module_GateProxy_enter__E
00019b53   ti_sysbios_heaps_HeapMem_Module_GateProxy_leave__E
00019b57   ti_sysbios_knl_Clock_TimerProxy_Module__startupDone__S
00019b5b   ti_sysbios_knl_Clock_TimerProxy_getCurrentTick__E
00019b5f   ti_sysbios_knl_Clock_TimerProxy_getMaxTicks__E
00019b63   ti_sysbios_knl_Clock_TimerProxy_getPeriod__E
00019b67   ti_sysbios_knl_Clock_TimerProxy_setNextTick__E
00019b6b   ti_sysbios_knl_Queue_destruct
00019b6f   ti_sysbios_knl_Semaphore_destruct
00019b73   ti_sysbios_knl_Swi_delete
00019b77   ti_sysbios_knl_Task_SupportProxy_Module__startupDone__S
00019b7b   ti_sysbios_knl_Task_delete
00019b7f   ti_sysbios_knl_Task_startup__E
00019b83   xdc_runtime_Error_getMsg__E
00019b87   xdc_runtime_Error_getSite__E
00019b8b   xdc_runtime_Memory_HeapProxy_alloc__E
00019b8f   xdc_runtime_Memory_HeapProxy_free__E
00019b93   xdc_runtime_System_Module_GateProxy_enter__E
00019b97   xdc_runtime_System_Module_GateProxy_leave__E
00019b9b   xdc_runtime_System_aprintf_va__F
00019b9f   xdc_runtime_System_flush__E
00019ba3   xdc_runtime_System_printf_va__F
00019ba8   xdc_runtime_Text_charTab__A
0001b2ed   ti_sysbios_knl_Clock_tickMode__C
0001b2ee   ti_catalog_arm_cortexm4_tiva_ce_Boot_Module__id__C
0001e2f0   sizeof_client_key_der_2048
0001e2f4   sizeof_client_cert_der_2048
0001e2f8   sizeof_dh_key_der_2048
0001e2fc   sizeof_dsa_key_der_2048
0001e300   sizeof_rsa_key_der_2048
0001e304   sizeof_ca_cert_der_2048
0001e308   sizeof_server_key_der_2048
0001e30c   sizeof_server_cert_der_2048
0001e35d   rsa_key_der_2048
0001e924   _ctypes_
0001ea25   ti_sysbios_knl_Clock_tickSource__C
0001ea26   ti_sysbios_family_arm_lm4_Timer_Module__id__C
0001eb28   xdc_runtime_Text_nodeTab__A
0001ed40   Code2Err
0001edd1   xdc_runtime_Error_policy__C
0001edd2   ti_sysbios_family_arm_lm4_TimestampProvider_useClockTimer__C
0001edd4   ti_sysbios_family_arm_lm4_Timer_Object__PARAMS__C
0001ee10   ti_sysbios_knl_Task_Object__PARAMS__C
0001ee84   emacHWAttrs
0001ee90   EMAC_config
0001eea8   GPIO_config
0001ef1c   gpioHWAttrs
0001ef4c   ti_sysbios_family_arm_m3_Hwi_Object__PARAMS__C
0001ef7c   ti_sysbios_hal_Timer_Object__PARAMS__C
0001efac   ti_sysbios_hal_Hwi_Object__PARAMS__C
0001f000   ti_sysbios_heaps_HeapMem_Module__FXNS__C
0001f028   ti_sysbios_knl_Swi_Object__PARAMS__C
0001f050   xdc_runtime_Startup_sfxnTab__A
0001f078   ti_sysbios_gates_GateHwi_Module__FXNS__C
0001f09c   ti_sysbios_gates_GateMutex_Module__FXNS__C
0001f0c0   ti_sysbios_heaps_HeapMem_Object__PARAMS__C
0001f0e4   ti_sysbios_knl_Clock_Object__PARAMS__C
0001f108   ti_sysbios_knl_Semaphore_Object__PARAMS__C
0001f14c   ti_sysbios_family_arm_lm4_Timer_Object__DESC__C
0001f16c   ti_sysbios_family_arm_m3_Hwi_Object__DESC__C
0001f18c   ti_sysbios_gates_GateHwi_Object__DESC__C
0001f1ac   ti_sysbios_gates_GateMutex_Object__DESC__C
0001f1cc   ti_sysbios_hal_Hwi_Object__DESC__C
0001f1ec   ti_sysbios_hal_Timer_Object__DESC__C
0001f20c   ti_sysbios_heaps_HeapMem_Object__DESC__C
0001f22c   ti_sysbios_knl_Clock_Object__DESC__C
0001f24c   ti_sysbios_knl_Queue_Object__DESC__C
0001f26c   ti_sysbios_knl_Semaphore_Object__DESC__C
0001f28c   ti_sysbios_knl_Swi_Object__DESC__C
0001f2ac   ti_sysbios_knl_Task_Object__DESC__C
0001f2cc   ti_ndk_config_Global_rawPageSize
0001f2d0   ti_ndk_config_Global_rawPageCount
0001f2d4   ti_ndk_config_Global_smallest
0001f2d8   ti_ndk_config_Global_largest
0001f2dc   ti_ndk_config_Global_numFrameBuf
0001f2e0   ti_ndk_config_Global_sizeFrameBuf
0001f2fc   ti_sysbios_gates_GateHwi_Object__PARAMS__C
0001f314   ti_sysbios_gates_GateMutex_Object__PARAMS__C
0001f32c   ti_sysbios_knl_Queue_Object__PARAMS__C
0001f344   ti_sysbios_knl_Task_hooks__A
0001f35c   xdc_runtime_Startup_firstFxns__A
0001f370   xdc_runtime_Startup_sfxnRts__A
0001f3a6   ti_sysbios_family_arm_m3_Hwi_Module__id__C
0001f3b0   EMACSnow_fxnTable
0001f3b8   ti_sysbios_family_arm_m3_Hwi_excHookFuncs__A
0001f3c0   ti_sysbios_knl_Idle_funcList__A
0001f3c8   ti_sysbios_knl_Idle_funcList__C
0001f3d0   ti_sysbios_knl_Task_hooks__C
0001f3d8   xdc_runtime_Startup_firstFxns__C
0001f3e0   xdc_runtime_Startup_lastFxns__C
0001f3e8   ti_catalog_arm_cortexm4_tiva_ce_Boot_A_mustNotUseEnhancedClockMode__C
0001f3ec   ti_catalog_arm_cortexm4_tiva_ce_Boot_Module__diagsEnabled__C
0001f3f0   ti_catalog_arm_cortexm4_tiva_ce_Boot_Module__diagsIncluded__C
0001f3f4   ti_catalog_arm_cortexm4_tiva_ce_Boot_Module__diagsMask__C
0001f3f8   ti_sysbios_family_arm_lm4_Timer_E_invalidTimer__C
0001f3fc   ti_sysbios_family_arm_lm4_Timer_E_notAvailable__C
0001f400   ti_sysbios_family_arm_lm4_Timer_anyMask__C
0001f404   ti_sysbios_family_arm_lm4_Timer_disableFunc__C
0001f408   ti_sysbios_family_arm_lm4_Timer_enableFunc__C
0001f40c   ti_sysbios_family_arm_lm4_Timer_numTimerDevices__C
0001f410   ti_sysbios_family_arm_lm4_Timer_startupNeeded__C
0001f414   ti_sysbios_family_arm_m3_Hwi_E_NMI__C
0001f418   ti_sysbios_family_arm_m3_Hwi_E_alreadyDefined__C
0001f41c   ti_sysbios_family_arm_m3_Hwi_E_busFault__C
0001f420   ti_sysbios_family_arm_m3_Hwi_E_debugMon__C
0001f424   ti_sysbios_family_arm_m3_Hwi_E_hardFault__C
0001f428   ti_sysbios_family_arm_m3_Hwi_E_hwiLimitExceeded__C
0001f42c   ti_sysbios_family_arm_m3_Hwi_E_memFault__C
0001f430   ti_sysbios_family_arm_m3_Hwi_E_noIsr__C
0001f434   ti_sysbios_family_arm_m3_Hwi_E_reserved__C
0001f438   ti_sysbios_family_arm_m3_Hwi_E_svCall__C
0001f43c   ti_sysbios_family_arm_m3_Hwi_E_usageFault__C
0001f440   ti_sysbios_family_arm_m3_Hwi_LD_end__C
0001f444   ti_sysbios_family_arm_m3_Hwi_LM_begin__C
0001f448   ti_sysbios_family_arm_m3_Hwi_Module__diagsEnabled__C
0001f44c   ti_sysbios_family_arm_m3_Hwi_Module__diagsIncluded__C
0001f450   ti_sysbios_family_arm_m3_Hwi_Module__diagsMask__C
0001f454   ti_sysbios_family_arm_m3_Hwi_Module__loggerFxn1__C
0001f458   ti_sysbios_family_arm_m3_Hwi_Module__loggerFxn8__C
0001f45c   ti_sysbios_family_arm_m3_Hwi_Module__loggerObj__C
0001f460   ti_sysbios_family_arm_m3_Hwi_NUM_INTERRUPTS__C
0001f464   ti_sysbios_family_arm_m3_Hwi_Object__count__C
0001f468   ti_sysbios_family_arm_m3_Hwi_ccr__C
0001f46c   ti_sysbios_family_arm_m3_Hwi_disablePriority__C
0001f470   ti_sysbios_family_arm_m3_Hwi_excHandlerFunc__C
0001f474   ti_sysbios_family_arm_m3_Hwi_excHookFuncs__C
0001f478   ti_sysbios_family_arm_m3_Hwi_nullIsrFunc__C
0001f47c   ti_sysbios_family_arm_m3_Hwi_numSparseInterrupts__C
0001f480   ti_sysbios_family_arm_m3_Hwi_priGroup__C
0001f484   ti_sysbios_family_arm_m3_TaskSupport_stackAlignment__C
0001f488   ti_sysbios_gates_GateMutex_A_badContext__C
0001f48c   ti_sysbios_gates_GateMutex_Instance_State_sem__O
0001f490   ti_sysbios_gates_GateMutex_Module__diagsEnabled__C
0001f494   ti_sysbios_gates_GateMutex_Module__diagsIncluded__C
0001f498   ti_sysbios_gates_GateMutex_Module__diagsMask__C
0001f49c   ti_sysbios_hal_Hwi_E_stackOverflow__C
0001f4a0   ti_sysbios_heaps_HeapMem_A_align__C
0001f4a4   ti_sysbios_heaps_HeapMem_A_heapSize__C
0001f4a8   ti_sysbios_heaps_HeapMem_A_invalidFree__C
0001f4ac   ti_sysbios_heaps_HeapMem_A_zeroBlock__C
0001f4b0   ti_sysbios_heaps_HeapMem_E_memory__C
0001f4b4   ti_sysbios_heaps_HeapMem_Module__diagsEnabled__C
0001f4b8   ti_sysbios_heaps_HeapMem_Module__diagsIncluded__C
0001f4bc   ti_sysbios_heaps_HeapMem_Module__diagsMask__C
0001f4c0   ti_sysbios_heaps_HeapMem_Module__gateObj__C
0001f4c4   ti_sysbios_heaps_HeapMem_Object__count__C
0001f4c8   ti_sysbios_heaps_HeapMem_reqAlign__C
0001f4cc   ti_sysbios_knl_Clock_A_badThreadType__C
0001f4d0   ti_sysbios_knl_Clock_LM_begin__C
0001f4d4   ti_sysbios_knl_Clock_LM_tick__C
0001f4d8   ti_sysbios_knl_Clock_LW_delayed__C
0001f4dc   ti_sysbios_knl_Clock_Module_State_clockQ__O
0001f4e0   ti_sysbios_knl_Clock_Module__diagsEnabled__C
0001f4e4   ti_sysbios_knl_Clock_Module__diagsIncluded__C
0001f4e8   ti_sysbios_knl_Clock_Module__diagsMask__C
0001f4ec   ti_sysbios_knl_Clock_Module__loggerFxn1__C
0001f4f0   ti_sysbios_knl_Clock_Module__loggerFxn2__C
0001f4f4   ti_sysbios_knl_Clock_Module__loggerObj__C
0001f4f8   ti_sysbios_knl_Semaphore_A_badContext__C
0001f4fc   ti_sysbios_knl_Semaphore_A_noEvents__C
0001f500   ti_sysbios_knl_Semaphore_A_overflow__C
0001f504   ti_sysbios_knl_Semaphore_A_pendTaskDisabled__C
0001f508   ti_sysbios_knl_Semaphore_Instance_State_pendQ__O
0001f50c   ti_sysbios_knl_Semaphore_LM_pend__C
0001f510   ti_sysbios_knl_Semaphore_LM_post__C
0001f514   ti_sysbios_knl_Semaphore_Module__diagsEnabled__C
0001f518   ti_sysbios_knl_Semaphore_Module__diagsIncluded__C
0001f51c   ti_sysbios_knl_Semaphore_Module__diagsMask__C
0001f520   ti_sysbios_knl_Semaphore_Module__loggerFxn2__C
0001f524   ti_sysbios_knl_Semaphore_Module__loggerFxn4__C
0001f528   ti_sysbios_knl_Semaphore_Module__loggerObj__C
0001f52c   ti_sysbios_knl_Swi_A_badPriority__C
0001f530   ti_sysbios_knl_Swi_LD_end__C
0001f534   ti_sysbios_knl_Swi_LM_begin__C
0001f538   ti_sysbios_knl_Swi_LM_post__C
0001f53c   ti_sysbios_knl_Swi_Module__diagsEnabled__C
0001f540   ti_sysbios_knl_Swi_Module__diagsIncluded__C
0001f544   ti_sysbios_knl_Swi_Module__diagsMask__C
0001f548   ti_sysbios_knl_Swi_Module__loggerFxn1__C
0001f54c   ti_sysbios_knl_Swi_Module__loggerFxn4__C
0001f550   ti_sysbios_knl_Swi_Module__loggerObj__C
0001f554   ti_sysbios_knl_Swi_Object__count__C
0001f558   ti_sysbios_knl_Swi_numPriorities__C
0001f55c   ti_sysbios_knl_Task_A_badPriority__C
0001f560   ti_sysbios_knl_Task_A_badTaskState__C
0001f564   ti_sysbios_knl_Task_A_badThreadType__C
0001f568   ti_sysbios_knl_Task_A_badTimeout__C
0001f56c   ti_sysbios_knl_Task_A_noPendElem__C
0001f570   ti_sysbios_knl_Task_A_sleepTaskDisabled__C
0001f574   ti_sysbios_knl_Task_E_deleteNotAllowed__C
0001f578   ti_sysbios_knl_Task_E_spOutOfBounds__C
0001f57c   ti_sysbios_knl_Task_E_stackOverflow__C
0001f580   ti_sysbios_knl_Task_LD_block__C
0001f584   ti_sysbios_knl_Task_LD_exit__C
0001f588   ti_sysbios_knl_Task_LD_ready__C
0001f58c   ti_sysbios_knl_Task_LM_setPri__C
0001f590   ti_sysbios_knl_Task_LM_sleep__C
0001f594   ti_sysbios_knl_Task_LM_switch__C
0001f598   ti_sysbios_knl_Task_Module_State_inactiveQ__O
0001f59c   ti_sysbios_knl_Task_Module_State_terminatedQ__O
0001f5a0   ti_sysbios_knl_Task_Module__diagsEnabled__C
0001f5a4   ti_sysbios_knl_Task_Module__diagsIncluded__C
0001f5a8   ti_sysbios_knl_Task_Module__diagsMask__C
0001f5ac   ti_sysbios_knl_Task_Module__loggerFxn2__C
0001f5b0   ti_sysbios_knl_Task_Module__loggerFxn4__C
0001f5b4   ti_sysbios_knl_Task_Module__loggerObj__C
0001f5b8   ti_sysbios_knl_Task_Object__count__C
0001f5bc   ti_sysbios_knl_Task_Object__heap__C
0001f5c0   ti_sysbios_knl_Task_allBlockedFunc__C
0001f5c4   ti_sysbios_knl_Task_defaultStackHeap__C
0001f5c8   ti_sysbios_knl_Task_defaultStackSize__C
0001f5cc   ti_sysbios_knl_Task_numConstructedTasks__C
0001f5d0   ti_sysbios_knl_Task_numPriorities__C
0001f5d4   xdc_runtime_Assert_E_assertFailed__C
0001f5d8   xdc_runtime_Core_A_initializedParams__C
0001f5dc   xdc_runtime_Core_Module__diagsEnabled__C
0001f5e0   xdc_runtime_Core_Module__diagsIncluded__C
0001f5e4   xdc_runtime_Core_Module__diagsMask__C
0001f5e8   xdc_runtime_Error_E_memory__C
0001f5ec   xdc_runtime_Error_Module__diagsEnabled__C
0001f5f0   xdc_runtime_Error_Module__diagsIncluded__C
0001f5f4   xdc_runtime_Error_Module__diagsMask__C
0001f5f8   xdc_runtime_Error_Module__loggerFxn8__C
0001f5fc   xdc_runtime_Error_Module__loggerObj__C
0001f600   xdc_runtime_Error_policyFxn__C
0001f604   xdc_runtime_Error_raiseHook__C
0001f608   xdc_runtime_IGateProvider_Interface__BASE__C
0001f60c   xdc_runtime_IHeap_Interface__BASE__C
0001f610   xdc_runtime_IModule_Interface__BASE__C
0001f614   xdc_runtime_Log_L_error__C
0001f618   xdc_runtime_Memory_defaultHeapInstance__C
0001f61c   xdc_runtime_Startup_execImpl__C
0001f620   xdc_runtime_Startup_lastFxns__A
0001f624   xdc_runtime_Startup_maxPasses__C
0001f628   xdc_runtime_Startup_sfxnRts__C
0001f62c   xdc_runtime_Startup_sfxnTab__C
0001f630   xdc_runtime_SysMin_bufSize__C
0001f634   xdc_runtime_SysMin_outputFunc__C
0001f638   xdc_runtime_System_Module__gateObj__C
0001f63c   xdc_runtime_System_abortFxn__C
0001f640   xdc_runtime_System_exitFxn__C
0001f644   xdc_runtime_System_extendFxn__C
0001f648   xdc_runtime_System_maxAtexitHandlers__C
0001f64c   xdc_runtime_Text_charTab__C
0001f650   xdc_runtime_Text_nameEmpty__C
0001f654   xdc_runtime_Text_nameStatic__C
0001f658   xdc_runtime_Text_nameUnknown__C
0001f65c   xdc_runtime_Text_nodeTab__C
0001f660   xdc_runtime_Text_visitRopeFxn__C
0001f664   ti_sysbios_family_arm_m3_Hwi_Module__loggerDefined__C
0001f666   ti_sysbios_gates_GateMutex_Module__id__C
0001f668   ti_sysbios_hal_Hwi_Module__id__C
0001f66a   ti_sysbios_heaps_HeapMem_Module__id__C
0001f66c   ti_sysbios_knl_Clock_Module__id__C
0001f66e   ti_sysbios_knl_Clock_Module__loggerDefined__C
0001f670   ti_sysbios_knl_Semaphore_Module__id__C
0001f672   ti_sysbios_knl_Semaphore_Module__loggerDefined__C
0001f674   ti_sysbios_knl_Swi_Module__id__C
0001f676   ti_sysbios_knl_Swi_Module__loggerDefined__C
0001f678   ti_sysbios_knl_Task_Module__id__C
0001f67a   ti_sysbios_knl_Task_Module__loggerDefined__C
0001f67c   ti_sysbios_knl_Task_checkStackFlag__C
0001f67e   ti_sysbios_knl_Task_deleteTerminatedTasks__C
0001f680   ti_sysbios_knl_Task_initStackFlag__C
0001f682   xdc_runtime_Core_Module__id__C
0001f684   xdc_runtime_Error_Module__loggerDefined__C
0001f686   xdc_runtime_Error_maxDepth__C
0001f688   xdc_runtime_Memory_Module__id__C
0001f68a   xdc_runtime_SysMin_flushAtExit__C
0001f68c   xdc_runtime_Text_charCnt__C
0001f68e   xdc_runtime_Text_isLoaded__C
0001f690   xdc_runtime_Text_registryModsLastId__C
0001f692   xdc_runtime_Text_unnamedModsLastId__C
000200e4   __TI_Handler_Table_Base
000200f0   __TI_Handler_Table_Limit
00020100   __TI_CINIT_Base
00020118   __TI_CINIT_Limit
20000000   ti_sysbios_family_arm_m3_Hwi_ramVectors
20000380   ti_sysbios_heaps_HeapMem_Instance_State_0_buf__A
20018a20   ti_ndk_config_Global_pit
20018ac8   ti_ndk_config_Global_pitBuffer
2001d2c8   vlan_mcb
2001d2f0   raws
2001d300   ti_ndk_config_Global_pBufMem
20020f00   ti_ndk_config_Global_pHdrMem
20021b00   ti_sysbios_knl_Task_Instance_State_0_stack__A
20022100   ti_sysbios_knl_Task_Instance_State_1_stack__A
20022400   ti_sysbios_family_arm_m3_Hwi_dispatchTable
20022760   __CIOBUF_
20022980   tcps
20022c0c   xdc_runtime_SysMin_Module_State_0_outbuf__A
20022c8c   BlockMax
20022ca8   BlockCount
20022cc4   PageMax
20022ce0   PageCount
20022cfc   ips
20022d64   nimu_mcb
20022dc4   _ICMPIn
20022e10   _ICMPOut
20022ed0   _IGMPInDiscard
20022ed4   _IGMPInQuery
20022ed8   _IGMPInQueryGroup
20022edc   _IGMPInResponse
20022ee0   _IGMPOutResponse
20022ee4   udps
20022f08   stkEvent
20022f54   raweths
20022f64   PBMQ_free
20022f70   tpseudo
20022f7c   upseudo
20022f90   emacObjects
20022fa4   raweth_pcb
20022fac   g_ulStatus
20022fb0   ti_sysbios_knl_Task_Instance_State_0_hookEnv__A
20022fb4   ti_sysbios_knl_Task_Instance_State_1_hookEnv__A
20023000   NIMUDeviceTable
20023402   macAddress
20023c00   __aeabi_stdin
20023c04   __aeabi_stdout
20023c08   __aeabi_stderr
20023c0c   __TI_ft_end
20023c10   __TI_tmpnams
20023cb0   _ftable
20023da0   ti_ndk_config_Global_Id2Size
20023dbc   ti_ndk_config_Global_HostName
20023e00   ti_sysbios_family_arm_lm4_Timer_Module__root__V
20023e08   ti_sysbios_family_arm_lm4_Timer_Module_State_0_handles__A
20023e28   ti_sysbios_family_arm_lm4_Timer_Module__state__V
20023e34   ti_sysbios_family_arm_lm4_TimestampProvider_Module__state__V
20023e3c   ti_sysbios_family_arm_m3_Hwi_Module__root__V
20023e44   ti_sysbios_family_arm_m3_Hwi_Module_State_0_excActive__A
20023e48   ti_sysbios_family_arm_m3_Hwi_Module_State_0_excContext__A
20023e4c   ti_sysbios_family_arm_m3_Hwi_Module_State_0_excStack__A
20023e50   ti_sysbios_gates_GateHwi_Module__root__V
20023e58   ti_sysbios_gates_GateHwi_Object__table__V
20023e5c   ti_sysbios_gates_GateMutex_Module__root__V
20023e64   ti_sysbios_hal_Hwi_Module__root__V
20023e6c   ti_sysbios_hal_Timer_Module__root__V
20023e74   ti_sysbios_heaps_HeapMem_Module__root__V
20023e7c   ti_sysbios_heaps_HeapMem_Object__table__V
20023e94   ti_sysbios_knl_Clock_Module__root__V
20023e9c   ti_sysbios_knl_Queue_Module__root__V
20023ea4   ti_sysbios_knl_Semaphore_Module__root__V
20023eac   ti_sysbios_knl_Swi_Module__root__V
20023eb4   ti_sysbios_knl_Swi_Module__state__V
20023ed0   ti_sysbios_knl_Task_Module__root__V
20023ed8   ti_sysbios_knl_Task_Module_State_0_idleTask__A
20023edc   xdc_runtime_Error_Module__state__V
20023ee0   xdc_runtime_Memory_Module__state__V
20023ee4   xdc_runtime_Registry_Module__state__V
20023eec   xdc_runtime_Startup_Module__state__V
20023ef4   xdc_runtime_SysMin_Module__state__V
20023f00   xdc_runtime_System_Module_State_0_atexitHandlers__A
20023f20   xdc_runtime_System_Module__state__V
20023f28   xdc_runtime_Text_Module__state__V
20023f30   __xdc__init__addr
20024004   _ipcfg
200240b8   ti_sysbios_knl_Task_Object__table__V
20024104   TSK_idle
20024150   ti_sysbios_family_arm_lm4_Timer_Object__table__V
200241d0   ti_sysbios_knl_Swi_Module_State_0_readyQ__A
20024250   ti_sysbios_knl_Task_Module_State_0_readyQ__A
20024320   ti_sysbios_knl_Task_Module__state__V
200243e4   ti_sysbios_family_arm_lm4_Timer_Module_State_0_device__A
20024424   ti_sysbios_gates_GateMutex_Object__table__V
20024490   ti_sysbios_family_arm_m3_Hwi_Module__state__V
200244c4   enablePrefetch
200244c8   phyCounter
20024528   ti_sysbios_family_arm_m3_Hwi_Object__table__V
20024558   ti_sysbios_knl_Swi_Object__table__V
20024588   ti_sysbios_knl_Clock_Module__state__V
200245b4   pstrMsgName
200245dc   _oscfg
20024600   PITCount
20024604   PITUsed
20024608   PITHigh
20024624   ti_sysbios_BIOS_Module__state__V
200246c0   _IGMPForceVersion1
200246e8   _lock
200246ec   _unlock
200246f0   __TI_cleanup_ptr
200246f4   __TI_dtors_ptr
20024700   _ICMPInErrors
20024704   _ICMPOutErrors
20024708   _IPExecuting
20024720   tcp_iss
20024724   ptTimeFirst
20024744   main_func_sp
2002474c   _IPReasmPtr
2002475c   __stack
2002495c   __STACK_TOP
20024b5c   __STACK_END
40000400   ti_sysbios_family_arm_ducati_CTM_ctm
e000e000   ti_sysbios_family_arm_m3_Hwi_nvic
ffffffff   __binit__
ffffffff   __c_args__
ffffffff   binit
UNDEFED    SHT$$INIT_ARRAY$$Base
UNDEFED    SHT$$INIT_ARRAY$$Limit

[1213 symbols]
